#! /usr/bin/vvp
:ivl_version "13.0 (stable)" "(v13_0-dirty)";
:ivl_delay_selection "TYPICAL";
:vpi_time_precision + 0;
:vpi_module "/usr/lib/ivl/system.vpi";
:vpi_module "/usr/lib/ivl/vhdl_sys.vpi";
:vpi_module "/usr/lib/ivl/vhdl_textio.vpi";
:vpi_module "/usr/lib/ivl/v2005_math.vpi";
:vpi_module "/usr/lib/ivl/va_math.vpi";
:vpi_module "/usr/lib/ivl/v2009.vpi";
S_0x5589e479ee30 .scope package, "$unit" "$unit" 2 1;
 .timescale 0 0;
S_0x5589e479f1b0 .scope module, "CU_Testbench" "CU_Testbench" 3 549;
 .timescale 0 0;
v0x5589e47d4ce0_0 .var "clk", 0 0;
v0x5589e47d4d80_0 .var "rst", 0 0;
v0x5589e47d4e70_0 .var "we", 0 0;
S_0x5589e479f530 .scope module, "cu" "CU" 3 552, 3 256 0, S_0x5589e479f1b0;
 .timescale 0 0;
    .port_info 0 /INPUT 1 "clk";
    .port_info 1 /INPUT 1 "rst";
    .port_info 2 /INPUT 1 "we";
L_0x5589e47d5b80 .functor BUFZ 1, v0x5589e47d4ce0_0, C4<0>, C4<0>, C4<0>;
L_0x5589e47d5c40 .functor BUFZ 1, v0x5589e47d4ce0_0, C4<0>, C4<0>, C4<0>;
L_0x5589e47d5d00 .functor BUFZ 1, v0x5589e47d4ce0_0, C4<0>, C4<0>, C4<0>;
L_0x5589e47d5d70 .functor BUFZ 1, v0x5589e47d4ce0_0, C4<0>, C4<0>, C4<0>;
L_0x5589e47d5e60 .functor BUFZ 1, v0x5589e47d4d80_0, C4<0>, C4<0>, C4<0>;
L_0x5589e47d5f20 .functor BUFZ 1, v0x5589e47d4d80_0, C4<0>, C4<0>, C4<0>;
L_0x5589e47d60b0 .functor BUFZ 1, v0x5589e47d4d80_0, C4<0>, C4<0>, C4<0>;
L_0x5589e47d6120 .functor BUFZ 1, v0x5589e47d4d80_0, C4<0>, C4<0>, C4<0>;
L_0x5589e47d6230 .functor BUFZ 1, v0x5589e47d4e70_0, C4<0>, C4<0>, C4<0>;
L_0x5589e47d6340 .functor BUFZ 9, v0x5589e47c8660_0, C4<000000000>, C4<000000000>, C4<000000000>;
L_0x5589e47d64b0 .functor BUFZ 5, v0x5589e47c8720_0, C4<00000>, C4<00000>, C4<00000>;
L_0x5589e47d6570 .functor BUFZ 5, v0x5589e47c8800_0, C4<00000>, C4<00000>, C4<00000>;
L_0x5589e47d66a0 .functor BUFZ 5, v0x5589e47c8930_0, C4<00000>, C4<00000>, C4<00000>;
L_0x5589e47e6b80 .functor BUFZ 64, L_0x5589e47aa200, C4<0000000000000000000000000000000000000000000000000000000000000000>, C4<0000000000000000000000000000000000000000000000000000000000000000>, C4<0000000000000000000000000000000000000000000000000000000000000000>;
L_0x5589e47d6630 .functor BUFZ 64, L_0x5589e47abb20, C4<0000000000000000000000000000000000000000000000000000000000000000>, C4<0000000000000000000000000000000000000000000000000000000000000000>, C4<0000000000000000000000000000000000000000000000000000000000000000>;
L_0x5589e47e6d10 .functor BUFZ 64, L_0x5589e47d5a70, C4<0000000000000000000000000000000000000000000000000000000000000000>, C4<0000000000000000000000000000000000000000000000000000000000000000>, C4<0000000000000000000000000000000000000000000000000000000000000000>;
L_0x5589e47e6c40 .functor BUFZ 16, v0x5589e47cc3e0_0, C4<0000000000000000>, C4<0000000000000000>, C4<0000000000000000>;
v0x5589e47c91e0_1 .array/port v0x5589e47c91e0, 1;
L_0x5589e47e75c0 .functor BUFZ 64, v0x5589e47c91e0_1, C4<0000000000000000000000000000000000000000000000000000000000000000>, C4<0000000000000000000000000000000000000000000000000000000000000000>, C4<0000000000000000000000000000000000000000000000000000000000000000>;
v0x5589e47c91e0_2 .array/port v0x5589e47c91e0, 2;
L_0x5589e47e6dd0 .functor BUFZ 64, v0x5589e47c91e0_2, C4<0000000000000000000000000000000000000000000000000000000000000000>, C4<0000000000000000000000000000000000000000000000000000000000000000>, C4<0000000000000000000000000000000000000000000000000000000000000000>;
v0x5589e47d0e70_0 .var "EX", 0 0;
L_0x7f7b743b70f0 .functor BUFT 1, C4<000001100>, C4<0>, C4<0>, C4<0>;
v0x5589e47d0f50_0 .net/2u *"_ivl_26", 8 0, L_0x7f7b743b70f0;  1 drivers
v0x5589e47d1030_0 .net *"_ivl_28", 0 0, L_0x5589e47e6720;  1 drivers
v0x5589e47d10d0_0 .net *"_ivl_30", 63 0, L_0x5589e47e6810;  1 drivers
L_0x7f7b743b7138 .functor BUFT 1, C4<000000000000000000000000>, C4<0>, C4<0>, C4<0>;
v0x5589e47d11b0_0 .net *"_ivl_33", 23 0, L_0x7f7b743b7138;  1 drivers
v0x5589e47d1290_0 .net *"_ivl_45", 47 0, L_0x5589e47e6eb0;  1 drivers
L_0x7f7b743b7180 .functor BUFT 1, C4<0000000000000000>, C4<0>, C4<0>, C4<0>;
v0x5589e47d1370_0 .net *"_ivl_49", 15 0, L_0x7f7b743b7180;  1 drivers
v0x5589e47d1450_0 .net "alu_DZ", 0 0, v0x5589e47ac9a0_0;  1 drivers
v0x5589e47d14f0_0 .net "alu_OF", 0 0, v0x5589e47aa310_0;  1 drivers
v0x5589e47d1620_0 .net "alu_UF", 0 0, v0x5589e47abc30_0;  1 drivers
v0x5589e47d16c0_0 .net "alu_num0", 63 0, L_0x5589e47e6b80;  1 drivers
v0x5589e47d1760_0 .net "alu_num1", 63 0, L_0x5589e47d6630;  1 drivers
v0x5589e47d1800_0 .net "alu_operation", 8 0, L_0x5589e47d6340;  1 drivers
v0x5589e47d18a0_0 .net "alu_sum", 63 0, v0x5589e47c8020_0;  1 drivers
v0x5589e47d1940_0 .net "clk", 0 0, v0x5589e47d4ce0_0;  1 drivers
v0x5589e47d19e0_0 .net "dcd_imm", 39 0, v0x5589e47c8480_0;  1 drivers
v0x5589e47d1a80_0 .net "dcd_instruction", 63 0, L_0x5589e47e6d10;  1 drivers
v0x5589e47d1c30_0 .net "dcd_opcode", 8 0, v0x5589e47c8660_0;  1 drivers
v0x5589e47d1cd0_0 .net "dcd_reg_dst", 4 0, v0x5589e47c8720_0;  1 drivers
v0x5589e47d1d70_0 .net "dcd_reg_src0", 4 0, v0x5589e47c8800_0;  1 drivers
v0x5589e47d1e10_0 .net "dcd_reg_src1", 4 0, v0x5589e47c8930_0;  1 drivers
v0x5589e47d1eb0_0 .var "mode", 1 0;
v0x5589e47d1f50_0 .var "mode_next", 1 0;
v0x5589e47d1ff0_0 .net "msr_clk", 0 0, L_0x5589e47d5d70;  1 drivers
v0x5589e47d2090_0 .var "msr_data", 63 0;
v0x5589e47d2160_0 .net "msr_rst", 0 0, L_0x5589e47d6120;  1 drivers
v0x5589e47c91e0_0 .array/port v0x5589e47c91e0, 0;
v0x5589e47d2230_0 .net "msr_timer0", 63 0, v0x5589e47c91e0_0;  1 drivers
v0x5589e47d2300_0 .net "msr_timer1", 63 0, v0x5589e47c91e0_1;  1 drivers
v0x5589e47d23d0_0 .net "msr_timer2", 63 0, v0x5589e47c91e0_2;  1 drivers
v0x5589e47d24a0_0 .var "msr_we", 0 0;
v0x5589e47d2570_0 .var "msr_wr_addr", 7 0;
v0x5589e47d2640_0 .net "pc_clk", 0 0, L_0x5589e47d5b80;  1 drivers
v0x5589e47d2710_0 .net "pc_count", 15 0, v0x5589e47cc3e0_0;  1 drivers
v0x5589e47d27e0_0 .var "pc_go", 0 0;
v0x5589e47d28b0_0 .var "pc_go_addr", 15 0;
v0x5589e47d2980_0 .var "pc_next", 0 0;
v0x5589e47d2a50_0 .net "pc_rst", 0 0, L_0x5589e47d5e60;  1 drivers
v0x5589e47d2b20_0 .var "pc_save", 0 0;
v0x5589e47d2bf0_0 .net "pc_saved_count", 15 0, v0x5589e47cc8d0_0;  1 drivers
v0x5589e47d2cc0_0 .net "rdt_AUDIO_handler", 63 0, v0x5589e47cce80_0;  1 drivers
v0x5589e47d2d90_0 .net "rdt_GPIO_handler", 63 0, v0x5589e47ccf80_0;  1 drivers
v0x5589e47d2e60_0 .net "rdt_TIMER_handler", 63 0, v0x5589e47cd060_0;  1 drivers
v0x5589e47d2f30_0 .net "rdt_UART_handler", 63 0, v0x5589e47cd120_0;  1 drivers
v0x5589e47d3000_0 .net "rdt_UF", 0 0, v0x5589e47cd200_0;  1 drivers
v0x5589e47d30d0_0 .net "rdt_block", 7 0, L_0x5589e47e7260;  1 drivers
v0x5589e47d31a0_0 .net "rdt_device", 7 0, L_0x5589e47e70e0;  1 drivers
v0x5589e47d3270_0 .net "rdt_handler_addr", 63 0, L_0x5589e47e6f50;  1 drivers
v0x5589e47d3340_0 .net "rf_clk", 0 0, L_0x5589e47d5c40;  1 drivers
v0x5589e47d3410_0 .net "rf_data", 63 0, L_0x5589e47e69a0;  1 drivers
v0x5589e47d34e0_0 .net "rf_data_out0", 63 0, L_0x5589e47aa200;  1 drivers
v0x5589e47d35b0_0 .net "rf_data_out1", 63 0, L_0x5589e47abb20;  1 drivers
v0x5589e47d3680_0 .net "rf_rd_addr0", 4 0, L_0x5589e47d6570;  1 drivers
v0x5589e47d3750_0 .net "rf_rd_addr1", 4 0, L_0x5589e47d66a0;  1 drivers
v0x5589e47d3820_0 .net "rf_rst", 0 0, L_0x5589e47d5f20;  1 drivers
v0x5589e47d38f0_0 .net "rf_we", 0 0, L_0x5589e47d6230;  1 drivers
v0x5589e47d39c0_0 .net "rf_wr_addr", 4 0, L_0x5589e47d64b0;  1 drivers
v0x5589e47d3a90_0 .net "rom_addr", 15 0, L_0x5589e47e6c40;  1 drivers
v0x5589e47d3b60_0 .net "rom_instruction", 63 0, L_0x5589e47d5a70;  1 drivers
v0x5589e47d3c30_0 .net "rp_clk", 0 0, L_0x5589e47d5d00;  1 drivers
v0x5589e47d3d00_0 .var "rp_data", 63 0;
v0x5589e47d3dd0_0 .net "rp_data_out", 63 0, v0x5589e47cfba0_0;  1 drivers
v0x5589e47d3ea0_0 .net "rp_rst", 0 0, L_0x5589e47d60b0;  1 drivers
v0x5589e47d3f70_0 .var "rp_we", 0 0;
v0x5589e47d4040_0 .net "rst", 0 0, v0x5589e47d4d80_0;  1 drivers
v0x5589e47d4110_0 .net "timer_EX", 0 0, v0x5589e47d01a0_0;  1 drivers
v0x5589e47d45f0_0 .net "timer_IA", 0 0, v0x5589e47d0280_0;  1 drivers
v0x5589e47d46c0_0 .var "timer_IA_reset", 0 0;
v0x5589e47d4760_0 .net "timer_hz", 63 0, L_0x5589e47e6dd0;  1 drivers
v0x5589e47d4830_0 .net "timer_interrupt", 0 0, L_0x5589e47e7300;  1 drivers
v0x5589e47d4900_0 .net "timer_ms", 63 0, L_0x5589e47e75c0;  1 drivers
v0x5589e47d49d0_0 .net "timer_sum", 63 0, v0x5589e47d0a30_0;  1 drivers
v0x5589e47d4aa0_0 .net "timer_ticks", 63 0, v0x5589e47d0b10_0;  1 drivers
v0x5589e47d4b70_0 .net "timer_we", 0 0, L_0x5589e47e7440;  1 drivers
v0x5589e47d4c40_0 .net "we", 0 0, v0x5589e47d4e70_0;  1 drivers
E_0x5589e473f200/0 .event anyedge, v0x5589e47d1eb0_0, v0x5589e47d0280_0, v0x5589e47cd060_0, v0x5589e47c8660_0;
E_0x5589e473f200/1 .event anyedge, v0x5589e47c8480_0, v0x5589e47cc8d0_0, v0x5589e47c8720_0;
E_0x5589e473f200 .event/or E_0x5589e473f200/0, E_0x5589e473f200/1;
L_0x5589e47e6720 .cmp/eq 9, v0x5589e47c8660_0, L_0x7f7b743b70f0;
L_0x5589e47e6810 .concat [ 40 24 0 0], v0x5589e47c8480_0, L_0x7f7b743b7138;
L_0x5589e47e69a0 .functor MUXZ 64, v0x5589e47c8020_0, L_0x5589e47e6810, L_0x5589e47e6720, C4<>;
L_0x5589e47e6eb0 .part v0x5589e47cfba0_0, 16, 48;
L_0x5589e47e6f50 .concat [ 48 16 0 0], L_0x5589e47e6eb0, L_0x7f7b743b7180;
L_0x5589e47e70e0 .part v0x5589e47cfba0_0, 8, 8;
L_0x5589e47e7260 .part v0x5589e47cfba0_0, 0, 8;
L_0x5589e47e7300 .part v0x5589e47c91e0_0, 0, 1;
L_0x5589e47e7440 .part v0x5589e47c91e0_0, 0, 1;
S_0x5589e479f8b0 .scope module, "alu" "ALU" 3 335, 3 66 0, S_0x5589e479f530;
 .timescale 0 0;
    .port_info 0 /INPUT 9 "operation";
    .port_info 1 /INPUT 64 "num0";
    .port_info 2 /INPUT 64 "num1";
    .port_info 3 /OUTPUT 64 "sum";
    .port_info 4 /OUTPUT 1 "OF";
    .port_info 5 /OUTPUT 1 "DZ";
    .port_info 6 /OUTPUT 1 "UF";
v0x5589e47ac9a0_0 .var "DZ", 0 0;
v0x5589e47aa310_0 .var "OF", 0 0;
v0x5589e47abc30_0 .var "UF", 0 0;
v0x5589e47c7d80_0 .net "num0", 63 0, L_0x5589e47e6b80;  alias, 1 drivers
v0x5589e47c7e60_0 .net "num1", 63 0, L_0x5589e47d6630;  alias, 1 drivers
v0x5589e47c7f40_0 .net "operation", 8 0, L_0x5589e47d6340;  alias, 1 drivers
v0x5589e47c8020_0 .var "sum", 63 0;
E_0x5589e473f940 .event anyedge, v0x5589e47c7f40_0, v0x5589e47c7d80_0, v0x5589e47c7e60_0;
S_0x5589e47c81e0 .scope module, "dcd" "DCD" 3 341, 3 106 0, S_0x5589e479f530;
 .timescale 0 0;
    .port_info 0 /INPUT 64 "instruction";
    .port_info 1 /OUTPUT 9 "opcode";
    .port_info 2 /OUTPUT 5 "reg_dst";
    .port_info 3 /OUTPUT 5 "reg_src0";
    .port_info 4 /OUTPUT 5 "reg_src1";
    .port_info 5 /OUTPUT 40 "imm";
v0x5589e47c8480_0 .var "imm", 39 0;
v0x5589e47c8580_0 .net "instruction", 63 0, L_0x5589e47e6d10;  alias, 1 drivers
v0x5589e47c8660_0 .var "opcode", 8 0;
v0x5589e47c8720_0 .var "reg_dst", 4 0;
v0x5589e47c8800_0 .var "reg_src0", 4 0;
v0x5589e47c8930_0 .var "reg_src1", 4 0;
E_0x5589e473fca0 .event anyedge, v0x5589e47c8580_0;
S_0x5589e47c8ad0 .scope module, "msr" "MSR" 3 318, 3 27 0, S_0x5589e479f530;
 .timescale 0 0;
    .port_info 0 /INPUT 1 "clk";
    .port_info 1 /INPUT 1 "rst";
    .port_info 2 /INPUT 1 "we";
    .port_info 3 /INPUT 8 "wr_addr";
    .port_info 4 /INPUT 64 "data";
    .port_info 5 /OUTPUT 64 "timer0";
    .port_info 6 /OUTPUT 64 "timer1";
    .port_info 7 /OUTPUT 64 "timer2";
v0x5589e47c9020_0 .net "clk", 0 0, L_0x5589e47d5d70;  alias, 1 drivers
v0x5589e47c9100_0 .net "data", 63 0, v0x5589e47d2090_0;  1 drivers
v0x5589e47c91e0 .array "msr", 255 0, 63 0;
v0x5589e47cba90_0 .net "rst", 0 0, L_0x5589e47d6120;  alias, 1 drivers
v0x5589e47cbb50_0 .net "timer0", 63 0, v0x5589e47c91e0_0;  alias, 1 drivers
v0x5589e47cbc80_0 .net "timer1", 63 0, v0x5589e47c91e0_1;  alias, 1 drivers
v0x5589e47cbd60_0 .net "timer2", 63 0, v0x5589e47c91e0_2;  alias, 1 drivers
v0x5589e47cbe40_0 .net "we", 0 0, v0x5589e47d24a0_0;  1 drivers
v0x5589e47cbf00_0 .net "wr_addr", 7 0, v0x5589e47d2570_0;  1 drivers
E_0x5589e473ed40 .event posedge, v0x5589e47c9020_0;
S_0x5589e47c8d20 .scope begin, "$ivl_for_loop1" "$ivl_for_loop1" 3 37, 3 37 0, S_0x5589e47c8ad0;
 .timescale 0 0;
v0x5589e47c8f20_0 .var/2s "i", 31 0;
S_0x5589e47cc0e0 .scope module, "pc" "PC" 3 351, 3 136 0, S_0x5589e479f530;
 .timescale 0 0;
    .port_info 0 /INPUT 1 "clk";
    .port_info 1 /INPUT 1 "next";
    .port_info 2 /INPUT 1 "go";
    .port_info 3 /INPUT 1 "save";
    .port_info 4 /INPUT 1 "rst";
    .port_info 5 /INPUT 16 "go_addr";
    .port_info 6 /OUTPUT 16 "count";
    .port_info 7 /OUTPUT 16 "saved_count";
v0x5589e47cc300_0 .net "clk", 0 0, L_0x5589e47d5b80;  alias, 1 drivers
v0x5589e47cc3e0_0 .var "count", 15 0;
v0x5589e47cc4c0_0 .net "go", 0 0, v0x5589e47d27e0_0;  1 drivers
v0x5589e47cc560_0 .net "go_addr", 15 0, v0x5589e47d28b0_0;  1 drivers
v0x5589e47cc640_0 .net "next", 0 0, v0x5589e47d2980_0;  1 drivers
v0x5589e47cc750_0 .net "rst", 0 0, L_0x5589e47d5e60;  alias, 1 drivers
v0x5589e47cc810_0 .net "save", 0 0, v0x5589e47d2b20_0;  1 drivers
v0x5589e47cc8d0_0 .var "saved_count", 15 0;
E_0x5589e473f240 .event posedge, v0x5589e47cc300_0;
S_0x5589e47ccb00 .scope module, "rdt" "RDT" 3 370, 3 213 0, S_0x5589e479f530;
 .timescale 0 0;
    .port_info 0 /INPUT 8 "block";
    .port_info 1 /INPUT 8 "device";
    .port_info 2 /INPUT 64 "handler_addr";
    .port_info 3 /OUTPUT 64 "GPIO_handler";
    .port_info 4 /OUTPUT 64 "TIMER_handler";
    .port_info 5 /OUTPUT 64 "AUDIO_handler";
    .port_info 6 /OUTPUT 64 "UART_handler";
    .port_info 7 /OUTPUT 1 "UF";
v0x5589e47cce80_0 .var "AUDIO_handler", 63 0;
v0x5589e47ccf80_0 .var "GPIO_handler", 63 0;
v0x5589e47cd060_0 .var "TIMER_handler", 63 0;
v0x5589e47cd120_0 .var "UART_handler", 63 0;
v0x5589e47cd200_0 .var "UF", 0 0;
v0x5589e47cd310_0 .net "block", 7 0, L_0x5589e47e7260;  alias, 1 drivers
v0x5589e47cd3f0_0 .net "device", 7 0, L_0x5589e47e70e0;  alias, 1 drivers
v0x5589e47cd4d0_0 .net "handler_addr", 63 0, L_0x5589e47e6f50;  alias, 1 drivers
E_0x5589e473f4f0 .event anyedge, v0x5589e47cd310_0, v0x5589e47cd3f0_0, v0x5589e47cd4d0_0;
S_0x5589e47cd700 .scope module, "rf" "RF" 3 311, 3 5 0, S_0x5589e479f530;
 .timescale 0 0;
    .port_info 0 /INPUT 1 "clk";
    .port_info 1 /INPUT 1 "rst";
    .port_info 2 /INPUT 1 "we";
    .port_info 3 /INPUT 5 "wr_addr";
    .port_info 4 /INPUT 5 "rd_addr0";
    .port_info 5 /INPUT 5 "rd_addr1";
    .port_info 6 /INPUT 64 "data";
    .port_info 7 /OUTPUT 64 "data_out0";
    .port_info 8 /OUTPUT 64 "data_out1";
L_0x5589e47aa200 .functor BUFZ 64, L_0x5589e47d4f10, C4<0000000000000000000000000000000000000000000000000000000000000000>, C4<0000000000000000000000000000000000000000000000000000000000000000>, C4<0000000000000000000000000000000000000000000000000000000000000000>;
L_0x5589e47abb20 .functor BUFZ 64, L_0x5589e47d5240, C4<0000000000000000000000000000000000000000000000000000000000000000>, C4<0000000000000000000000000000000000000000000000000000000000000000>, C4<0000000000000000000000000000000000000000000000000000000000000000>;
v0x5589e47cdc20_0 .net *"_ivl_0", 63 0, L_0x5589e47d4f10;  1 drivers
v0x5589e47cdd20_0 .net *"_ivl_10", 6 0, L_0x5589e47d52e0;  1 drivers
L_0x7f7b743b7060 .functor BUFT 1, C4<00>, C4<0>, C4<0>, C4<0>;
v0x5589e47cde00_0 .net *"_ivl_13", 1 0, L_0x7f7b743b7060;  1 drivers
v0x5589e47cdec0_0 .net *"_ivl_2", 6 0, L_0x5589e47d5010;  1 drivers
L_0x7f7b743b7018 .functor BUFT 1, C4<00>, C4<0>, C4<0>, C4<0>;
v0x5589e47cdfa0_0 .net *"_ivl_5", 1 0, L_0x7f7b743b7018;  1 drivers
v0x5589e47ce0d0_0 .net *"_ivl_8", 63 0, L_0x5589e47d5240;  1 drivers
v0x5589e47ce1b0_0 .net "clk", 0 0, L_0x5589e47d5c40;  alias, 1 drivers
v0x5589e47ce270_0 .net "data", 63 0, L_0x5589e47e69a0;  alias, 1 drivers
v0x5589e47ce350_0 .net "data_out0", 63 0, L_0x5589e47aa200;  alias, 1 drivers
v0x5589e47ce4c0_0 .net "data_out1", 63 0, L_0x5589e47abb20;  alias, 1 drivers
v0x5589e47ce5a0_0 .net "rd_addr0", 4 0, L_0x5589e47d6570;  alias, 1 drivers
v0x5589e47ce680_0 .net "rd_addr1", 4 0, L_0x5589e47d66a0;  alias, 1 drivers
v0x5589e47ce760_0 .net "rst", 0 0, L_0x5589e47d5f20;  alias, 1 drivers
v0x5589e47ce820 .array "rx", 31 0, 63 0;
v0x5589e47ce8e0_0 .net "we", 0 0, L_0x5589e47d6230;  alias, 1 drivers
v0x5589e47ce9a0_0 .net "wr_addr", 4 0, L_0x5589e47d64b0;  alias, 1 drivers
E_0x5589e473ed80 .event posedge, v0x5589e47ce1b0_0;
L_0x5589e47d4f10 .array/port v0x5589e47ce820, L_0x5589e47d5010;
L_0x5589e47d5010 .concat [ 5 2 0 0], L_0x5589e47d6570, L_0x7f7b743b7018;
L_0x5589e47d5240 .array/port v0x5589e47ce820, L_0x5589e47d52e0;
L_0x5589e47d52e0 .concat [ 5 2 0 0], L_0x5589e47d66a0, L_0x7f7b743b7060;
S_0x5589e47cd920 .scope begin, "$ivl_for_loop0" "$ivl_for_loop0" 3 16, 3 16 0, S_0x5589e47cd700;
 .timescale 0 0;
v0x5589e47cdb20_0 .var/2s "i", 31 0;
S_0x5589e47ceba0 .scope module, "rom" "ROM" 3 347, 3 121 0, S_0x5589e479f530;
 .timescale 0 0;
    .port_info 0 /INPUT 16 "addr";
    .port_info 1 /OUTPUT 64 "instruction";
L_0x5589e47d5a70 .functor BUFZ 64, L_0x5589e47d5840, C4<0000000000000000000000000000000000000000000000000000000000000000>, C4<0000000000000000000000000000000000000000000000000000000000000000>, C4<0000000000000000000000000000000000000000000000000000000000000000>;
v0x5589e47cf0a0_0 .net *"_ivl_0", 63 0, L_0x5589e47d5840;  1 drivers
v0x5589e47cf1a0_0 .net *"_ivl_2", 17 0, L_0x5589e47d58e0;  1 drivers
L_0x7f7b743b70a8 .functor BUFT 1, C4<00>, C4<0>, C4<0>, C4<0>;
v0x5589e47cf280_0 .net *"_ivl_5", 1 0, L_0x7f7b743b70a8;  1 drivers
v0x5589e47cf340_0 .net "addr", 15 0, L_0x5589e47e6c40;  alias, 1 drivers
v0x5589e47cf420_0 .net "instruction", 63 0, L_0x5589e47d5a70;  alias, 1 drivers
v0x5589e47cf550 .array "rom", 65535 0, 63 0;
L_0x5589e47d5840 .array/port v0x5589e47cf550, L_0x5589e47d58e0;
L_0x5589e47d58e0 .concat [ 16 2 0 0], L_0x5589e47e6c40, L_0x7f7b743b70a8;
S_0x5589e47ceda0 .scope begin, "$ivl_for_loop2" "$ivl_for_loop2" 3 128, 3 128 0, S_0x5589e47ceba0;
 .timescale 0 0;
v0x5589e47cefa0_0 .var/2s "i", 31 0;
S_0x5589e47cf670 .scope module, "rp" "RP" 3 328, 3 49 0, S_0x5589e479f530;
 .timescale 0 0;
    .port_info 0 /INPUT 1 "clk";
    .port_info 1 /INPUT 1 "rst";
    .port_info 2 /INPUT 1 "we";
    .port_info 3 /INPUT 64 "data";
    .port_info 4 /OUTPUT 64 "data_out";
v0x5589e47cf920_0 .net "clk", 0 0, L_0x5589e47d5d00;  alias, 1 drivers
v0x5589e47cfa00_0 .net "data", 63 0, v0x5589e47d3d00_0;  1 drivers
v0x5589e47cfae0_0 .net "data_out", 63 0, v0x5589e47cfba0_0;  alias, 1 drivers
v0x5589e47cfba0_0 .var "rp", 63 0;
v0x5589e47cfc80_0 .net "rst", 0 0, L_0x5589e47d60b0;  alias, 1 drivers
v0x5589e47cfd90_0 .net "we", 0 0, v0x5589e47d3f70_0;  1 drivers
E_0x5589e473f980 .event posedge, v0x5589e47cf920_0;
S_0x5589e47cfef0 .scope module, "timer" "TIMER" 3 357, 3 159 0, S_0x5589e479f530;
 .timescale 0 0;
    .port_info 0 /INPUT 1 "interrupt";
    .port_info 1 /INPUT 1 "clk";
    .port_info 2 /INPUT 1 "rst";
    .port_info 3 /INPUT 1 "we";
    .port_info 4 /INPUT 1 "IA_reset";
    .port_info 5 /INPUT 64 "ms";
    .port_info 6 /INPUT 64 "hz";
    .port_info 7 /OUTPUT 64 "sum";
    .port_info 8 /OUTPUT 64 "ticks";
    .port_info 9 /OUTPUT 1 "EX";
    .port_info 10 /OUTPUT 1 "IA";
v0x5589e47d01a0_0 .var "EX", 0 0;
v0x5589e47d0280_0 .var "IA", 0 0;
v0x5589e47d0340_0 .net "IA_reset", 0 0, v0x5589e47d46c0_0;  1 drivers
v0x5589e47d03e0_0 .net "clk", 0 0, v0x5589e47d4ce0_0;  alias, 1 drivers
v0x5589e47d04a0_0 .var "counter", 63 0;
v0x5589e47d0580_0 .net "hz", 63 0, L_0x5589e47e6dd0;  alias, 1 drivers
v0x5589e47d0660_0 .net "interrupt", 0 0, L_0x5589e47e7300;  alias, 1 drivers
v0x5589e47d0720_0 .net "ms", 63 0, L_0x5589e47e75c0;  alias, 1 drivers
v0x5589e47d0800_0 .var "ms_align", 63 0;
v0x5589e47d0970_0 .net "rst", 0 0, v0x5589e47d4d80_0;  alias, 1 drivers
v0x5589e47d0a30_0 .var "sum", 63 0;
v0x5589e47d0b10_0 .var "ticks", 63 0;
v0x5589e47d0bf0_0 .net "we", 0 0, L_0x5589e47e7440;  alias, 1 drivers
E_0x5589e4740150 .event posedge, v0x5589e47d03e0_0;
    .scope S_0x5589e47cd700;
T_0 ;
    %wait E_0x5589e473ed80;
    %load/vec4 v0x5589e47ce760_0;
    %flag_set/vec4 8;
    %jmp/0xz  T_0.0, 8;
    %fork t_1, S_0x5589e47cd920;
    %jmp t_0;
    .scope S_0x5589e47cd920;
t_1 ;
    %pushi/vec4 0, 0, 32;
    %store/vec4 v0x5589e47cdb20_0, 0, 32;
T_0.2 ; Top of for-loop
    %load/vec4 v0x5589e47cdb20_0;
    %cmpi/s 32, 0, 32;
	  %jmp/0xz T_0.3, 5;
    %pushi/vec4 0, 0, 64;
    %ix/getv/s 3, v0x5589e47cdb20_0;
    %ix/load 4, 0, 0; Constant delay
    %assign/vec4/a/d v0x5589e47ce820, 0, 4;
T_0.4 ; for-loop step statement
    ; show_stmt_assign_vector: Get l-value for compressed += operand
    %load/vec4 v0x5589e47cdb20_0;
    %pushi/vec4 1, 0, 32;
    %add;
    %cast2;
    %store/vec4 v0x5589e47cdb20_0, 0, 32;
    %jmp T_0.2;
T_0.3 ; for-loop exit label
    %end;
    .scope S_0x5589e47cd700;
t_0 %join;
    %jmp T_0.1;
T_0.0 ;
    %load/vec4 v0x5589e47ce8e0_0;
    %flag_set/vec4 8;
    %jmp/0xz  T_0.5, 8;
    %load/vec4 v0x5589e47ce270_0;
    %load/vec4 v0x5589e47ce9a0_0;
    %pad/u 7;
    %ix/vec4 3;
    %ix/load 4, 0, 0; Constant delay
    %assign/vec4/a/d v0x5589e47ce820, 0, 4;
T_0.5 ;
T_0.1 ;
    %jmp T_0;
    .thread T_0;
    .scope S_0x5589e47c8ad0;
T_1 ;
    %wait E_0x5589e473ed40;
    %load/vec4 v0x5589e47cba90_0;
    %flag_set/vec4 8;
    %jmp/0xz  T_1.0, 8;
    %fork t_3, S_0x5589e47c8d20;
    %jmp t_2;
    .scope S_0x5589e47c8d20;
t_3 ;
    %pushi/vec4 0, 0, 32;
    %store/vec4 v0x5589e47c8f20_0, 0, 32;
T_1.2 ; Top of for-loop
    %load/vec4 v0x5589e47c8f20_0;
    %cmpi/s 256, 0, 32;
	  %jmp/0xz T_1.3, 5;
    %pushi/vec4 0, 0, 64;
    %ix/getv/s 3, v0x5589e47c8f20_0;
    %ix/load 4, 0, 0; Constant delay
    %assign/vec4/a/d v0x5589e47c91e0, 0, 4;
T_1.4 ; for-loop step statement
    ; show_stmt_assign_vector: Get l-value for compressed += operand
    %load/vec4 v0x5589e47c8f20_0;
    %pushi/vec4 1, 0, 32;
    %add;
    %cast2;
    %store/vec4 v0x5589e47c8f20_0, 0, 32;
    %jmp T_1.2;
T_1.3 ; for-loop exit label
    %end;
    .scope S_0x5589e47c8ad0;
t_2 %join;
    %jmp T_1.1;
T_1.0 ;
    %load/vec4 v0x5589e47cbe40_0;
    %flag_set/vec4 8;
    %jmp/0xz  T_1.5, 8;
    %load/vec4 v0x5589e47c9100_0;
    %load/vec4 v0x5589e47cbf00_0;
    %pad/u 10;
    %ix/vec4 3;
    %ix/load 4, 0, 0; Constant delay
    %assign/vec4/a/d v0x5589e47c91e0, 0, 4;
T_1.5 ;
T_1.1 ;
    %jmp T_1;
    .thread T_1;
    .scope S_0x5589e47cf670;
T_2 ;
    %wait E_0x5589e473f980;
    %load/vec4 v0x5589e47cfc80_0;
    %flag_set/vec4 8;
    %jmp/0xz  T_2.0, 8;
    %pushi/vec4 0, 0, 64;
    %assign/vec4 v0x5589e47cfba0_0, 0;
    %jmp T_2.1;
T_2.0 ;
    %load/vec4 v0x5589e47cfd90_0;
    %flag_set/vec4 8;
    %jmp/0xz  T_2.2, 8;
    %load/vec4 v0x5589e47cfa00_0;
    %assign/vec4 v0x5589e47cfba0_0, 0;
T_2.2 ;
T_2.1 ;
    %jmp T_2;
    .thread T_2;
    .scope S_0x5589e479f8b0;
T_3 ;
Ewait_0 .event/or E_0x5589e473f940, E_0x0;
    %wait Ewait_0;
    %pushi/vec4 0, 0, 64;
    %store/vec4 v0x5589e47c8020_0, 0, 64;
    %pushi/vec4 0, 0, 3;
    %split/vec4 1;
    %store/vec4 v0x5589e47abc30_0, 0, 1;
    %split/vec4 1;
    %store/vec4 v0x5589e47ac9a0_0, 0, 1;
    %store/vec4 v0x5589e47aa310_0, 0, 1;
    %load/vec4 v0x5589e47c7f40_0;
    %dup/vec4;
    %pushi/vec4 1, 0, 9;
    %cmp/u;
    %jmp/1 T_3.0, 6;
    %dup/vec4;
    %pushi/vec4 2, 0, 9;
    %cmp/u;
    %jmp/1 T_3.1, 6;
    %dup/vec4;
    %pushi/vec4 3, 0, 9;
    %cmp/u;
    %jmp/1 T_3.2, 6;
    %dup/vec4;
    %pushi/vec4 4, 0, 9;
    %cmp/u;
    %jmp/1 T_3.3, 6;
    %dup/vec4;
    %pushi/vec4 5, 0, 9;
    %cmp/u;
    %jmp/1 T_3.4, 6;
    %dup/vec4;
    %pushi/vec4 6, 0, 9;
    %cmp/u;
    %jmp/1 T_3.5, 6;
    %dup/vec4;
    %pushi/vec4 7, 0, 9;
    %cmp/u;
    %jmp/1 T_3.6, 6;
    %dup/vec4;
    %pushi/vec4 8, 0, 9;
    %cmp/u;
    %jmp/1 T_3.7, 6;
    %dup/vec4;
    %pushi/vec4 9, 0, 9;
    %cmp/u;
    %jmp/1 T_3.8, 6;
    %dup/vec4;
    %pushi/vec4 10, 0, 9;
    %cmp/u;
    %jmp/1 T_3.9, 6;
    %dup/vec4;
    %pushi/vec4 11, 0, 9;
    %cmp/u;
    %jmp/1 T_3.10, 6;
    %pushi/vec4 0, 0, 64;
    %store/vec4 v0x5589e47c8020_0, 0, 64;
    %pushi/vec4 1, 0, 1;
    %store/vec4 v0x5589e47abc30_0, 0, 1;
    %jmp T_3.12;
T_3.0 ;
    %load/vec4 v0x5589e47c7d80_0;
    %pad/u 65;
    %load/vec4 v0x5589e47c7e60_0;
    %pad/u 65;
    %add;
    %split/vec4 64;
    %store/vec4 v0x5589e47c8020_0, 0, 64;
    %store/vec4 v0x5589e47aa310_0, 0, 1;
    %jmp T_3.12;
T_3.1 ;
    %load/vec4 v0x5589e47c7d80_0;
    %pad/u 65;
    %load/vec4 v0x5589e47c7e60_0;
    %pad/u 65;
    %sub;
    %split/vec4 64;
    %store/vec4 v0x5589e47c8020_0, 0, 64;
    %store/vec4 v0x5589e47aa310_0, 0, 1;
    %jmp T_3.12;
T_3.2 ;
    %load/vec4 v0x5589e47c7d80_0;
    %pad/u 65;
    %load/vec4 v0x5589e47c7e60_0;
    %pad/u 65;
    %mul;
    %split/vec4 64;
    %store/vec4 v0x5589e47c8020_0, 0, 64;
    %store/vec4 v0x5589e47aa310_0, 0, 1;
    %jmp T_3.12;
T_3.3 ;
    %load/vec4 v0x5589e47c7e60_0;
    %cmpi/ne 0, 0, 64;
    %jmp/0xz  T_3.13, 4;
    %load/vec4 v0x5589e47c7d80_0;
    %pad/u 65;
    %load/vec4 v0x5589e47c7e60_0;
    %pad/u 65;
    %div;
    %split/vec4 64;
    %store/vec4 v0x5589e47c8020_0, 0, 64;
    %store/vec4 v0x5589e47aa310_0, 0, 1;
    %jmp T_3.14;
T_3.13 ;
    %pushi/vec4 0, 0, 64;
    %store/vec4 v0x5589e47c8020_0, 0, 64;
    %pushi/vec4 1, 0, 1;
    %store/vec4 v0x5589e47ac9a0_0, 0, 1;
T_3.14 ;
    %jmp T_3.12;
T_3.4 ;
    %load/vec4 v0x5589e47c7d80_0;
    %pad/u 65;
    %load/vec4 v0x5589e47c7e60_0;
    %pad/u 65;
    %and;
    %split/vec4 64;
    %store/vec4 v0x5589e47c8020_0, 0, 64;
    %store/vec4 v0x5589e47aa310_0, 0, 1;
    %jmp T_3.12;
T_3.5 ;
    %load/vec4 v0x5589e47c7d80_0;
    %pad/u 65;
    %load/vec4 v0x5589e47c7e60_0;
    %pad/u 65;
    %or;
    %split/vec4 64;
    %store/vec4 v0x5589e47c8020_0, 0, 64;
    %store/vec4 v0x5589e47aa310_0, 0, 1;
    %jmp T_3.12;
T_3.6 ;
    %load/vec4 v0x5589e47c7d80_0;
    %pad/u 65;
    %load/vec4 v0x5589e47c7e60_0;
    %pad/u 65;
    %xor;
    %split/vec4 64;
    %store/vec4 v0x5589e47c8020_0, 0, 64;
    %store/vec4 v0x5589e47aa310_0, 0, 1;
    %jmp T_3.12;
T_3.7 ;
    %load/vec4 v0x5589e47c7d80_0;
    %pad/u 65;
    %inv;
    %split/vec4 64;
    %store/vec4 v0x5589e47c8020_0, 0, 64;
    %store/vec4 v0x5589e47aa310_0, 0, 1;
    %jmp T_3.12;
T_3.8 ;
    %load/vec4 v0x5589e47c7d80_0;
    %pad/u 65;
    %ix/getv 4, v0x5589e47c7e60_0;
    %shiftr 4;
    %split/vec4 64;
    %store/vec4 v0x5589e47c8020_0, 0, 64;
    %store/vec4 v0x5589e47aa310_0, 0, 1;
    %jmp T_3.12;
T_3.9 ;
    %load/vec4 v0x5589e47c7d80_0;
    %pad/u 65;
    %ix/getv 4, v0x5589e47c7e60_0;
    %shiftl 4;
    %split/vec4 64;
    %store/vec4 v0x5589e47c8020_0, 0, 64;
    %store/vec4 v0x5589e47aa310_0, 0, 1;
    %jmp T_3.12;
T_3.10 ;
    %load/vec4 v0x5589e47c7d80_0;
    %pad/s 65;
    %ix/getv 4, v0x5589e47c7e60_0;
    %shiftr/s 4;
    %split/vec4 64;
    %store/vec4 v0x5589e47c8020_0, 0, 64;
    %store/vec4 v0x5589e47aa310_0, 0, 1;
    %jmp T_3.12;
T_3.12 ;
    %pop/vec4 1;
    %jmp T_3;
    .thread T_3, $push;
    .scope S_0x5589e47c81e0;
T_4 ;
Ewait_1 .event/or E_0x5589e473fca0, E_0x0;
    %wait Ewait_1;
    %load/vec4 v0x5589e47c8580_0;
    %parti/s 9, 55, 7;
    %store/vec4 v0x5589e47c8660_0, 0, 9;
    %load/vec4 v0x5589e47c8580_0;
    %parti/s 5, 50, 7;
    %store/vec4 v0x5589e47c8720_0, 0, 5;
    %load/vec4 v0x5589e47c8580_0;
    %parti/s 5, 45, 7;
    %store/vec4 v0x5589e47c8800_0, 0, 5;
    %load/vec4 v0x5589e47c8580_0;
    %parti/s 5, 40, 7;
    %store/vec4 v0x5589e47c8930_0, 0, 5;
    %load/vec4 v0x5589e47c8580_0;
    %parti/s 40, 0, 2;
    %store/vec4 v0x5589e47c8480_0, 0, 40;
    %jmp T_4;
    .thread T_4, $push;
    .scope S_0x5589e47ceba0;
T_5 ;
    %fork t_5, S_0x5589e47ceda0;
    %jmp t_4;
    .scope S_0x5589e47ceda0;
t_5 ;
    %pushi/vec4 0, 0, 32;
    %store/vec4 v0x5589e47cefa0_0, 0, 32;
T_5.0 ; Top of for-loop
    %load/vec4 v0x5589e47cefa0_0;
    %cmpi/s 65536, 0, 32;
	  %jmp/0xz T_5.1, 5;
    %pushi/vec4 0, 0, 64;
    %ix/getv/s 4, v0x5589e47cefa0_0;
    %store/vec4a v0x5589e47cf550, 4, 0;
T_5.2 ; for-loop step statement
    ; show_stmt_assign_vector: Get l-value for compressed += operand
    %load/vec4 v0x5589e47cefa0_0;
    %pushi/vec4 1, 0, 32;
    %add;
    %cast2;
    %store/vec4 v0x5589e47cefa0_0, 0, 32;
    %jmp T_5.0;
T_5.1 ; for-loop exit label
    %end;
    .scope S_0x5589e47ceba0;
t_4 %join;
    %vpi_call/w 3 131 "$readmemh", "/home/dreamy/VN/ARCH-4/Firmware/src/firmware.hex", v0x5589e47cf550 {0 0 0};
    %end;
    .thread T_5;
    .scope S_0x5589e47cc0e0;
T_6 ;
    %wait E_0x5589e473f240;
    %load/vec4 v0x5589e47cc750_0;
    %flag_set/vec4 8;
    %jmp/0xz  T_6.0, 8;
    %pushi/vec4 0, 0, 16;
    %assign/vec4 v0x5589e47cc3e0_0, 0;
    %pushi/vec4 0, 0, 16;
    %assign/vec4 v0x5589e47cc8d0_0, 0;
    %jmp T_6.1;
T_6.0 ;
    %load/vec4 v0x5589e47cc810_0;
    %flag_set/vec4 8;
    %jmp/0xz  T_6.2, 8;
    %load/vec4 v0x5589e47cc3e0_0;
    %addi 1, 0, 16;
    %assign/vec4 v0x5589e47cc8d0_0, 0;
T_6.2 ;
    %load/vec4 v0x5589e47cc4c0_0;
    %flag_set/vec4 8;
    %jmp/0xz  T_6.4, 8;
    %load/vec4 v0x5589e47cc560_0;
    %assign/vec4 v0x5589e47cc3e0_0, 0;
    %jmp T_6.5;
T_6.4 ;
    %load/vec4 v0x5589e47cc640_0;
    %flag_set/vec4 8;
    %jmp/0xz  T_6.6, 8;
    %load/vec4 v0x5589e47cc3e0_0;
    %addi 1, 0, 16;
    %assign/vec4 v0x5589e47cc3e0_0, 0;
T_6.6 ;
T_6.5 ;
T_6.1 ;
    %jmp T_6;
    .thread T_6;
    .scope S_0x5589e47cfef0;
T_7 ;
    %wait E_0x5589e4740150;
    %load/vec4 v0x5589e47d0970_0;
    %flag_set/vec4 8;
    %jmp/0xz  T_7.0, 8;
    %pushi/vec4 0, 0, 64;
    %assign/vec4 v0x5589e47d04a0_0, 0;
    %pushi/vec4 0, 0, 64;
    %assign/vec4 v0x5589e47d0b10_0, 0;
    %pushi/vec4 0, 0, 64;
    %assign/vec4 v0x5589e47d0a30_0, 0;
    %pushi/vec4 1000, 0, 64;
    %assign/vec4 v0x5589e47d0800_0, 0;
    %pushi/vec4 0, 0, 1;
    %assign/vec4 v0x5589e47d01a0_0, 0;
    %pushi/vec4 0, 0, 1;
    %assign/vec4 v0x5589e47d0280_0, 0;
    %jmp T_7.1;
T_7.0 ;
    %load/vec4 v0x5589e47d0340_0;
    %flag_set/vec4 8;
    %jmp/0xz  T_7.2, 8;
    %pushi/vec4 0, 0, 1;
    %assign/vec4 v0x5589e47d0280_0, 0;
    %jmp T_7.3;
T_7.2 ;
    %load/vec4 v0x5589e47d0bf0_0;
    %flag_set/vec4 8;
    %jmp/0xz  T_7.4, 8;
    %load/vec4 v0x5589e47d0660_0;
    %flag_set/vec4 8;
    %jmp/0xz  T_7.6, 8;
    %load/vec4 v0x5589e47d0720_0;
    %cmpi/e 0, 0, 64;
    %jmp/0xz  T_7.8, 4;
    %pushi/vec4 1000, 0, 64;
    %assign/vec4 v0x5589e47d0800_0, 0;
    %jmp T_7.9;
T_7.8 ;
    %load/vec4 v0x5589e47d0720_0;
    %assign/vec4 v0x5589e47d0800_0, 0;
T_7.9 ;
    %load/vec4 v0x5589e47d0800_0;
    %load/vec4 v0x5589e47d0580_0;
    %div;
    %assign/vec4 v0x5589e47d0a30_0, 0;
    %load/vec4 v0x5589e47d0a30_0;
    %load/vec4 v0x5589e47d04a0_0;
    %cmp/u;
    %flag_or 5, 4;
    %jmp/0xz  T_7.10, 5;
    %pushi/vec4 0, 0, 64;
    %assign/vec4 v0x5589e47d04a0_0, 0;
    %load/vec4 v0x5589e47d0b10_0;
    %addi 1, 0, 64;
    %assign/vec4 v0x5589e47d0b10_0, 0;
    %pushi/vec4 1, 0, 1;
    %assign/vec4 v0x5589e47d0280_0, 0;
    %jmp T_7.11;
T_7.10 ;
    %load/vec4 v0x5589e47d04a0_0;
    %addi 1, 0, 64;
    %assign/vec4 v0x5589e47d04a0_0, 0;
    %pushi/vec4 0, 0, 1;
    %assign/vec4 v0x5589e47d0280_0, 0;
T_7.11 ;
    %jmp T_7.7;
T_7.6 ;
    %pushi/vec4 0, 0, 64;
    %assign/vec4 v0x5589e47d0a30_0, 0;
    %pushi/vec4 0, 0, 64;
    %assign/vec4 v0x5589e47d0b10_0, 0;
    %pushi/vec4 0, 0, 64;
    %assign/vec4 v0x5589e47d04a0_0, 0;
    %pushi/vec4 1, 0, 1;
    %assign/vec4 v0x5589e47d01a0_0, 0;
    %pushi/vec4 0, 0, 1;
    %assign/vec4 v0x5589e47d0280_0, 0;
T_7.7 ;
T_7.4 ;
T_7.3 ;
T_7.1 ;
    %jmp T_7;
    .thread T_7;
    .scope S_0x5589e47ccb00;
T_8 ;
Ewait_2 .event/or E_0x5589e473f4f0, E_0x0;
    %wait Ewait_2;
    %pushi/vec4 0, 0, 64;
    %store/vec4 v0x5589e47ccf80_0, 0, 64;
    %pushi/vec4 0, 0, 64;
    %store/vec4 v0x5589e47cd060_0, 0, 64;
    %pushi/vec4 0, 0, 64;
    %store/vec4 v0x5589e47cce80_0, 0, 64;
    %pushi/vec4 0, 0, 64;
    %store/vec4 v0x5589e47cd120_0, 0, 64;
    %pushi/vec4 0, 0, 1;
    %store/vec4 v0x5589e47cd200_0, 0, 1;
    %load/vec4 v0x5589e47cd310_0;
    %dup/vec4;
    %pushi/vec4 1, 0, 8;
    %cmp/u;
    %jmp/1 T_8.0, 6;
    %dup/vec4;
    %pushi/vec4 2, 0, 8;
    %cmp/u;
    %jmp/1 T_8.1, 6;
    %pushi/vec4 1, 0, 1;
    %store/vec4 v0x5589e47cd200_0, 0, 1;
    %jmp T_8.3;
T_8.0 ;
    %load/vec4 v0x5589e47cd3f0_0;
    %dup/vec4;
    %pushi/vec4 1, 0, 8;
    %cmp/u;
    %jmp/1 T_8.4, 6;
    %pushi/vec4 1, 0, 1;
    %store/vec4 v0x5589e47cd200_0, 0, 1;
    %jmp T_8.6;
T_8.4 ;
    %load/vec4 v0x5589e47cd4d0_0;
    %store/vec4 v0x5589e47ccf80_0, 0, 64;
    %jmp T_8.6;
T_8.6 ;
    %pop/vec4 1;
    %jmp T_8.3;
T_8.1 ;
    %load/vec4 v0x5589e47cd3f0_0;
    %dup/vec4;
    %pushi/vec4 1, 0, 8;
    %cmp/u;
    %jmp/1 T_8.7, 6;
    %dup/vec4;
    %pushi/vec4 2, 0, 8;
    %cmp/u;
    %jmp/1 T_8.8, 6;
    %dup/vec4;
    %pushi/vec4 3, 0, 8;
    %cmp/u;
    %jmp/1 T_8.9, 6;
    %pushi/vec4 1, 0, 1;
    %store/vec4 v0x5589e47cd200_0, 0, 1;
    %jmp T_8.11;
T_8.7 ;
    %load/vec4 v0x5589e47cd4d0_0;
    %store/vec4 v0x5589e47cd060_0, 0, 64;
    %jmp T_8.11;
T_8.8 ;
    %load/vec4 v0x5589e47cd4d0_0;
    %store/vec4 v0x5589e47cce80_0, 0, 64;
    %jmp T_8.11;
T_8.9 ;
    %load/vec4 v0x5589e47cd4d0_0;
    %store/vec4 v0x5589e47cd120_0, 0, 64;
    %jmp T_8.11;
T_8.11 ;
    %pop/vec4 1;
    %jmp T_8.3;
T_8.3 ;
    %pop/vec4 1;
    %jmp T_8;
    .thread T_8, $push;
    .scope S_0x5589e479f530;
T_9 ;
Ewait_3 .event/or E_0x5589e473f200, E_0x0;
    %wait Ewait_3;
    %pushi/vec4 0, 0, 1;
    %store/vec4 v0x5589e47d27e0_0, 0, 1;
    %pushi/vec4 0, 0, 1;
    %store/vec4 v0x5589e47d2980_0, 0, 1;
    %pushi/vec4 0, 0, 1;
    %store/vec4 v0x5589e47d2b20_0, 0, 1;
    %pushi/vec4 0, 0, 1;
    %store/vec4 v0x5589e47d3f70_0, 0, 1;
    %pushi/vec4 0, 0, 64;
    %store/vec4 v0x5589e47d3d00_0, 0, 64;
    %pushi/vec4 0, 0, 1;
    %store/vec4 v0x5589e47d24a0_0, 0, 1;
    %pushi/vec4 0, 0, 8;
    %store/vec4 v0x5589e47d2570_0, 0, 8;
    %pushi/vec4 0, 0, 64;
    %store/vec4 v0x5589e47d2090_0, 0, 64;
    %load/vec4 v0x5589e47d1eb0_0;
    %store/vec4 v0x5589e47d1f50_0, 0, 2;
    %pushi/vec4 0, 0, 1;
    %store/vec4 v0x5589e47d0e70_0, 0, 1;
    %pushi/vec4 0, 0, 1;
    %store/vec4 v0x5589e47d46c0_0, 0, 1;
    %load/vec4 v0x5589e47d45f0_0;
    %flag_set/vec4 8;
    %jmp/0xz  T_9.0, 8;
    %pushi/vec4 1, 0, 1;
    %store/vec4 v0x5589e47d27e0_0, 0, 1;
    %load/vec4 v0x5589e47d2e60_0;
    %parti/s 16, 0, 2;
    %store/vec4 v0x5589e47d28b0_0, 0, 16;
    %pushi/vec4 1, 0, 1;
    %store/vec4 v0x5589e47d2b20_0, 0, 1;
    %pushi/vec4 1, 0, 1;
    %store/vec4 v0x5589e47d46c0_0, 0, 1;
    %jmp T_9.1;
T_9.0 ;
    %pushi/vec4 0, 0, 1;
    %store/vec4 v0x5589e47d46c0_0, 0, 1;
    %load/vec4 v0x5589e47d1c30_0;
    %dup/vec4;
    %pushi/vec4 13, 0, 9;
    %cmp/u;
    %jmp/1 T_9.2, 6;
    %dup/vec4;
    %pushi/vec4 14, 0, 9;
    %cmp/u;
    %jmp/1 T_9.3, 6;
    %dup/vec4;
    %pushi/vec4 15, 0, 9;
    %cmp/u;
    %jmp/1 T_9.4, 6;
    %dup/vec4;
    %pushi/vec4 16, 0, 9;
    %cmp/u;
    %jmp/1 T_9.5, 6;
    %dup/vec4;
    %pushi/vec4 17, 0, 9;
    %cmp/u;
    %jmp/1 T_9.6, 6;
    %dup/vec4;
    %pushi/vec4 511, 0, 9;
    %cmp/u;
    %jmp/1 T_9.7, 6;
    %dup/vec4;
    %pushi/vec4 510, 0, 9;
    %cmp/u;
    %jmp/1 T_9.8, 6;
    %dup/vec4;
    %pushi/vec4 509, 0, 9;
    %cmp/u;
    %jmp/1 T_9.9, 6;
    %pushi/vec4 1, 0, 1;
    %store/vec4 v0x5589e47d2980_0, 0, 1;
    %pushi/vec4 0, 0, 1;
    %store/vec4 v0x5589e47d27e0_0, 0, 1;
    %load/vec4 v0x5589e47d1eb0_0;
    %store/vec4 v0x5589e47d1f50_0, 0, 2;
    %pushi/vec4 0, 0, 1;
    %store/vec4 v0x5589e47d0e70_0, 0, 1;
    %jmp T_9.11;
T_9.2 ;
    %pushi/vec4 1, 0, 1;
    %store/vec4 v0x5589e47d27e0_0, 0, 1;
    %load/vec4 v0x5589e47d19e0_0;
    %parti/s 16, 0, 2;
    %store/vec4 v0x5589e47d28b0_0, 0, 16;
    %pushi/vec4 0, 0, 1;
    %store/vec4 v0x5589e47d2980_0, 0, 1;
    %load/vec4 v0x5589e47d1eb0_0;
    %store/vec4 v0x5589e47d1f50_0, 0, 2;
    %jmp T_9.11;
T_9.3 ;
    %pushi/vec4 0, 0, 1;
    %store/vec4 v0x5589e47d2980_0, 0, 1;
    %pushi/vec4 0, 0, 1;
    %store/vec4 v0x5589e47d27e0_0, 0, 1;
    %load/vec4 v0x5589e47d1eb0_0;
    %store/vec4 v0x5589e47d1f50_0, 0, 2;
    %jmp T_9.11;
T_9.4 ;
    %pushi/vec4 1, 0, 1;
    %store/vec4 v0x5589e47d2b20_0, 0, 1;
    %pushi/vec4 1, 0, 1;
    %store/vec4 v0x5589e47d27e0_0, 0, 1;
    %load/vec4 v0x5589e47d19e0_0;
    %parti/s 16, 0, 2;
    %store/vec4 v0x5589e47d28b0_0, 0, 16;
    %pushi/vec4 0, 0, 1;
    %store/vec4 v0x5589e47d2980_0, 0, 1;
    %load/vec4 v0x5589e47d1eb0_0;
    %store/vec4 v0x5589e47d1f50_0, 0, 2;
    %jmp T_9.11;
T_9.5 ;
    %pushi/vec4 1, 0, 1;
    %store/vec4 v0x5589e47d27e0_0, 0, 1;
    %load/vec4 v0x5589e47d2bf0_0;
    %store/vec4 v0x5589e47d28b0_0, 0, 16;
    %pushi/vec4 0, 0, 1;
    %store/vec4 v0x5589e47d2980_0, 0, 1;
    %load/vec4 v0x5589e47d1eb0_0;
    %store/vec4 v0x5589e47d1f50_0, 0, 2;
    %jmp T_9.11;
T_9.6 ;
    %pushi/vec4 1, 0, 1;
    %store/vec4 v0x5589e47d3f70_0, 0, 1;
    %load/vec4 v0x5589e47d19e0_0;
    %parti/s 24, 16, 6;
    %load/vec4 v0x5589e47d19e0_0;
    %parti/s 8, 8, 5;
    %concat/vec4; draw_concat_vec4
    %load/vec4 v0x5589e47d19e0_0;
    %parti/s 8, 0, 2;
    %concat/vec4; draw_concat_vec4
    %pad/u 64;
    %store/vec4 v0x5589e47d3d00_0, 0, 64;
    %pushi/vec4 1, 0, 1;
    %store/vec4 v0x5589e47d2980_0, 0, 1;
    %pushi/vec4 0, 0, 1;
    %store/vec4 v0x5589e47d27e0_0, 0, 1;
    %load/vec4 v0x5589e47d1eb0_0;
    %store/vec4 v0x5589e47d1f50_0, 0, 2;
    %jmp T_9.11;
T_9.7 ;
    %load/vec4 v0x5589e47d1eb0_0;
    %cmpi/e 0, 0, 2;
    %jmp/0xz  T_9.12, 4;
    %pushi/vec4 1, 0, 1;
    %store/vec4 v0x5589e47d27e0_0, 0, 1;
    %load/vec4 v0x5589e47d19e0_0;
    %parti/s 16, 0, 2;
    %store/vec4 v0x5589e47d28b0_0, 0, 16;
    %pushi/vec4 0, 0, 1;
    %store/vec4 v0x5589e47d2980_0, 0, 1;
    %pushi/vec4 0, 0, 2;
    %store/vec4 v0x5589e47d1f50_0, 0, 2;
    %jmp T_9.13;
T_9.12 ;
    %pushi/vec4 0, 0, 1;
    %store/vec4 v0x5589e47d2980_0, 0, 1;
    %pushi/vec4 0, 0, 1;
    %store/vec4 v0x5589e47d27e0_0, 0, 1;
    %pushi/vec4 1, 0, 1;
    %store/vec4 v0x5589e47d0e70_0, 0, 1;
T_9.13 ;
    %jmp T_9.11;
T_9.8 ;
    %load/vec4 v0x5589e47d1eb0_0;
    %cmpi/e 1, 0, 2;
    %jmp/1 T_9.16, 4;
    %flag_mov 8, 4;
    %load/vec4 v0x5589e47d1eb0_0;
    %cmpi/e 0, 0, 2;
    %flag_or 4, 8;
T_9.16;
    %jmp/0xz  T_9.14, 4;
    %pushi/vec4 0, 0, 1;
    %store/vec4 v0x5589e47d27e0_0, 0, 1;
    %pushi/vec4 1, 0, 1;
    %store/vec4 v0x5589e47d2980_0, 0, 1;
    %pushi/vec4 1, 0, 2;
    %store/vec4 v0x5589e47d1f50_0, 0, 2;
    %jmp T_9.15;
T_9.14 ;
    %pushi/vec4 0, 0, 1;
    %store/vec4 v0x5589e47d2980_0, 0, 1;
    %pushi/vec4 0, 0, 1;
    %store/vec4 v0x5589e47d27e0_0, 0, 1;
    %pushi/vec4 1, 0, 1;
    %store/vec4 v0x5589e47d0e70_0, 0, 1;
T_9.15 ;
    %jmp T_9.11;
T_9.9 ;
    %pushi/vec4 1, 0, 1;
    %store/vec4 v0x5589e47d24a0_0, 0, 1;
    %load/vec4 v0x5589e47d1cd0_0;
    %parti/s 8, 0, 2;
    %store/vec4 v0x5589e47d2570_0, 0, 8;
    %load/vec4 v0x5589e47d19e0_0;
    %pad/u 64;
    %store/vec4 v0x5589e47d2090_0, 0, 64;
    %pushi/vec4 1, 0, 1;
    %store/vec4 v0x5589e47d2980_0, 0, 1;
    %pushi/vec4 0, 0, 1;
    %store/vec4 v0x5589e47d27e0_0, 0, 1;
    %load/vec4 v0x5589e47d1eb0_0;
    %store/vec4 v0x5589e47d1f50_0, 0, 2;
    %jmp T_9.11;
T_9.11 ;
    %pop/vec4 1;
T_9.1 ;
    %jmp T_9;
    .thread T_9, $push;
    .scope S_0x5589e479f530;
T_10 ;
    %wait E_0x5589e4740150;
    %load/vec4 v0x5589e47d4040_0;
    %flag_set/vec4 8;
    %jmp/0xz  T_10.0, 8;
    %pushi/vec4 0, 0, 2;
    %assign/vec4 v0x5589e47d1eb0_0, 0;
    %jmp T_10.1;
T_10.0 ;
    %load/vec4 v0x5589e47d1f50_0;
    %assign/vec4 v0x5589e47d1eb0_0, 0;
T_10.1 ;
    %jmp T_10;
    .thread T_10;
    .scope S_0x5589e479f530;
T_11 ;
    %wait E_0x5589e4740150;
    %load/vec4 v0x5589e47d1c30_0;
    %cmpi/e 511, 0, 9;
    %jmp/0xz  T_11.0, 4;
    %vpi_call/w 3 539 "$display", "machine: MMLOAD (finding signature)" {0 0 0};
    %vpi_call/w 3 540 "$display", "mode: %0d", v0x5589e47d1eb0_0 {0 0 0};
T_11.0 ;
    %load/vec4 v0x5589e47d1c30_0;
    %cmpi/e 510, 0, 9;
    %jmp/0xz  T_11.2, 4;
    %vpi_call/w 3 543 "$display", "machine: MMENTER (signature found)" {0 0 0};
    %vpi_call/w 3 544 "$display", "mode: %0d -> %0d (next)", v0x5589e47d1eb0_0, v0x5589e47d1f50_0 {0 0 0};
T_11.2 ;
    %jmp T_11;
    .thread T_11;
    .scope S_0x5589e479f1b0;
T_12 ;
    %delay 5, 0;
    %load/vec4 v0x5589e47d4ce0_0;
    %inv;
    %store/vec4 v0x5589e47d4ce0_0, 0, 1;
    %jmp T_12;
    .thread T_12;
    .scope S_0x5589e479f1b0;
T_13 ;
    %pushi/vec4 0, 0, 1;
    %store/vec4 v0x5589e47d4ce0_0, 0, 1;
    %pushi/vec4 1, 0, 1;
    %store/vec4 v0x5589e47d4d80_0, 0, 1;
    %pushi/vec4 0, 0, 1;
    %store/vec4 v0x5589e47d4e70_0, 0, 1;
    %delay 10, 0;
    %pushi/vec4 0, 0, 1;
    %store/vec4 v0x5589e47d4d80_0, 0, 1;
    %pushi/vec4 1, 0, 1;
    %store/vec4 v0x5589e47d4e70_0, 0, 1;
    %vpi_call/w 3 564 "$monitor", "pc=%0d | timer_IA=%0d | ticks=%0d | opcode=%h | msr_we=%0d", v0x5589e47cc3e0_0, v0x5589e47d45f0_0, v0x5589e47d4aa0_0, v0x5589e47d1c30_0, v0x5589e47d24a0_0 {0 0 0};
    %delay 10000, 0;
    %pushi/vec4 10, 0, 32;
T_13.0 %dup/vec4;
    %cmpi/s 0, 0, 32;
    %jmp/1xz T_13.1, 5;
    %jmp/1 T_13.1, 4;
    %subi 1, 0, 32;
    %wait E_0x5589e4740150;
    %vpi_call/w 3 571 "$display", "pc=%0d | instruction=%h | opcode=%h", v0x5589e47cc3e0_0, v0x5589e47d1a80_0, v0x5589e47d1c30_0 {0 0 0};
    %jmp T_13.0;
T_13.1 ;
    %pop/vec4 1;
    %delay 10, 0;
    %vpi_call/w 3 576 "$display", "\000" {0 0 0};
    %vpi_call/w 3 577 "$display", "===== RF =====" {0 0 0};
    %vpi_call/w 3 578 "$display", "RF[0] = %h", &A<v0x5589e47ce820, 0> {0 0 0};
    %vpi_call/w 3 579 "$display", "RF[1] = %h", &A<v0x5589e47ce820, 1> {0 0 0};
    %vpi_call/w 3 580 "$display", "RF[2] = %h", &A<v0x5589e47ce820, 2> {0 0 0};
    %vpi_call/w 3 581 "$display", "RF[3] = %h", &A<v0x5589e47ce820, 3> {0 0 0};
    %vpi_call/w 3 583 "$display", "\000" {0 0 0};
    %vpi_call/w 3 584 "$display", "===== RDT =====" {0 0 0};
    %vpi_call/w 3 585 "$display", "opcode = %h", v0x5589e47d1c30_0 {0 0 0};
    %vpi_call/w 3 586 "$display", "RP data_out   = %h", v0x5589e47d3dd0_0 {0 0 0};
    %vpi_call/w 3 587 "$display", "RDT block     = %h", v0x5589e47d30d0_0 {0 0 0};
    %vpi_call/w 3 588 "$display", "RDT device    = %h", v0x5589e47d31a0_0 {0 0 0};
    %vpi_call/w 3 589 "$display", "RDT handler   = %h", v0x5589e47d3270_0 {0 0 0};
    %vpi_call/w 3 590 "$display", "TIMER handler = %h", v0x5589e47d2e60_0 {0 0 0};
    %vpi_call/w 3 592 "$display", "\000" {0 0 0};
    %vpi_call/w 3 593 "$display", "===== MSR =====" {0 0 0};
    %vpi_call/w 3 594 "$display", "opcode = %h", v0x5589e47d1c30_0 {0 0 0};
    %vpi_call/w 3 595 "$display", "MSR data    = %h", v0x5589e47d2090_0 {0 0 0};
    %vpi_call/w 3 596 "$display", "MSR timer0  = %h", v0x5589e47d2230_0 {0 0 0};
    %vpi_call/w 3 597 "$display", "MSR timer1  = %h", v0x5589e47d2300_0 {0 0 0};
    %vpi_call/w 3 598 "$display", "MSR timer2  = %h", v0x5589e47d23d0_0 {0 0 0};
    %vpi_call/w 3 599 "$display", "MSR wr_addr = %h", v0x5589e47d2570_0 {0 0 0};
    %vpi_call/w 3 601 "$display", "\000" {0 0 0};
    %vpi_call/w 3 602 "$finish" {0 0 0};
    %end;
    .thread T_13;
# The file index is used to find the file name in the following table.
:file_names 4;
    "N/A";
    "<interactive>";
    "-";
    "../vn.sv";
