#! /usr/bin/vvp
:ivl_version "13.0 (stable)" "(v13_0-dirty)";
:ivl_delay_selection "TYPICAL";
:vpi_time_precision + 0;
:vpi_module "/usr/lib/ivl/system.vpi";
:vpi_module "/usr/lib/ivl/vhdl_sys.vpi";
:vpi_module "/usr/lib/ivl/vhdl_textio.vpi";
:vpi_module "/usr/lib/ivl/v2005_math.vpi";
:vpi_module "/usr/lib/ivl/va_math.vpi";
:vpi_module "/usr/lib/ivl/v2009.vpi";
S_0x55789cc3b7c0 .scope package, "$unit" "$unit" 2 1;
 .timescale 0 0;
S_0x55789cc23cb0 .scope module, "CU_Testbench" "CU_Testbench" 3 254;
 .timescale 0 0;
v0x55789cc661e0_0 .var "clk", 0 0;
v0x55789cc662b0_0 .var "rst", 0 0;
v0x55789cc66380_0 .var "we", 0 0;
S_0x55789cc23e40 .scope module, "cu" "CU" 3 257, 3 109 0, S_0x55789cc23cb0;
 .timescale 0 0;
    .port_info 0 /INPUT 1 "clk";
    .port_info 1 /INPUT 1 "rst";
    .port_info 2 /INPUT 1 "we";
L_0x55789cc66e10 .functor BUFZ 1, v0x55789cc661e0_0, C4<0>, C4<0>, C4<0>;
L_0x55789cc66f20 .functor BUFZ 1, v0x55789cc661e0_0, C4<0>, C4<0>, C4<0>;
L_0x55789cc66fe0 .functor BUFZ 1, v0x55789cc662b0_0, C4<0>, C4<0>, C4<0>;
L_0x55789cc670f0 .functor BUFZ 1, v0x55789cc662b0_0, C4<0>, C4<0>, C4<0>;
L_0x55789cc671e0 .functor BUFZ 1, v0x55789cc66380_0, C4<0>, C4<0>, C4<0>;
L_0x55789cc672f0 .functor BUFZ 9, v0x55789cc615a0_0, C4<000000000>, C4<000000000>, C4<000000000>;
L_0x55789cc67460 .functor BUFZ 5, v0x55789cc61660_0, C4<00000>, C4<00000>, C4<00000>;
L_0x55789cc67570 .functor BUFZ 5, v0x55789cc61740_0, C4<00000>, C4<00000>, C4<00000>;
L_0x55789cc67680 .functor BUFZ 5, v0x55789cc61870_0, C4<00000>, C4<00000>, C4<00000>;
L_0x55789cc77bb0 .functor BUFZ 64, L_0x55789cc41150, C4<0000000000000000000000000000000000000000000000000000000000000000>, C4<0000000000000000000000000000000000000000000000000000000000000000>, C4<0000000000000000000000000000000000000000000000000000000000000000>;
L_0x55789cc77cd0 .functor BUFZ 64, L_0x55789cc669c0, C4<0000000000000000000000000000000000000000000000000000000000000000>, C4<0000000000000000000000000000000000000000000000000000000000000000>, C4<0000000000000000000000000000000000000000000000000000000000000000>;
L_0x55789cc77d40 .functor BUFZ 64, L_0x55789cc66d00, C4<0000000000000000000000000000000000000000000000000000000000000000>, C4<0000000000000000000000000000000000000000000000000000000000000000>, C4<0000000000000000000000000000000000000000000000000000000000000000>;
L_0x55789cc77e70 .functor BUFZ 16, v0x55789cc61dc0_0, C4<0000000000000000>, C4<0000000000000000>, C4<0000000000000000>;
L_0x7fc003fb70f0 .functor BUFT 1, C4<000001100>, C4<0>, C4<0>, C4<0>;
v0x55789cc64230_0 .net/2u *"_ivl_18", 8 0, L_0x7fc003fb70f0;  1 drivers
v0x55789cc64310_0 .net *"_ivl_20", 0 0, L_0x55789cc77750;  1 drivers
v0x55789cc643d0_0 .net *"_ivl_22", 63 0, L_0x55789cc77840;  1 drivers
L_0x7fc003fb7138 .functor BUFT 1, C4<000000000000000000000000>, C4<0>, C4<0>, C4<0>;
v0x55789cc64490_0 .net *"_ivl_25", 23 0, L_0x7fc003fb7138;  1 drivers
v0x55789cc64570_0 .net "alu_dz", 0 0, v0x55789cc437f0_0;  1 drivers
v0x55789cc64660_0 .net "alu_num0", 63 0, L_0x55789cc77bb0;  1 drivers
v0x55789cc64700_0 .net "alu_num1", 63 0, L_0x55789cc77cd0;  1 drivers
v0x55789cc647a0_0 .net "alu_operation", 8 0, L_0x55789cc672f0;  1 drivers
v0x55789cc64840_0 .net "alu_ov", 0 0, v0x55789cc60d40_0;  1 drivers
v0x55789cc64970_0 .net "alu_sum", 63 0, v0x55789cc60e50_0;  1 drivers
v0x55789cc64a10_0 .net "alu_uo", 0 0, v0x55789cc60f30_0;  1 drivers
v0x55789cc64ab0_0 .net "clk", 0 0, v0x55789cc661e0_0;  1 drivers
v0x55789cc64b50_0 .net "dcd_imm", 39 0, v0x55789cc613c0_0;  1 drivers
v0x55789cc64bf0_0 .net "dcd_instruction", 63 0, L_0x55789cc77d40;  1 drivers
v0x55789cc64c90_0 .net "dcd_opcode", 8 0, v0x55789cc615a0_0;  1 drivers
v0x55789cc64d30_0 .net "dcd_reg_dst", 4 0, v0x55789cc61660_0;  1 drivers
v0x55789cc64dd0_0 .net "dcd_reg_src0", 4 0, v0x55789cc61740_0;  1 drivers
v0x55789cc64e70_0 .net "dcd_reg_src1", 4 0, v0x55789cc61870_0;  1 drivers
v0x55789cc64f10_0 .var "mm_insufficcient_privileges_exception", 0 0;
v0x55789cc64fb0_0 .var "mode", 1 0;
v0x55789cc65070_0 .var "mode_next", 1 0;
v0x55789cc65150_0 .net "pc_clk", 0 0, L_0x55789cc66e10;  1 drivers
v0x55789cc651f0_0 .net "pc_count", 15 0, v0x55789cc61dc0_0;  1 drivers
v0x55789cc65290_0 .var "pc_go", 0 0;
v0x55789cc65330_0 .var "pc_go_addr", 15 0;
v0x55789cc65400_0 .var "pc_next", 0 0;
v0x55789cc654d0_0 .net "pc_rst", 0 0, L_0x55789cc66fe0;  1 drivers
v0x55789cc655a0_0 .net "rf_clk", 0 0, L_0x55789cc66f20;  1 drivers
v0x55789cc65670_0 .net "rf_data", 63 0, L_0x55789cc779d0;  1 drivers
v0x55789cc65740_0 .net "rf_data_out0", 63 0, L_0x55789cc41150;  1 drivers
v0x55789cc65810_0 .net "rf_data_out1", 63 0, L_0x55789cc669c0;  1 drivers
v0x55789cc658e0_0 .net "rf_rd_addr0", 4 0, L_0x55789cc67570;  1 drivers
v0x55789cc659b0_0 .net "rf_rd_addr1", 4 0, L_0x55789cc67680;  1 drivers
v0x55789cc65c90_0 .net "rf_rst", 0 0, L_0x55789cc670f0;  1 drivers
v0x55789cc65d60_0 .net "rf_we", 0 0, L_0x55789cc671e0;  1 drivers
v0x55789cc65e30_0 .net "rf_wr_addr", 4 0, L_0x55789cc67460;  1 drivers
v0x55789cc65f00_0 .net "rom_addr", 15 0, L_0x55789cc77e70;  1 drivers
v0x55789cc65fd0_0 .net "rom_instruction", 63 0, L_0x55789cc66d00;  1 drivers
v0x55789cc660a0_0 .net "rst", 0 0, v0x55789cc662b0_0;  1 drivers
v0x55789cc66140_0 .net "we", 0 0, v0x55789cc66380_0;  1 drivers
E_0x55789cc14fe0 .event posedge, v0x55789cc64ab0_0;
E_0x55789cc14cc0 .event anyedge, v0x55789cc615a0_0, v0x55789cc64fb0_0, v0x55789cc613c0_0;
L_0x55789cc77750 .cmp/eq 9, v0x55789cc615a0_0, L_0x7fc003fb70f0;
L_0x55789cc77840 .concat [ 40 24 0 0], v0x55789cc613c0_0, L_0x7fc003fb7138;
L_0x55789cc779d0 .functor MUXZ 64, v0x55789cc60e50_0, L_0x55789cc77840, L_0x55789cc77750, C4<>;
S_0x55789cc23fd0 .scope module, "alu" "ALU" 3 142, 3 23 0, S_0x55789cc23e40;
 .timescale 0 0;
    .port_info 0 /INPUT 9 "operation";
    .port_info 1 /INPUT 64 "num0";
    .port_info 2 /INPUT 64 "num1";
    .port_info 3 /OUTPUT 64 "sum";
    .port_info 4 /OUTPUT 1 "ov";
    .port_info 5 /OUTPUT 1 "dz";
    .port_info 6 /OUTPUT 1 "uo";
v0x55789cc437f0_0 .var "dz", 0 0;
v0x55789cc41260_0 .net "num0", 63 0, L_0x55789cc77bb0;  alias, 1 drivers
v0x55789cc60ba0_0 .net "num1", 63 0, L_0x55789cc77cd0;  alias, 1 drivers
v0x55789cc60c60_0 .net "operation", 8 0, L_0x55789cc672f0;  alias, 1 drivers
v0x55789cc60d40_0 .var "ov", 0 0;
v0x55789cc60e50_0 .var "sum", 63 0;
v0x55789cc60f30_0 .var "uo", 0 0;
E_0x55789cc15290 .event anyedge, v0x55789cc60c60_0, v0x55789cc41260_0, v0x55789cc60ba0_0;
S_0x55789cc610d0 .scope module, "dcd" "DCD" 3 148, 3 63 0, S_0x55789cc23e40;
 .timescale 0 0;
    .port_info 0 /INPUT 64 "instruction";
    .port_info 1 /OUTPUT 9 "opcode";
    .port_info 2 /OUTPUT 5 "reg_dst";
    .port_info 3 /OUTPUT 5 "reg_src0";
    .port_info 4 /OUTPUT 5 "reg_src1";
    .port_info 5 /OUTPUT 40 "imm";
v0x55789cc613c0_0 .var "imm", 39 0;
v0x55789cc614c0_0 .net "instruction", 63 0, L_0x55789cc77d40;  alias, 1 drivers
v0x55789cc615a0_0 .var "opcode", 8 0;
v0x55789cc61660_0 .var "reg_dst", 4 0;
v0x55789cc61740_0 .var "reg_src0", 4 0;
v0x55789cc61870_0 .var "reg_src1", 4 0;
E_0x55789cc14870 .event anyedge, v0x55789cc614c0_0;
S_0x55789cc61a10 .scope module, "pc" "PC" 3 158, 3 93 0, S_0x55789cc23e40;
 .timescale 0 0;
    .port_info 0 /INPUT 1 "clk";
    .port_info 1 /INPUT 1 "next";
    .port_info 2 /INPUT 1 "go";
    .port_info 3 /INPUT 1 "rst";
    .port_info 4 /INPUT 16 "go_addr";
    .port_info 5 /OUTPUT 16 "count";
v0x55789cc61ce0_0 .net "clk", 0 0, L_0x55789cc66e10;  alias, 1 drivers
v0x55789cc61dc0_0 .var "count", 15 0;
v0x55789cc61ea0_0 .net "go", 0 0, v0x55789cc65290_0;  1 drivers
v0x55789cc61f40_0 .net "go_addr", 15 0, v0x55789cc65330_0;  1 drivers
v0x55789cc62020_0 .net "next", 0 0, v0x55789cc65400_0;  1 drivers
v0x55789cc62130_0 .net "rst", 0 0, L_0x55789cc66fe0;  alias, 1 drivers
E_0x55789cc15020 .event posedge, v0x55789cc61ce0_0;
S_0x55789cc622b0 .scope module, "rf" "RF" 3 135, 3 1 0, S_0x55789cc23e40;
 .timescale 0 0;
    .port_info 0 /INPUT 1 "clk";
    .port_info 1 /INPUT 1 "rst";
    .port_info 2 /INPUT 1 "we";
    .port_info 3 /INPUT 5 "wr_addr";
    .port_info 4 /INPUT 5 "rd_addr0";
    .port_info 5 /INPUT 5 "rd_addr1";
    .port_info 6 /INPUT 64 "data";
    .port_info 7 /OUTPUT 64 "data_out0";
    .port_info 8 /OUTPUT 64 "data_out1";
L_0x55789cc41150 .functor BUFZ 64, L_0x55789cc66480, C4<0000000000000000000000000000000000000000000000000000000000000000>, C4<0000000000000000000000000000000000000000000000000000000000000000>, C4<0000000000000000000000000000000000000000000000000000000000000000>;
L_0x55789cc669c0 .functor BUFZ 64, L_0x55789cc66760, C4<0000000000000000000000000000000000000000000000000000000000000000>, C4<0000000000000000000000000000000000000000000000000000000000000000>, C4<0000000000000000000000000000000000000000000000000000000000000000>;
v0x55789cc62820_0 .net *"_ivl_0", 63 0, L_0x55789cc66480;  1 drivers
v0x55789cc62920_0 .net *"_ivl_10", 6 0, L_0x55789cc66800;  1 drivers
L_0x7fc003fb7060 .functor BUFT 1, C4<00>, C4<0>, C4<0>, C4<0>;
v0x55789cc62a00_0 .net *"_ivl_13", 1 0, L_0x7fc003fb7060;  1 drivers
v0x55789cc62ac0_0 .net *"_ivl_2", 6 0, L_0x55789cc66580;  1 drivers
L_0x7fc003fb7018 .functor BUFT 1, C4<00>, C4<0>, C4<0>, C4<0>;
v0x55789cc62ba0_0 .net *"_ivl_5", 1 0, L_0x7fc003fb7018;  1 drivers
v0x55789cc62cd0_0 .net *"_ivl_8", 63 0, L_0x55789cc66760;  1 drivers
v0x55789cc62db0_0 .net "clk", 0 0, L_0x55789cc66f20;  alias, 1 drivers
v0x55789cc62e70_0 .net "data", 63 0, L_0x55789cc779d0;  alias, 1 drivers
v0x55789cc62f50_0 .net "data_out0", 63 0, L_0x55789cc41150;  alias, 1 drivers
v0x55789cc63030_0 .net "data_out1", 63 0, L_0x55789cc669c0;  alias, 1 drivers
v0x55789cc63110_0 .net "rd_addr0", 4 0, L_0x55789cc67570;  alias, 1 drivers
v0x55789cc631f0_0 .net "rd_addr1", 4 0, L_0x55789cc67680;  alias, 1 drivers
v0x55789cc632d0_0 .net "rst", 0 0, L_0x55789cc670f0;  alias, 1 drivers
v0x55789cc63390 .array "rx", 31 0, 63 0;
v0x55789cc63450_0 .net "we", 0 0, L_0x55789cc671e0;  alias, 1 drivers
v0x55789cc63510_0 .net "wr_addr", 4 0, L_0x55789cc67460;  alias, 1 drivers
E_0x55789cc154a0 .event posedge, v0x55789cc62db0_0;
L_0x55789cc66480 .array/port v0x55789cc63390, L_0x55789cc66580;
L_0x55789cc66580 .concat [ 5 2 0 0], L_0x55789cc67570, L_0x7fc003fb7018;
L_0x55789cc66760 .array/port v0x55789cc63390, L_0x55789cc66800;
L_0x55789cc66800 .concat [ 5 2 0 0], L_0x55789cc67680, L_0x7fc003fb7060;
S_0x55789cc62520 .scope begin, "$ivl_for_loop0" "$ivl_for_loop0" 3 12, 3 12 0, S_0x55789cc622b0;
 .timescale 0 0;
v0x55789cc62720_0 .var/2s "i", 31 0;
S_0x55789cc63710 .scope module, "rom" "ROM" 3 154, 3 78 0, S_0x55789cc23e40;
 .timescale 0 0;
    .port_info 0 /INPUT 16 "addr";
    .port_info 1 /OUTPUT 64 "instruction";
L_0x55789cc66d00 .functor BUFZ 64, L_0x55789cc66ad0, C4<0000000000000000000000000000000000000000000000000000000000000000>, C4<0000000000000000000000000000000000000000000000000000000000000000>, C4<0000000000000000000000000000000000000000000000000000000000000000>;
v0x55789cc63c60_0 .net *"_ivl_0", 63 0, L_0x55789cc66ad0;  1 drivers
v0x55789cc63d60_0 .net *"_ivl_2", 17 0, L_0x55789cc66b70;  1 drivers
L_0x7fc003fb70a8 .functor BUFT 1, C4<00>, C4<0>, C4<0>, C4<0>;
v0x55789cc63e40_0 .net *"_ivl_5", 1 0, L_0x7fc003fb70a8;  1 drivers
v0x55789cc63f00_0 .net "addr", 15 0, L_0x55789cc77e70;  alias, 1 drivers
v0x55789cc63fe0_0 .net "instruction", 63 0, L_0x55789cc66d00;  alias, 1 drivers
v0x55789cc64110 .array "rom", 65535 0, 63 0;
L_0x55789cc66ad0 .array/port v0x55789cc64110, L_0x55789cc66b70;
L_0x55789cc66b70 .concat [ 16 2 0 0], L_0x55789cc77e70, L_0x7fc003fb70a8;
S_0x55789cc63960 .scope begin, "$ivl_for_loop1" "$ivl_for_loop1" 3 85, 3 85 0, S_0x55789cc63710;
 .timescale 0 0;
v0x55789cc63b60_0 .var/2s "i", 31 0;
    .scope S_0x55789cc622b0;
T_0 ;
    %wait E_0x55789cc154a0;
    %load/vec4 v0x55789cc632d0_0;
    %flag_set/vec4 8;
    %jmp/0xz  T_0.0, 8;
    %fork t_1, S_0x55789cc62520;
    %jmp t_0;
    .scope S_0x55789cc62520;
t_1 ;
    %pushi/vec4 0, 0, 32;
    %store/vec4 v0x55789cc62720_0, 0, 32;
T_0.2 ; Top of for-loop
    %load/vec4 v0x55789cc62720_0;
    %cmpi/s 32, 0, 32;
	  %jmp/0xz T_0.3, 5;
    %pushi/vec4 0, 0, 64;
    %ix/getv/s 3, v0x55789cc62720_0;
    %ix/load 4, 0, 0; Constant delay
    %assign/vec4/a/d v0x55789cc63390, 0, 4;
T_0.4 ; for-loop step statement
    ; show_stmt_assign_vector: Get l-value for compressed += operand
    %load/vec4 v0x55789cc62720_0;
    %pushi/vec4 1, 0, 32;
    %add;
    %cast2;
    %store/vec4 v0x55789cc62720_0, 0, 32;
    %jmp T_0.2;
T_0.3 ; for-loop exit label
    %end;
    .scope S_0x55789cc622b0;
t_0 %join;
    %jmp T_0.1;
T_0.0 ;
    %load/vec4 v0x55789cc63450_0;
    %flag_set/vec4 8;
    %jmp/0xz  T_0.5, 8;
    %load/vec4 v0x55789cc62e70_0;
    %load/vec4 v0x55789cc63510_0;
    %pad/u 7;
    %ix/vec4 3;
    %ix/load 4, 0, 0; Constant delay
    %assign/vec4/a/d v0x55789cc63390, 0, 4;
T_0.5 ;
T_0.1 ;
    %jmp T_0;
    .thread T_0;
    .scope S_0x55789cc23fd0;
T_1 ;
Ewait_0 .event/or E_0x55789cc15290, E_0x0;
    %wait Ewait_0;
    %pushi/vec4 0, 0, 64;
    %store/vec4 v0x55789cc60e50_0, 0, 64;
    %pushi/vec4 0, 0, 3;
    %split/vec4 1;
    %store/vec4 v0x55789cc60f30_0, 0, 1;
    %split/vec4 1;
    %store/vec4 v0x55789cc437f0_0, 0, 1;
    %store/vec4 v0x55789cc60d40_0, 0, 1;
    %load/vec4 v0x55789cc60c60_0;
    %dup/vec4;
    %pushi/vec4 1, 0, 9;
    %cmp/u;
    %jmp/1 T_1.0, 6;
    %dup/vec4;
    %pushi/vec4 2, 0, 9;
    %cmp/u;
    %jmp/1 T_1.1, 6;
    %dup/vec4;
    %pushi/vec4 3, 0, 9;
    %cmp/u;
    %jmp/1 T_1.2, 6;
    %dup/vec4;
    %pushi/vec4 4, 0, 9;
    %cmp/u;
    %jmp/1 T_1.3, 6;
    %dup/vec4;
    %pushi/vec4 5, 0, 9;
    %cmp/u;
    %jmp/1 T_1.4, 6;
    %dup/vec4;
    %pushi/vec4 6, 0, 9;
    %cmp/u;
    %jmp/1 T_1.5, 6;
    %dup/vec4;
    %pushi/vec4 7, 0, 9;
    %cmp/u;
    %jmp/1 T_1.6, 6;
    %dup/vec4;
    %pushi/vec4 8, 0, 9;
    %cmp/u;
    %jmp/1 T_1.7, 6;
    %dup/vec4;
    %pushi/vec4 9, 0, 9;
    %cmp/u;
    %jmp/1 T_1.8, 6;
    %dup/vec4;
    %pushi/vec4 10, 0, 9;
    %cmp/u;
    %jmp/1 T_1.9, 6;
    %dup/vec4;
    %pushi/vec4 11, 0, 9;
    %cmp/u;
    %jmp/1 T_1.10, 6;
    %pushi/vec4 0, 0, 64;
    %store/vec4 v0x55789cc60e50_0, 0, 64;
    %pushi/vec4 1, 0, 1;
    %store/vec4 v0x55789cc60f30_0, 0, 1;
    %jmp T_1.12;
T_1.0 ;
    %load/vec4 v0x55789cc41260_0;
    %pad/u 65;
    %load/vec4 v0x55789cc60ba0_0;
    %pad/u 65;
    %add;
    %split/vec4 64;
    %store/vec4 v0x55789cc60e50_0, 0, 64;
    %store/vec4 v0x55789cc60d40_0, 0, 1;
    %jmp T_1.12;
T_1.1 ;
    %load/vec4 v0x55789cc41260_0;
    %pad/u 65;
    %load/vec4 v0x55789cc60ba0_0;
    %pad/u 65;
    %sub;
    %split/vec4 64;
    %store/vec4 v0x55789cc60e50_0, 0, 64;
    %store/vec4 v0x55789cc60d40_0, 0, 1;
    %jmp T_1.12;
T_1.2 ;
    %load/vec4 v0x55789cc41260_0;
    %pad/u 65;
    %load/vec4 v0x55789cc60ba0_0;
    %pad/u 65;
    %mul;
    %split/vec4 64;
    %store/vec4 v0x55789cc60e50_0, 0, 64;
    %store/vec4 v0x55789cc60d40_0, 0, 1;
    %jmp T_1.12;
T_1.3 ;
    %load/vec4 v0x55789cc60ba0_0;
    %cmpi/ne 0, 0, 64;
    %jmp/0xz  T_1.13, 4;
    %load/vec4 v0x55789cc41260_0;
    %pad/u 65;
    %load/vec4 v0x55789cc60ba0_0;
    %pad/u 65;
    %div;
    %split/vec4 64;
    %store/vec4 v0x55789cc60e50_0, 0, 64;
    %store/vec4 v0x55789cc60d40_0, 0, 1;
    %jmp T_1.14;
T_1.13 ;
    %pushi/vec4 0, 0, 64;
    %store/vec4 v0x55789cc60e50_0, 0, 64;
    %pushi/vec4 1, 0, 1;
    %store/vec4 v0x55789cc437f0_0, 0, 1;
T_1.14 ;
    %jmp T_1.12;
T_1.4 ;
    %load/vec4 v0x55789cc41260_0;
    %pad/u 65;
    %load/vec4 v0x55789cc60ba0_0;
    %pad/u 65;
    %and;
    %split/vec4 64;
    %store/vec4 v0x55789cc60e50_0, 0, 64;
    %store/vec4 v0x55789cc60d40_0, 0, 1;
    %jmp T_1.12;
T_1.5 ;
    %load/vec4 v0x55789cc41260_0;
    %pad/u 65;
    %load/vec4 v0x55789cc60ba0_0;
    %pad/u 65;
    %or;
    %split/vec4 64;
    %store/vec4 v0x55789cc60e50_0, 0, 64;
    %store/vec4 v0x55789cc60d40_0, 0, 1;
    %jmp T_1.12;
T_1.6 ;
    %load/vec4 v0x55789cc41260_0;
    %pad/u 65;
    %load/vec4 v0x55789cc60ba0_0;
    %pad/u 65;
    %xor;
    %split/vec4 64;
    %store/vec4 v0x55789cc60e50_0, 0, 64;
    %store/vec4 v0x55789cc60d40_0, 0, 1;
    %jmp T_1.12;
T_1.7 ;
    %load/vec4 v0x55789cc41260_0;
    %pad/u 65;
    %inv;
    %split/vec4 64;
    %store/vec4 v0x55789cc60e50_0, 0, 64;
    %store/vec4 v0x55789cc60d40_0, 0, 1;
    %jmp T_1.12;
T_1.8 ;
    %load/vec4 v0x55789cc41260_0;
    %pad/u 65;
    %ix/getv 4, v0x55789cc60ba0_0;
    %shiftr 4;
    %split/vec4 64;
    %store/vec4 v0x55789cc60e50_0, 0, 64;
    %store/vec4 v0x55789cc60d40_0, 0, 1;
    %jmp T_1.12;
T_1.9 ;
    %load/vec4 v0x55789cc41260_0;
    %pad/u 65;
    %ix/getv 4, v0x55789cc60ba0_0;
    %shiftl 4;
    %split/vec4 64;
    %store/vec4 v0x55789cc60e50_0, 0, 64;
    %store/vec4 v0x55789cc60d40_0, 0, 1;
    %jmp T_1.12;
T_1.10 ;
    %load/vec4 v0x55789cc41260_0;
    %pad/s 65;
    %ix/getv 4, v0x55789cc60ba0_0;
    %shiftr/s 4;
    %split/vec4 64;
    %store/vec4 v0x55789cc60e50_0, 0, 64;
    %store/vec4 v0x55789cc60d40_0, 0, 1;
    %jmp T_1.12;
T_1.12 ;
    %pop/vec4 1;
    %jmp T_1;
    .thread T_1, $push;
    .scope S_0x55789cc610d0;
T_2 ;
Ewait_1 .event/or E_0x55789cc14870, E_0x0;
    %wait Ewait_1;
    %load/vec4 v0x55789cc614c0_0;
    %parti/s 9, 55, 7;
    %store/vec4 v0x55789cc615a0_0, 0, 9;
    %load/vec4 v0x55789cc614c0_0;
    %parti/s 5, 50, 7;
    %store/vec4 v0x55789cc61660_0, 0, 5;
    %load/vec4 v0x55789cc614c0_0;
    %parti/s 5, 45, 7;
    %store/vec4 v0x55789cc61740_0, 0, 5;
    %load/vec4 v0x55789cc614c0_0;
    %parti/s 5, 40, 7;
    %store/vec4 v0x55789cc61870_0, 0, 5;
    %load/vec4 v0x55789cc614c0_0;
    %parti/s 40, 0, 2;
    %store/vec4 v0x55789cc613c0_0, 0, 40;
    %jmp T_2;
    .thread T_2, $push;
    .scope S_0x55789cc63710;
T_3 ;
    %fork t_3, S_0x55789cc63960;
    %jmp t_2;
    .scope S_0x55789cc63960;
t_3 ;
    %pushi/vec4 0, 0, 32;
    %store/vec4 v0x55789cc63b60_0, 0, 32;
T_3.0 ; Top of for-loop
    %load/vec4 v0x55789cc63b60_0;
    %cmpi/s 65536, 0, 32;
	  %jmp/0xz T_3.1, 5;
    %pushi/vec4 0, 0, 64;
    %ix/getv/s 4, v0x55789cc63b60_0;
    %store/vec4a v0x55789cc64110, 4, 0;
T_3.2 ; for-loop step statement
    ; show_stmt_assign_vector: Get l-value for compressed += operand
    %load/vec4 v0x55789cc63b60_0;
    %pushi/vec4 1, 0, 32;
    %add;
    %cast2;
    %store/vec4 v0x55789cc63b60_0, 0, 32;
    %jmp T_3.0;
T_3.1 ; for-loop exit label
    %end;
    .scope S_0x55789cc63710;
t_2 %join;
    %vpi_call/w 3 88 "$readmemh", "/home/dreamy/VN/ARCH-4/Firmware/src/firmware.hex", v0x55789cc64110 {0 0 0};
    %end;
    .thread T_3;
    .scope S_0x55789cc61a10;
T_4 ;
    %wait E_0x55789cc15020;
    %load/vec4 v0x55789cc62130_0;
    %flag_set/vec4 8;
    %jmp/0xz  T_4.0, 8;
    %pushi/vec4 0, 0, 16;
    %assign/vec4 v0x55789cc61dc0_0, 0;
    %jmp T_4.1;
T_4.0 ;
    %load/vec4 v0x55789cc61ea0_0;
    %flag_set/vec4 8;
    %jmp/0xz  T_4.2, 8;
    %load/vec4 v0x55789cc61f40_0;
    %assign/vec4 v0x55789cc61dc0_0, 0;
    %jmp T_4.3;
T_4.2 ;
    %load/vec4 v0x55789cc62020_0;
    %flag_set/vec4 8;
    %jmp/0xz  T_4.4, 8;
    %load/vec4 v0x55789cc61dc0_0;
    %addi 1, 0, 16;
    %assign/vec4 v0x55789cc61dc0_0, 0;
T_4.4 ;
T_4.3 ;
T_4.1 ;
    %jmp T_4;
    .thread T_4;
    .scope S_0x55789cc23e40;
T_5 ;
Ewait_2 .event/or E_0x55789cc14cc0, E_0x0;
    %wait Ewait_2;
    %pushi/vec4 0, 0, 1;
    %store/vec4 v0x55789cc65290_0, 0, 1;
    %pushi/vec4 0, 0, 1;
    %store/vec4 v0x55789cc65400_0, 0, 1;
    %pushi/vec4 0, 0, 2;
    %store/vec4 v0x55789cc65070_0, 0, 2;
    %pushi/vec4 0, 0, 1;
    %store/vec4 v0x55789cc64f10_0, 0, 1;
    %load/vec4 v0x55789cc64c90_0;
    %dup/vec4;
    %pushi/vec4 511, 0, 9;
    %cmp/u;
    %jmp/1 T_5.0, 6;
    %dup/vec4;
    %pushi/vec4 510, 0, 9;
    %cmp/u;
    %jmp/1 T_5.1, 6;
    %pushi/vec4 1, 0, 1;
    %store/vec4 v0x55789cc65400_0, 0, 1;
    %pushi/vec4 0, 0, 1;
    %store/vec4 v0x55789cc65290_0, 0, 1;
    %load/vec4 v0x55789cc64fb0_0;
    %store/vec4 v0x55789cc65070_0, 0, 2;
    %pushi/vec4 0, 0, 1;
    %store/vec4 v0x55789cc64f10_0, 0, 1;
    %jmp T_5.3;
T_5.0 ;
    %load/vec4 v0x55789cc64fb0_0;
    %cmpi/e 0, 0, 2;
    %jmp/0xz  T_5.4, 4;
    %pushi/vec4 1, 0, 1;
    %store/vec4 v0x55789cc65290_0, 0, 1;
    %load/vec4 v0x55789cc64b50_0;
    %parti/s 16, 0, 2;
    %store/vec4 v0x55789cc65330_0, 0, 16;
    %pushi/vec4 0, 0, 1;
    %store/vec4 v0x55789cc65400_0, 0, 1;
    %pushi/vec4 0, 0, 2;
    %store/vec4 v0x55789cc65070_0, 0, 2;
    %jmp T_5.5;
T_5.4 ;
    %pushi/vec4 0, 0, 1;
    %store/vec4 v0x55789cc65400_0, 0, 1;
    %pushi/vec4 0, 0, 1;
    %store/vec4 v0x55789cc65290_0, 0, 1;
    %pushi/vec4 1, 0, 1;
    %store/vec4 v0x55789cc64f10_0, 0, 1;
T_5.5 ;
    %jmp T_5.3;
T_5.1 ;
    %load/vec4 v0x55789cc64fb0_0;
    %cmpi/e 1, 0, 2;
    %jmp/1 T_5.8, 4;
    %flag_mov 8, 4;
    %load/vec4 v0x55789cc64fb0_0;
    %cmpi/e 0, 0, 2;
    %flag_or 4, 8;
T_5.8;
    %jmp/0xz  T_5.6, 4;
    %pushi/vec4 0, 0, 1;
    %store/vec4 v0x55789cc65290_0, 0, 1;
    %pushi/vec4 1, 0, 1;
    %store/vec4 v0x55789cc65400_0, 0, 1;
    %pushi/vec4 1, 0, 2;
    %store/vec4 v0x55789cc65070_0, 0, 2;
    %jmp T_5.7;
T_5.6 ;
    %pushi/vec4 0, 0, 1;
    %store/vec4 v0x55789cc65400_0, 0, 1;
    %pushi/vec4 0, 0, 1;
    %store/vec4 v0x55789cc65290_0, 0, 1;
    %pushi/vec4 1, 0, 1;
    %store/vec4 v0x55789cc64f10_0, 0, 1;
T_5.7 ;
    %jmp T_5.3;
T_5.3 ;
    %pop/vec4 1;
    %jmp T_5;
    .thread T_5, $push;
    .scope S_0x55789cc23e40;
T_6 ;
    %wait E_0x55789cc14fe0;
    %load/vec4 v0x55789cc660a0_0;
    %flag_set/vec4 8;
    %jmp/0xz  T_6.0, 8;
    %pushi/vec4 0, 0, 2;
    %assign/vec4 v0x55789cc64fb0_0, 0;
    %jmp T_6.1;
T_6.0 ;
    %load/vec4 v0x55789cc65070_0;
    %assign/vec4 v0x55789cc64fb0_0, 0;
T_6.1 ;
    %jmp T_6;
    .thread T_6;
    .scope S_0x55789cc23e40;
T_7 ;
    %wait E_0x55789cc14fe0;
    %load/vec4 v0x55789cc64c90_0;
    %cmpi/e 511, 0, 9;
    %jmp/0xz  T_7.0, 4;
    %vpi_call/w 3 244 "$display", "machine: MMLOAD (finding signature)" {0 0 0};
    %vpi_call/w 3 245 "$display", "mode: %0d", v0x55789cc64fb0_0 {0 0 0};
T_7.0 ;
    %load/vec4 v0x55789cc64c90_0;
    %cmpi/e 510, 0, 9;
    %jmp/0xz  T_7.2, 4;
    %vpi_call/w 3 248 "$display", "machine: MMENTER (signature found)" {0 0 0};
    %vpi_call/w 3 249 "$display", "mode: %0d -> %0d (next)", v0x55789cc64fb0_0, v0x55789cc65070_0 {0 0 0};
T_7.2 ;
    %jmp T_7;
    .thread T_7;
    .scope S_0x55789cc23cb0;
T_8 ;
    %delay 5, 0;
    %load/vec4 v0x55789cc661e0_0;
    %inv;
    %store/vec4 v0x55789cc661e0_0, 0, 1;
    %jmp T_8;
    .thread T_8;
    .scope S_0x55789cc23cb0;
T_9 ;
    %pushi/vec4 0, 0, 1;
    %store/vec4 v0x55789cc661e0_0, 0, 1;
    %pushi/vec4 1, 0, 1;
    %store/vec4 v0x55789cc662b0_0, 0, 1;
    %pushi/vec4 0, 0, 1;
    %store/vec4 v0x55789cc66380_0, 0, 1;
    %delay 10, 0;
    %pushi/vec4 0, 0, 1;
    %store/vec4 v0x55789cc662b0_0, 0, 1;
    %pushi/vec4 1, 0, 1;
    %store/vec4 v0x55789cc66380_0, 0, 1;
    %pushi/vec4 5, 0, 32;
T_9.0 %dup/vec4;
    %cmpi/s 0, 0, 32;
    %jmp/1xz T_9.1, 5;
    %jmp/1 T_9.1, 4;
    %subi 1, 0, 32;
    %wait E_0x55789cc14fe0;
    %vpi_call/w 3 271 "$display", "pc=%0d | instruction=%h | opcode=%h", v0x55789cc61dc0_0, v0x55789cc64bf0_0, v0x55789cc64c90_0 {0 0 0};
    %jmp T_9.0;
T_9.1 ;
    %pop/vec4 1;
    %delay 90, 0;
    %vpi_call/w 3 276 "$display", "RF[0] = %h", &A<v0x55789cc63390, 0> {0 0 0};
    %vpi_call/w 3 277 "$display", "RF[1] = %h", &A<v0x55789cc63390, 1> {0 0 0};
    %vpi_call/w 3 278 "$display", "RF[2] = %h", &A<v0x55789cc63390, 2> {0 0 0};
    %vpi_call/w 3 279 "$display", "RF[3] = %h", &A<v0x55789cc63390, 3> {0 0 0};
    %vpi_call/w 3 281 "$finish" {0 0 0};
    %end;
    .thread T_9;
# The file index is used to find the file name in the following table.
:file_names 4;
    "N/A";
    "<interactive>";
    "-";
    "../vn.sv";
