#! /usr/bin/vvp
:ivl_version "13.0 (stable)" "(v13_0-dirty)";
:ivl_delay_selection "TYPICAL";
:vpi_time_precision + 0;
:vpi_module "/usr/lib/ivl/system.vpi";
:vpi_module "/usr/lib/ivl/vhdl_sys.vpi";
:vpi_module "/usr/lib/ivl/vhdl_textio.vpi";
:vpi_module "/usr/lib/ivl/v2005_math.vpi";
:vpi_module "/usr/lib/ivl/va_math.vpi";
:vpi_module "/usr/lib/ivl/v2009.vpi";
S_0x562baf7a43e0 .scope package, "$unit" "$unit" 2 1;
 .timescale 0 0;
S_0x562baf7a4570 .scope module, "testbench" "testbench" 3 24;
 .timescale 0 0;
v0x562baf7c8bf0_0 .var "CLK", 0 0;
v0x562baf7c8cb0_0 .var "DATA_INPUT", 63 0;
v0x562baf7c8d50_0 .net "DATA_OUT", 63 0, L_0x562baf7c93c0;  1 drivers
v0x562baf7c8e20_0 .var "RD_ADDR", 4 0;
v0x562baf7c8ef0_0 .var "RST", 0 0;
v0x562baf7c8f90_0 .var "WE", 0 0;
v0x562baf7c9060_0 .var "WR_ADDR", 4 0;
S_0x562baf767530 .scope module, "rf" "RF" 3 33, 3 1 0, S_0x562baf7a4570;
 .timescale 0 0;
    .port_info 0 /INPUT 1 "CLK";
    .port_info 1 /INPUT 1 "WE";
    .port_info 2 /INPUT 1 "RST";
    .port_info 3 /INPUT 5 "RD_ADDR";
    .port_info 4 /INPUT 5 "WR_ADDR";
    .port_info 5 /INPUT 64 "DATA_INPUT";
    .port_info 6 /OUTPUT 64 "DATA_OUT";
L_0x562baf7c93c0 .functor BUFZ 64, L_0x562baf7c9130, C4<0000000000000000000000000000000000000000000000000000000000000000>, C4<0000000000000000000000000000000000000000000000000000000000000000>, C4<0000000000000000000000000000000000000000000000000000000000000000>;
v0x562baf7c81a0_0 .net "CLK", 0 0, v0x562baf7c8bf0_0;  1 drivers
v0x562baf7c8280_0 .net "DATA_INPUT", 63 0, v0x562baf7c8cb0_0;  1 drivers
v0x562baf7c8360_0 .net "DATA_OUT", 63 0, L_0x562baf7c93c0;  alias, 1 drivers
v0x562baf7c8420_0 .net "RD_ADDR", 4 0, v0x562baf7c8e20_0;  1 drivers
v0x562baf7c8500_0 .net "RST", 0 0, v0x562baf7c8ef0_0;  1 drivers
v0x562baf7c8610_0 .net "WE", 0 0, v0x562baf7c8f90_0;  1 drivers
v0x562baf7c86d0_0 .net "WR_ADDR", 4 0, v0x562baf7c9060_0;  1 drivers
v0x562baf7c87b0_0 .net *"_ivl_0", 63 0, L_0x562baf7c9130;  1 drivers
v0x562baf7c8890_0 .net *"_ivl_2", 6 0, L_0x562baf7c9230;  1 drivers
L_0x7fd945b20018 .functor BUFT 1, C4<00>, C4<0>, C4<0>, C4<0>;
v0x562baf7c8970_0 .net *"_ivl_5", 1 0, L_0x7fd945b20018;  1 drivers
v0x562baf7c8a50 .array "rx", 31 0, 63 0;
E_0x562baf7a0d20 .event posedge, v0x562baf7c81a0_0;
L_0x562baf7c9130 .array/port v0x562baf7c8a50, L_0x562baf7c9230;
L_0x562baf7c9230 .concat [ 5 2 0 0], v0x562baf7c8e20_0, L_0x7fd945b20018;
S_0x562baf7677b0 .scope begin, "$ivl_for_loop0" "$ivl_for_loop0" 3 15, 3 15 0, S_0x562baf767530;
 .timescale 0 0;
v0x562baf7a4700_0 .var/2s "i", 31 0;
    .scope S_0x562baf767530;
T_0 ;
    %wait E_0x562baf7a0d20;
    %load/vec4 v0x562baf7c8500_0;
    %flag_set/vec4 8;
    %jmp/0xz  T_0.0, 8;
    %fork t_1, S_0x562baf7677b0;
    %jmp t_0;
    .scope S_0x562baf7677b0;
t_1 ;
    %pushi/vec4 0, 0, 32;
    %store/vec4 v0x562baf7a4700_0, 0, 32;
T_0.2 ; Top of for-loop
    %load/vec4 v0x562baf7a4700_0;
    %cmpi/s 32, 0, 32;
	  %jmp/0xz T_0.3, 5;
    %pushi/vec4 0, 0, 64;
    %ix/getv/s 3, v0x562baf7a4700_0;
    %ix/load 4, 0, 0; Constant delay
    %assign/vec4/a/d v0x562baf7c8a50, 0, 4;
T_0.4 ; for-loop step statement
    ; show_stmt_assign_vector: Get l-value for compressed += operand
    %load/vec4 v0x562baf7a4700_0;
    %pushi/vec4 1, 0, 32;
    %add;
    %cast2;
    %store/vec4 v0x562baf7a4700_0, 0, 32;
    %jmp T_0.2;
T_0.3 ; for-loop exit label
    %end;
    .scope S_0x562baf767530;
t_0 %join;
    %jmp T_0.1;
T_0.0 ;
    %load/vec4 v0x562baf7c8610_0;
    %flag_set/vec4 8;
    %jmp/0xz  T_0.5, 8;
    %load/vec4 v0x562baf7c8280_0;
    %load/vec4 v0x562baf7c86d0_0;
    %pad/u 7;
    %ix/vec4 3;
    %ix/load 4, 0, 0; Constant delay
    %assign/vec4/a/d v0x562baf7c8a50, 0, 4;
T_0.5 ;
T_0.1 ;
    %jmp T_0;
    .thread T_0;
    .scope S_0x562baf7a4570;
T_1 ;
    %delay 5, 0;
    %load/vec4 v0x562baf7c8bf0_0;
    %inv;
    %store/vec4 v0x562baf7c8bf0_0, 0, 1;
    %jmp T_1;
    .thread T_1;
    .scope S_0x562baf7a4570;
T_2 ;
    %vpi_call/w 3 46 "$display", "=== RF | TB ===" {0 0 0};
    %pushi/vec4 0, 0, 1;
    %store/vec4 v0x562baf7c8bf0_0, 0, 1;
    %pushi/vec4 0, 0, 1;
    %store/vec4 v0x562baf7c8f90_0, 0, 1;
    %pushi/vec4 0, 0, 1;
    %store/vec4 v0x562baf7c8ef0_0, 0, 1;
    %pushi/vec4 0, 0, 5;
    %store/vec4 v0x562baf7c8e20_0, 0, 5;
    %pushi/vec4 0, 0, 5;
    %store/vec4 v0x562baf7c9060_0, 0, 5;
    %pushi/vec4 0, 0, 64;
    %store/vec4 v0x562baf7c8cb0_0, 0, 64;
    %delay 10, 0;
    %vpi_call/w 3 56 "$display", "[reset] DATA_OUT=%0h", v0x562baf7c8d50_0 {0 0 0};
    %vpi_call/w 3 57 "$display", "\000" {0 0 0};
    %pushi/vec4 1, 0, 1;
    %store/vec4 v0x562baf7c8ef0_0, 0, 1;
    %delay 10, 0;
    %pushi/vec4 0, 0, 1;
    %store/vec4 v0x562baf7c8ef0_0, 0, 1;
    %delay 10, 0;
    %pushi/vec4 0, 0, 5;
    %store/vec4 v0x562baf7c8e20_0, 0, 5;
    %delay 10, 0;
    %vpi_call/w 3 66 "$display", "[after_reset_r0] DATA_OUT=%0h", v0x562baf7c8d50_0 {0 0 0};
    %vpi_call/w 3 67 "$display", "\000" {0 0 0};
    %pushi/vec4 1, 0, 1;
    %store/vec4 v0x562baf7c8f90_0, 0, 1;
    %pushi/vec4 1, 0, 5;
    %store/vec4 v0x562baf7c9060_0, 0, 5;
    %pushi/vec4 3735928559, 0, 32;
    %concati/vec4 3735928559, 0, 32;
    %store/vec4 v0x562baf7c8cb0_0, 0, 64;
    %delay 10, 0;
    %pushi/vec4 0, 0, 1;
    %store/vec4 v0x562baf7c8f90_0, 0, 1;
    %delay 10, 0;
    %pushi/vec4 1, 0, 5;
    %store/vec4 v0x562baf7c8e20_0, 0, 5;
    %delay 10, 0;
    %vpi_call/w 3 78 "$display", "[write_read_r1] DATA_OUT=%0h", v0x562baf7c8d50_0 {0 0 0};
    %vpi_call/w 3 79 "$display", "\000" {0 0 0};
    %pushi/vec4 1, 0, 1;
    %store/vec4 v0x562baf7c8f90_0, 0, 1;
    %pushi/vec4 31, 0, 5;
    %store/vec4 v0x562baf7c9060_0, 0, 5;
    %pushi/vec4 4294967295, 0, 32;
    %concati/vec4 4294967295, 0, 32;
    %store/vec4 v0x562baf7c8cb0_0, 0, 64;
    %delay 10, 0;
    %pushi/vec4 0, 0, 1;
    %store/vec4 v0x562baf7c8f90_0, 0, 1;
    %delay 10, 0;
    %pushi/vec4 31, 0, 5;
    %store/vec4 v0x562baf7c8e20_0, 0, 5;
    %delay 10, 0;
    %vpi_call/w 3 90 "$display", "[write_read_r31] DATA_OUT=%0h", v0x562baf7c8d50_0 {0 0 0};
    %vpi_call/w 3 91 "$display", "\000" {0 0 0};
    %pushi/vec4 1, 0, 1;
    %store/vec4 v0x562baf7c8f90_0, 0, 1;
    %pushi/vec4 0, 0, 5;
    %store/vec4 v0x562baf7c9060_0, 0, 5;
    %pushi/vec4 3405691582, 0, 32;
    %concati/vec4 3405691582, 0, 32;
    %store/vec4 v0x562baf7c8cb0_0, 0, 64;
    %delay 10, 0;
    %pushi/vec4 0, 0, 1;
    %store/vec4 v0x562baf7c8f90_0, 0, 1;
    %delay 10, 0;
    %pushi/vec4 0, 0, 5;
    %store/vec4 v0x562baf7c8e20_0, 0, 5;
    %delay 10, 0;
    %vpi_call/w 3 102 "$display", "[write_read_r0] DATA_OUT=%0h", v0x562baf7c8d50_0 {0 0 0};
    %vpi_call/w 3 103 "$display", "\000" {0 0 0};
    %pushi/vec4 1, 0, 5;
    %store/vec4 v0x562baf7c8e20_0, 0, 5;
    %delay 10, 0;
    %vpi_call/w 3 107 "$display", "[verify_r1] DATA_OUT=%0h", v0x562baf7c8d50_0 {0 0 0};
    %vpi_call/w 3 108 "$display", "\000" {0 0 0};
    %pushi/vec4 1, 0, 1;
    %store/vec4 v0x562baf7c8f90_0, 0, 1;
    %pushi/vec4 1, 0, 5;
    %store/vec4 v0x562baf7c9060_0, 0, 5;
    %pushi/vec4 0, 0, 64;
    %store/vec4 v0x562baf7c8cb0_0, 0, 64;
    %delay 10, 0;
    %pushi/vec4 0, 0, 1;
    %store/vec4 v0x562baf7c8f90_0, 0, 1;
    %delay 10, 0;
    %pushi/vec4 1, 0, 5;
    %store/vec4 v0x562baf7c8e20_0, 0, 5;
    %delay 10, 0;
    %vpi_call/w 3 119 "$display", "[overwrite_r1] DATA_OUT=%0h", v0x562baf7c8d50_0 {0 0 0};
    %vpi_call/w 3 120 "$display", "\000" {0 0 0};
    %pushi/vec4 1, 0, 1;
    %store/vec4 v0x562baf7c8ef0_0, 0, 1;
    %delay 10, 0;
    %pushi/vec4 0, 0, 1;
    %store/vec4 v0x562baf7c8ef0_0, 0, 1;
    %delay 10, 0;
    %pushi/vec4 0, 0, 5;
    %store/vec4 v0x562baf7c8e20_0, 0, 5;
    %delay 10, 0;
    %vpi_call/w 3 129 "$display", "[final_reset_r0] DATA_OUT=%0h", v0x562baf7c8d50_0 {0 0 0};
    %pushi/vec4 1, 0, 5;
    %store/vec4 v0x562baf7c8e20_0, 0, 5;
    %delay 10, 0;
    %vpi_call/w 3 133 "$display", "[final_reset_r1] DATA_OUT=%0h", v0x562baf7c8d50_0 {0 0 0};
    %pushi/vec4 31, 0, 5;
    %store/vec4 v0x562baf7c8e20_0, 0, 5;
    %delay 10, 0;
    %vpi_call/w 3 137 "$display", "[final_reset_r31] DATA_OUT=%0h", v0x562baf7c8d50_0 {0 0 0};
    %vpi_call/w 3 138 "$display", "================" {0 0 0};
    %vpi_call/w 3 139 "$finish" {0 0 0};
    %end;
    .thread T_2;
# The file index is used to find the file name in the following table.
:file_names 4;
    "N/A";
    "<interactive>";
    "-";
    "!/Testbenches/RF/bench.sv";
