#! /usr/bin/vvp
:ivl_version "13.0 (stable)" "(v13_0-dirty)";
:ivl_delay_selection "TYPICAL";
:vpi_time_precision - 12;
:vpi_module "/usr/lib/ivl/system.vpi";
:vpi_module "/usr/lib/ivl/vhdl_sys.vpi";
:vpi_module "/usr/lib/ivl/vhdl_textio.vpi";
:vpi_module "/usr/lib/ivl/v2005_math.vpi";
:vpi_module "/usr/lib/ivl/va_math.vpi";
:vpi_module "/usr/lib/ivl/v2009.vpi";
S_0x562f74e2fa40 .scope package, "$unit" "$unit" 2 1;
 .timescale 0 0;
S_0x562f74e2fbd0 .scope module, "Testbench" "Testbench" 3 120;
 .timescale -9 -12;
v0x562f74e6ac30_0 .var "clock", 0 0;
v0x562f74e6acd0_0 .var "reset", 0 0;
S_0x562f74e32e30 .scope begin, "$ivl_for_loop2" "$ivl_for_loop2" 3 137, 3 137 0, S_0x562f74e2fbd0;
 .timescale -9 -12;
v0x562f74e21340_0 .var/2s "i", 31 0;
E_0x562f74e318c0 .event posedge, v0x562f74e67150_0;
S_0x562f74e65d60 .scope module, "dut" "top" 3 123, 3 10 0, S_0x562f74e2fbd0;
 .timescale 0 0;
    .port_info 0 /INPUT 1 "clock";
    .port_info 1 /INPUT 1 "reset";
L_0x562f74e7b9d0 .functor BUFZ 11, v0x562f74e66ae0_0, C4<00000000000>, C4<00000000000>, C4<00000000000>;
L_0x562f74e7ba90 .functor BUFZ 64, L_0x562f74e21230, C4<0000000000000000000000000000000000000000000000000000000000000000>, C4<0000000000000000000000000000000000000000000000000000000000000000>, C4<0000000000000000000000000000000000000000000000000000000000000000>;
L_0x562f74e7bb50 .functor BUFZ 64, L_0x562f74e22f70, C4<0000000000000000000000000000000000000000000000000000000000000000>, C4<0000000000000000000000000000000000000000000000000000000000000000>, C4<0000000000000000000000000000000000000000000000000000000000000000>;
L_0x562f74e7bf90 .functor BUFZ 5, v0x562f74e66840_0, C4<00000>, C4<00000>, C4<00000>;
L_0x562f74e7c0d0 .functor BUFZ 64, L_0x562f74e6b590, C4<0000000000000000000000000000000000000000000000000000000000000000>, C4<0000000000000000000000000000000000000000000000000000000000000000>, C4<0000000000000000000000000000000000000000000000000000000000000000>;
L_0x562f74e7c190 .functor BUFZ 5, v0x562f74e66bc0_0, C4<00000>, C4<00000>, C4<00000>;
L_0x562f74e7c290 .functor BUFZ 5, v0x562f74e66cf0_0, C4<00000>, C4<00000>, C4<00000>;
L_0x562f74e7c350 .functor OR 1, L_0x562f74e7b840, L_0x562f74e7b930, C4<0>, C4<0>;
L_0x562f74e7c4b0 .functor NOT 1, L_0x562f74e7c350, C4<0>, C4<0>, C4<0>;
L_0x562f74e7c5c0 .functor NOT 1, L_0x562f74e7b930, C4<0>, C4<0>, C4<0>;
v0x562f74e69430_0 .net "ALU_A", 63 0, L_0x562f74e7ba90;  1 drivers
v0x562f74e694f0_0 .net "ALU_B", 63 0, L_0x562f74e7bb50;  1 drivers
v0x562f74e69590_0 .net "ALU_Operation", 10 0, L_0x562f74e7b9d0;  1 drivers
v0x562f74e69630_0 .net "ALU_Result", 63 0, v0x562f74e663f0_0;  1 drivers
v0x562f74e696d0_0 .net "Decoder_Destination", 4 0, v0x562f74e66840_0;  1 drivers
v0x562f74e697c0_0 .net "Decoder_Immediate", 37 0, v0x562f74e66940_0;  1 drivers
v0x562f74e69860_0 .net "Decoder_Instruction", 63 0, L_0x562f74e7c0d0;  1 drivers
v0x562f74e69900_0 .net "Decoder_Operation", 10 0, v0x562f74e66ae0_0;  1 drivers
v0x562f74e699a0_0 .net "Decoder_Source0", 4 0, v0x562f74e66bc0_0;  1 drivers
v0x562f74e69a70_0 .net "Decoder_Source1", 4 0, v0x562f74e66cf0_0;  1 drivers
v0x562f74e69b40_0 .net "PC_CurrentAddress", 15 0, v0x562f74e67070_0;  1 drivers
v0x562f74e69be0_0 .net "PC_next", 0 0, L_0x562f74e7c5c0;  1 drivers
v0x562f74e69c80_0 .net "ROM_Instruction", 63 0, L_0x562f74e6b590;  1 drivers
v0x562f74e69d50_0 .net "RegFile_Data", 63 0, L_0x562f74e7bdb0;  1 drivers
v0x562f74e69e20_0 .net "RegFile_ReadRegister0", 4 0, L_0x562f74e7c190;  1 drivers
v0x562f74e69ef0_0 .net "RegFile_ReadRegister1", 4 0, L_0x562f74e7c290;  1 drivers
v0x562f74e69fc0_0 .net "RegFile_ReadedRegister0", 63 0, L_0x562f74e21230;  1 drivers
v0x562f74e6a090_0 .net "RegFile_ReadedRegister1", 63 0, L_0x562f74e22f70;  1 drivers
v0x562f74e6a160_0 .net "RegFile_WriteAddress", 4 0, L_0x562f74e7bf90;  1 drivers
L_0x7f00c7b550f0 .functor BUFT 1, C4<00000001010>, C4<0>, C4<0>, C4<0>;
v0x562f74e6a230_0 .net/2u *"_ivl_0", 10 0, L_0x7f00c7b550f0;  1 drivers
L_0x7f00c7b551c8 .functor BUFT 1, C4<00000000000000000000000000>, C4<0>, C4<0>, C4<0>;
v0x562f74e6a2d0_0 .net/2u *"_ivl_18", 25 0, L_0x7f00c7b551c8;  1 drivers
v0x562f74e6a3b0_0 .net *"_ivl_20", 63 0, L_0x562f74e7bc40;  1 drivers
v0x562f74e6a490_0 .net *"_ivl_32", 0 0, L_0x562f74e7c350;  1 drivers
L_0x7f00c7b55138 .functor BUFT 1, C4<00000001011>, C4<0>, C4<0>, C4<0>;
v0x562f74e6a570_0 .net/2u *"_ivl_4", 10 0, L_0x7f00c7b55138;  1 drivers
L_0x7f00c7b55180 .functor BUFT 1, C4<00000001100>, C4<0>, C4<0>, C4<0>;
v0x562f74e6a650_0 .net/2u *"_ivl_8", 10 0, L_0x7f00c7b55180;  1 drivers
v0x562f74e6a730_0 .net "clock", 0 0, v0x562f74e6ac30_0;  1 drivers
v0x562f74e6a820_0 .net "is_hlt_inst", 0 0, L_0x562f74e7b930;  1 drivers
v0x562f74e6a8e0_0 .net "is_mov_inst", 0 0, L_0x562f74e7b6b0;  1 drivers
v0x562f74e6a9a0_0 .net "is_nop_inst", 0 0, L_0x562f74e7b840;  1 drivers
v0x562f74e6aa60_0 .net "reset", 0 0, v0x562f74e6acd0_0;  1 drivers
v0x562f74e6ab50_0 .net "writeEnable", 0 0, L_0x562f74e7c4b0;  1 drivers
L_0x562f74e7b6b0 .cmp/eq 11, v0x562f74e66ae0_0, L_0x7f00c7b550f0;
L_0x562f74e7b840 .cmp/eq 11, v0x562f74e66ae0_0, L_0x7f00c7b55138;
L_0x562f74e7b930 .cmp/eq 11, v0x562f74e66ae0_0, L_0x7f00c7b55180;
L_0x562f74e7bc40 .concat [ 38 26 0 0], v0x562f74e66940_0, L_0x7f00c7b551c8;
L_0x562f74e7bdb0 .functor MUXZ 64, v0x562f74e663f0_0, L_0x562f74e7bc40, L_0x562f74e7b6b0, C4<>;
S_0x562f74e65fb0 .scope module, "alu" "ALU" 3 47, 4 1 0, S_0x562f74e65d60;
 .timescale 0 0;
    .port_info 0 /INPUT 11 "Operation";
    .port_info 1 /INPUT 64 "A";
    .port_info 2 /INPUT 64 "B";
    .port_info 3 /OUTPUT 64 "Result";
v0x562f74e230c0_0 .net "A", 63 0, L_0x562f74e7ba90;  alias, 1 drivers
v0x562f74e66250_0 .net "B", 63 0, L_0x562f74e7bb50;  alias, 1 drivers
v0x562f74e66330_0 .net "Operation", 10 0, L_0x562f74e7b9d0;  alias, 1 drivers
v0x562f74e663f0_0 .var "Result", 63 0;
E_0x562f74e30210 .event anyedge, v0x562f74e66330_0, v0x562f74e230c0_0, v0x562f74e66250_0;
S_0x562f74e66550 .scope module, "decoder" "Decoder" 3 70, 5 1 0, S_0x562f74e65d60;
 .timescale 0 0;
    .port_info 0 /INPUT 64 "Instruction";
    .port_info 1 /OUTPUT 11 "Operation";
    .port_info 2 /OUTPUT 5 "Source0";
    .port_info 3 /OUTPUT 5 "Source1";
    .port_info 4 /OUTPUT 5 "Destination";
    .port_info 5 /OUTPUT 38 "Immediate";
v0x562f74e66840_0 .var "Destination", 4 0;
v0x562f74e66940_0 .var "Immediate", 37 0;
v0x562f74e66a20_0 .net "Instruction", 63 0, L_0x562f74e7c0d0;  alias, 1 drivers
v0x562f74e66ae0_0 .var "Operation", 10 0;
v0x562f74e66bc0_0 .var "Source0", 4 0;
v0x562f74e66cf0_0 .var "Source1", 4 0;
E_0x562f74e30b30 .event anyedge, v0x562f74e66a20_0;
S_0x562f74e66e90 .scope module, "pc" "PC" 3 81, 6 1 0, S_0x562f74e65d60;
 .timescale 0 0;
    .port_info 0 /INPUT 1 "clock";
    .port_info 1 /INPUT 1 "reset";
    .port_info 2 /INPUT 1 "next";
    .port_info 3 /OUTPUT 16 "CurrentAddress";
v0x562f74e67070_0 .var "CurrentAddress", 15 0;
v0x562f74e67150_0 .net "clock", 0 0, v0x562f74e6ac30_0;  alias, 1 drivers
v0x562f74e67210_0 .net "next", 0 0, L_0x562f74e7c5c0;  alias, 1 drivers
v0x562f74e672b0_0 .net "reset", 0 0, v0x562f74e6acd0_0;  alias, 1 drivers
S_0x562f74e673f0 .scope module, "regfile" "RegFile" 3 56, 7 1 0, S_0x562f74e65d60;
 .timescale 0 0;
    .port_info 0 /INPUT 1 "clock";
    .port_info 1 /INPUT 1 "reset";
    .port_info 2 /INPUT 1 "writeEnable";
    .port_info 3 /INPUT 5 "WriteAddress";
    .port_info 4 /INPUT 5 "ReadRegister0";
    .port_info 5 /INPUT 5 "ReadRegister1";
    .port_info 6 /INPUT 64 "Data";
    .port_info 7 /OUTPUT 64 "ReadedRegister0";
    .port_info 8 /OUTPUT 64 "ReadedRegister1";
L_0x562f74e21230 .functor BUFZ 64, L_0x562f74e6ad90, C4<0000000000000000000000000000000000000000000000000000000000000000>, C4<0000000000000000000000000000000000000000000000000000000000000000>, C4<0000000000000000000000000000000000000000000000000000000000000000>;
L_0x562f74e22f70 .functor BUFZ 64, L_0x562f74e6b0b0, C4<0000000000000000000000000000000000000000000000000000000000000000>, C4<0000000000000000000000000000000000000000000000000000000000000000>, C4<0000000000000000000000000000000000000000000000000000000000000000>;
v0x562f74e67920_0 .net "Data", 63 0, L_0x562f74e7bdb0;  alias, 1 drivers
v0x562f74e67a20_0 .net "ReadRegister0", 4 0, L_0x562f74e7c190;  alias, 1 drivers
v0x562f74e67b00_0 .net "ReadRegister1", 4 0, L_0x562f74e7c290;  alias, 1 drivers
v0x562f74e67bc0_0 .net "ReadedRegister0", 63 0, L_0x562f74e21230;  alias, 1 drivers
v0x562f74e67ca0_0 .net "ReadedRegister1", 63 0, L_0x562f74e22f70;  alias, 1 drivers
v0x562f74e67dd0_0 .net "WriteAddress", 4 0, L_0x562f74e7bf90;  alias, 1 drivers
v0x562f74e67eb0_0 .net *"_ivl_0", 63 0, L_0x562f74e6ad90;  1 drivers
v0x562f74e67f90_0 .net *"_ivl_10", 6 0, L_0x562f74e6b150;  1 drivers
L_0x7f00c7b55060 .functor BUFT 1, C4<00>, C4<0>, C4<0>, C4<0>;
v0x562f74e68070_0 .net *"_ivl_13", 1 0, L_0x7f00c7b55060;  1 drivers
v0x562f74e681e0_0 .net *"_ivl_2", 6 0, L_0x562f74e6ae60;  1 drivers
L_0x7f00c7b55018 .functor BUFT 1, C4<00>, C4<0>, C4<0>, C4<0>;
v0x562f74e682c0_0 .net *"_ivl_5", 1 0, L_0x7f00c7b55018;  1 drivers
v0x562f74e683a0_0 .net *"_ivl_8", 63 0, L_0x562f74e6b0b0;  1 drivers
v0x562f74e68480_0 .net "clock", 0 0, v0x562f74e6ac30_0;  alias, 1 drivers
v0x562f74e68520_0 .net "reset", 0 0, v0x562f74e6acd0_0;  alias, 1 drivers
v0x562f74e685c0_0 .net "writeEnable", 0 0, L_0x562f74e7c4b0;  alias, 1 drivers
v0x562f74e68660 .array "x", 31 0, 63 0;
L_0x562f74e6ad90 .array/port v0x562f74e68660, L_0x562f74e6ae60;
L_0x562f74e6ae60 .concat [ 5 2 0 0], L_0x562f74e7c190, L_0x7f00c7b55018;
L_0x562f74e6b0b0 .array/port v0x562f74e68660, L_0x562f74e6b150;
L_0x562f74e6b150 .concat [ 5 2 0 0], L_0x562f74e7c290, L_0x7f00c7b55060;
S_0x562f74e67620 .scope begin, "$ivl_for_loop0" "$ivl_for_loop0" 7 15, 7 15 0, S_0x562f74e673f0;
 .timescale 0 0;
v0x562f74e67820_0 .var/2s "i", 31 0;
S_0x562f74e68820 .scope module, "rom" "ROM" 3 90, 8 1 0, S_0x562f74e65d60;
 .timescale 0 0;
    .port_info 0 /INPUT 16 "AddressIndex";
    .port_info 1 /OUTPUT 64 "Instruction";
P_0x562f74e68a00 .param/l "ROM_SIZE" 0 8 6, +C4<00000000000000010000000000000000>;
L_0x562f74e6b590 .functor BUFZ 64, L_0x562f74e6b3b0, C4<0000000000000000000000000000000000000000000000000000000000000000>, C4<0000000000000000000000000000000000000000000000000000000000000000>, C4<0000000000000000000000000000000000000000000000000000000000000000>;
v0x562f74e68ea0_0 .net "AddressIndex", 15 0, v0x562f74e67070_0;  alias, 1 drivers
v0x562f74e68f80_0 .net "Instruction", 63 0, L_0x562f74e6b590;  alias, 1 drivers
v0x562f74e69040 .array "ROM", 65535 0, 63 0;
v0x562f74e690e0_0 .net *"_ivl_0", 63 0, L_0x562f74e6b3b0;  1 drivers
v0x562f74e691c0_0 .net *"_ivl_2", 17 0, L_0x562f74e6b450;  1 drivers
L_0x7f00c7b550a8 .functor BUFT 1, C4<00>, C4<0>, C4<0>, C4<0>;
v0x562f74e692f0_0 .net *"_ivl_5", 1 0, L_0x7f00c7b550a8;  1 drivers
L_0x562f74e6b3b0 .array/port v0x562f74e69040, L_0x562f74e6b450;
L_0x562f74e6b450 .concat [ 16 2 0 0], v0x562f74e67070_0, L_0x7f00c7b550a8;
S_0x562f74e68ba0 .scope begin, "$ivl_for_loop1" "$ivl_for_loop1" 8 11, 8 11 0, S_0x562f74e68820;
 .timescale 0 0;
v0x562f74e68da0_0 .var/2s "i", 31 0;
    .scope S_0x562f74e65fb0;
T_0 ;
Ewait_0 .event/or E_0x562f74e30210, E_0x0;
    %wait Ewait_0;
    %load/vec4 v0x562f74e66330_0;
    %dup/vec4;
    %pushi/vec4 0, 0, 11;
    %cmp/u;
    %jmp/1 T_0.0, 6;
    %dup/vec4;
    %pushi/vec4 1, 0, 11;
    %cmp/u;
    %jmp/1 T_0.1, 6;
    %dup/vec4;
    %pushi/vec4 2, 0, 11;
    %cmp/u;
    %jmp/1 T_0.2, 6;
    %dup/vec4;
    %pushi/vec4 3, 0, 11;
    %cmp/u;
    %jmp/1 T_0.3, 6;
    %dup/vec4;
    %pushi/vec4 4, 0, 11;
    %cmp/u;
    %jmp/1 T_0.4, 6;
    %dup/vec4;
    %pushi/vec4 5, 0, 11;
    %cmp/u;
    %jmp/1 T_0.5, 6;
    %dup/vec4;
    %pushi/vec4 6, 0, 11;
    %cmp/u;
    %jmp/1 T_0.6, 6;
    %dup/vec4;
    %pushi/vec4 7, 0, 11;
    %cmp/u;
    %jmp/1 T_0.7, 6;
    %dup/vec4;
    %pushi/vec4 8, 0, 11;
    %cmp/u;
    %jmp/1 T_0.8, 6;
    %dup/vec4;
    %pushi/vec4 9, 0, 11;
    %cmp/u;
    %jmp/1 T_0.9, 6;
    %pushi/vec4 0, 0, 64;
    %store/vec4 v0x562f74e663f0_0, 0, 64;
    %jmp T_0.11;
T_0.0 ;
    %load/vec4 v0x562f74e230c0_0;
    %load/vec4 v0x562f74e66250_0;
    %add;
    %store/vec4 v0x562f74e663f0_0, 0, 64;
    %jmp T_0.11;
T_0.1 ;
    %load/vec4 v0x562f74e230c0_0;
    %load/vec4 v0x562f74e66250_0;
    %sub;
    %store/vec4 v0x562f74e663f0_0, 0, 64;
    %jmp T_0.11;
T_0.2 ;
    %load/vec4 v0x562f74e230c0_0;
    %load/vec4 v0x562f74e66250_0;
    %mul;
    %store/vec4 v0x562f74e663f0_0, 0, 64;
    %jmp T_0.11;
T_0.3 ;
    %load/vec4 v0x562f74e66250_0;
    %cmpi/e 0, 0, 64;
    %flag_mov 8, 4;
    %jmp/0 T_0.12, 8;
    %pushi/vec4 0, 0, 64;
    %jmp/1 T_0.13, 8;
T_0.12 ; End of true expr.
    %load/vec4 v0x562f74e230c0_0;
    %load/vec4 v0x562f74e66250_0;
    %div;
    %jmp/0 T_0.13, 8;
 ; End of false expr.
    %blend;
T_0.13;
    %store/vec4 v0x562f74e663f0_0, 0, 64;
    %jmp T_0.11;
T_0.4 ;
    %load/vec4 v0x562f74e230c0_0;
    %load/vec4 v0x562f74e66250_0;
    %and;
    %store/vec4 v0x562f74e663f0_0, 0, 64;
    %jmp T_0.11;
T_0.5 ;
    %load/vec4 v0x562f74e230c0_0;
    %load/vec4 v0x562f74e66250_0;
    %or;
    %store/vec4 v0x562f74e663f0_0, 0, 64;
    %jmp T_0.11;
T_0.6 ;
    %load/vec4 v0x562f74e230c0_0;
    %load/vec4 v0x562f74e66250_0;
    %xor;
    %store/vec4 v0x562f74e663f0_0, 0, 64;
    %jmp T_0.11;
T_0.7 ;
    %load/vec4 v0x562f74e230c0_0;
    %inv;
    %store/vec4 v0x562f74e663f0_0, 0, 64;
    %jmp T_0.11;
T_0.8 ;
    %load/vec4 v0x562f74e230c0_0;
    %ix/getv 4, v0x562f74e66250_0;
    %shiftl 4;
    %store/vec4 v0x562f74e663f0_0, 0, 64;
    %jmp T_0.11;
T_0.9 ;
    %load/vec4 v0x562f74e230c0_0;
    %ix/getv 4, v0x562f74e66250_0;
    %shiftr 4;
    %store/vec4 v0x562f74e663f0_0, 0, 64;
    %jmp T_0.11;
T_0.11 ;
    %pop/vec4 1;
    %jmp T_0;
    .thread T_0, $push;
    .scope S_0x562f74e673f0;
T_1 ;
    %wait E_0x562f74e318c0;
    %load/vec4 v0x562f74e68520_0;
    %flag_set/vec4 8;
    %jmp/0xz  T_1.0, 8;
    %fork t_1, S_0x562f74e67620;
    %jmp t_0;
    .scope S_0x562f74e67620;
t_1 ;
    %pushi/vec4 0, 0, 32;
    %store/vec4 v0x562f74e67820_0, 0, 32;
T_1.2 ; Top of for-loop
    %load/vec4 v0x562f74e67820_0;
    %cmpi/s 32, 0, 32;
	  %jmp/0xz T_1.3, 5;
    %pushi/vec4 0, 0, 64;
    %ix/getv/s 3, v0x562f74e67820_0;
    %ix/load 4, 0, 0; Constant delay
    %assign/vec4/a/d v0x562f74e68660, 0, 4;
T_1.4 ; for-loop step statement
    ; show_stmt_assign_vector: Get l-value for compressed += operand
    %load/vec4 v0x562f74e67820_0;
    %pushi/vec4 1, 0, 32;
    %add;
    %cast2;
    %store/vec4 v0x562f74e67820_0, 0, 32;
    %jmp T_1.2;
T_1.3 ; for-loop exit label
    %end;
    .scope S_0x562f74e673f0;
t_0 %join;
    %jmp T_1.1;
T_1.0 ;
    %load/vec4 v0x562f74e685c0_0;
    %flag_set/vec4 8;
    %jmp/0xz  T_1.5, 8;
    %load/vec4 v0x562f74e67920_0;
    %load/vec4 v0x562f74e67dd0_0;
    %pad/u 7;
    %ix/vec4 3;
    %ix/load 4, 0, 0; Constant delay
    %assign/vec4/a/d v0x562f74e68660, 0, 4;
T_1.5 ;
T_1.1 ;
    %jmp T_1;
    .thread T_1;
    .scope S_0x562f74e66550;
T_2 ;
Ewait_1 .event/or E_0x562f74e30b30, E_0x0;
    %wait Ewait_1;
    %load/vec4 v0x562f74e66a20_0;
    %parti/s 11, 53, 7;
    %store/vec4 v0x562f74e66ae0_0, 0, 11;
    %load/vec4 v0x562f74e66a20_0;
    %parti/s 5, 48, 7;
    %store/vec4 v0x562f74e66bc0_0, 0, 5;
    %load/vec4 v0x562f74e66a20_0;
    %parti/s 5, 43, 7;
    %store/vec4 v0x562f74e66cf0_0, 0, 5;
    %load/vec4 v0x562f74e66a20_0;
    %parti/s 5, 38, 7;
    %store/vec4 v0x562f74e66840_0, 0, 5;
    %load/vec4 v0x562f74e66a20_0;
    %parti/s 38, 0, 2;
    %store/vec4 v0x562f74e66940_0, 0, 38;
    %jmp T_2;
    .thread T_2, $push;
    .scope S_0x562f74e66e90;
T_3 ;
    %wait E_0x562f74e318c0;
    %load/vec4 v0x562f74e672b0_0;
    %flag_set/vec4 8;
    %jmp/0xz  T_3.0, 8;
    %pushi/vec4 0, 0, 16;
    %assign/vec4 v0x562f74e67070_0, 0;
    %jmp T_3.1;
T_3.0 ;
    %load/vec4 v0x562f74e67210_0;
    %flag_set/vec4 8;
    %jmp/0xz  T_3.2, 8;
    %load/vec4 v0x562f74e67070_0;
    %addi 1, 0, 16;
    %assign/vec4 v0x562f74e67070_0, 0;
T_3.2 ;
T_3.1 ;
    %jmp T_3;
    .thread T_3;
    .scope S_0x562f74e68820;
T_4 ;
    %fork t_3, S_0x562f74e68ba0;
    %jmp t_2;
    .scope S_0x562f74e68ba0;
t_3 ;
    %pushi/vec4 0, 0, 32;
    %store/vec4 v0x562f74e68da0_0, 0, 32;
T_4.0 ; Top of for-loop
    %load/vec4 v0x562f74e68da0_0;
    %cmpi/s 65536, 0, 32;
	  %jmp/0xz T_4.1, 5;
    %pushi/vec4 0, 0, 64;
    %ix/getv/s 4, v0x562f74e68da0_0;
    %store/vec4a v0x562f74e69040, 4, 0;
T_4.2 ; for-loop step statement
    ; show_stmt_assign_vector: Get l-value for compressed += operand
    %load/vec4 v0x562f74e68da0_0;
    %pushi/vec4 1, 0, 32;
    %add;
    %cast2;
    %store/vec4 v0x562f74e68da0_0, 0, 32;
    %jmp T_4.0;
T_4.1 ; for-loop exit label
    %end;
    .scope S_0x562f74e68820;
t_2 %join;
    %vpi_call/w 8 14 "$readmemh", "../Source/Misc/Firmwares/Build/vnfirmwaremgr.frm", v0x562f74e69040 {0 0 0};
    %end;
    .thread T_4;
    .scope S_0x562f74e2fbd0;
T_5 ;
    %pushi/vec4 0, 0, 1;
    %store/vec4 v0x562f74e6ac30_0, 0, 1;
T_5.0 ;
    %delay 5000, 0;
    %load/vec4 v0x562f74e6ac30_0;
    %inv;
    %store/vec4 v0x562f74e6ac30_0, 0, 1;
    %jmp T_5.0;
T_5.1 ;
    %end;
    .thread T_5;
    .scope S_0x562f74e2fbd0;
T_6 ;
    %pushi/vec4 1, 0, 1;
    %store/vec4 v0x562f74e6acd0_0, 0, 1;
    %delay 10000, 0;
    %pushi/vec4 0, 0, 1;
    %store/vec4 v0x562f74e6acd0_0, 0, 1;
    %fork t_5, S_0x562f74e32e30;
    %jmp t_4;
    .scope S_0x562f74e32e30;
t_5 ;
    %pushi/vec4 0, 0, 32;
    %store/vec4 v0x562f74e21340_0, 0, 32;
T_6.0 ; Top of for-loop
    %load/vec4 v0x562f74e21340_0;
    %cmpi/s 10, 0, 32;
	  %jmp/0xz T_6.1, 5;
    %wait E_0x562f74e318c0;
    %vpi_call/w 3 140 "$display", "op=0x%0h | x0=%0d x1=%0d x2=%0d", v0x562f74e69590_0, &A<v0x562f74e68660, 0>, &A<v0x562f74e68660, 1>, &A<v0x562f74e68660, 2> {0 0 0};
T_6.2 ; for-loop step statement
    ; show_stmt_assign_vector: Get l-value for compressed += operand
    %load/vec4 v0x562f74e21340_0;
    %pushi/vec4 1, 0, 32;
    %add;
    %cast2;
    %store/vec4 v0x562f74e21340_0, 0, 32;
    %jmp T_6.0;
T_6.1 ; for-loop exit label
    %end;
    .scope S_0x562f74e2fbd0;
t_4 %join;
    %vpi_call/w 3 142 "$finish" {0 0 0};
    %end;
    .thread T_6;
# The file index is used to find the file name in the following table.
:file_names 9;
    "N/A";
    "<interactive>";
    "-";
    "Source/Core/top.sv";
    "Source/Core/alu.sv";
    "Source/Core/decoder.sv";
    "Source/Core/pc.sv";
    "Source/Core/regfile.sv";
    "Source/Core/../Memory/rom.sv";
