#! /usr/bin/vvp
:ivl_version "13.0 (stable)" "(v13_0-dirty)";
:ivl_delay_selection "TYPICAL";
:vpi_time_precision + 0;
:vpi_module "/usr/lib/ivl/system.vpi";
:vpi_module "/usr/lib/ivl/vhdl_sys.vpi";
:vpi_module "/usr/lib/ivl/vhdl_textio.vpi";
:vpi_module "/usr/lib/ivl/v2005_math.vpi";
:vpi_module "/usr/lib/ivl/va_math.vpi";
:vpi_module "/usr/lib/ivl/v2009.vpi";
S_0x55779816ca90 .scope package, "$unit" "$unit" 2 1;
 .timescale 0 0;
S_0x55779816cc20 .scope module, "MMIO" "MMIO" 3 104;
 .timescale 0 0;
    .port_info 0 /INPUT 12 "addr";
    .port_info 1 /INPUT 1 "setbit";
    .port_info 2 /OUTPUT 1 "umd";
    .port_info 3 /OUTPUT 1 "UART";
    .port_info 4 /OUTPUT 1 "TIMER";
    .port_info 5 /OUTPUT 64 "GPIO";
v0x5577981a7f60 .array "GPIO", 63 0, 0 0;
v0x5577981a8020_0 .var "TIMER", 0 0;
v0x5577981a80e0_0 .var "UART", 0 0;
o0x7f4e094de0a8 .functor BUFZ 12, c4<zzzzzzzzzzzz>; HiZ drive
v0x5577981a8180_0 .net "addr", 11 0, o0x7f4e094de0a8;  0 drivers
o0x7f4e094de0d8 .functor BUFZ 1, c4<z>; HiZ drive
v0x5577981a8260_0 .net "setbit", 0 0, o0x7f4e094de0d8;  0 drivers
v0x5577981a8370_0 .var "umd", 0 0;
E_0x55779815a0f0 .event anyedge, v0x5577981a8180_0, v0x5577981a8260_0;
S_0x5577981608f0 .scope begin, "$ivl_for_loop2" "$ivl_for_loop2" 3 118, 3 118 0, S_0x55779816cc20;
 .timescale 0 0;
v0x557798160a80_0 .var/2s "i", 31 0;
S_0x557798160760 .scope module, "TB" "TB" 3 221;
 .timescale 0 0;
v0x5577981ad9a0_0 .var "clk", 0 0;
v0x5577981ada70_0 .var "rst", 0 0;
S_0x5577981a84f0 .scope module, "cu_inst" "CU" 3 224, 3 131 0, S_0x557798160760;
 .timescale 0 0;
    .port_info 0 /INPUT 1 "clk";
    .port_info 1 /INPUT 1 "rst";
L_0x5577981ae3f0 .functor BUFZ 1, v0x5577981ad9a0_0, C4<0>, C4<0>, C4<0>;
L_0x5577981ae500 .functor BUFZ 1, v0x5577981ad9a0_0, C4<0>, C4<0>, C4<0>;
L_0x5577981ae5c0 .functor BUFZ 1, v0x5577981ada70_0, C4<0>, C4<0>, C4<0>;
L_0x5577981ae6d0 .functor BUFZ 1, v0x5577981ada70_0, C4<0>, C4<0>, C4<0>;
L_0x5577981ae7c0 .functor BUFZ 9, v0x5577981a9690_0, C4<000000000>, C4<000000000>, C4<000000000>;
L_0x5577981ae8d0 .functor BUFZ 64, L_0x55779818a740, C4<0000000000000000000000000000000000000000000000000000000000000000>, C4<0000000000000000000000000000000000000000000000000000000000000000>, C4<0000000000000000000000000000000000000000000000000000000000000000>;
L_0x5577981ae9d0 .functor BUFZ 64, L_0x55779818a980, C4<0000000000000000000000000000000000000000000000000000000000000000>, C4<0000000000000000000000000000000000000000000000000000000000000000>, C4<0000000000000000000000000000000000000000000000000000000000000000>;
L_0x5577981aea90 .functor BUFZ 5, v0x5577981a9750_0, C4<00000>, C4<00000>, C4<00000>;
L_0x5577981aebf0 .functor BUFZ 5, v0x5577981a9830_0, C4<00000>, C4<00000>, C4<00000>;
L_0x5577981aecb0 .functor BUFZ 5, v0x5577981a9960_0, C4<00000>, C4<00000>, C4<00000>;
L_0x5577981bf1f0 .functor BUFZ 16, v0x5577981a9de0_0, C4<0000000000000000>, C4<0000000000000000>, C4<0000000000000000>;
L_0x5577981bf2b0 .functor BUFZ 64, L_0x55779818a9f0, C4<0000000000000000000000000000000000000000000000000000000000000000>, C4<0000000000000000000000000000000000000000000000000000000000000000>, C4<0000000000000000000000000000000000000000000000000000000000000000>;
L_0x7f4e090800f0 .functor BUFT 1, C4<000001100>, C4<0>, C4<0>, C4<0>;
v0x5577981ac020_0 .net/2u *"_ivl_20", 8 0, L_0x7f4e090800f0;  1 drivers
v0x5577981ac100_0 .net *"_ivl_22", 0 0, L_0x5577981bede0;  1 drivers
L_0x7f4e09080138 .functor BUFT 1, C4<000000000000000000000000>, C4<0>, C4<0>, C4<0>;
v0x5577981ac1c0_0 .net/2u *"_ivl_24", 23 0, L_0x7f4e09080138;  1 drivers
v0x5577981ac280_0 .net *"_ivl_26", 63 0, L_0x5577981beed0;  1 drivers
v0x5577981ac360_0 .net "alu_dz", 0 0, v0x5577981a8ad0_0;  1 drivers
v0x5577981ac450_0 .net "alu_num0", 63 0, L_0x5577981ae8d0;  1 drivers
v0x5577981ac4f0_0 .net "alu_num1", 63 0, L_0x5577981ae9d0;  1 drivers
v0x5577981ac590_0 .net "alu_operation", 8 0, L_0x5577981ae7c0;  1 drivers
v0x5577981ac630_0 .net "alu_ov", 0 0, v0x5577981a8e30_0;  1 drivers
v0x5577981ac760_0 .net "alu_sum", 63 0, v0x5577981a8f40_0;  1 drivers
v0x5577981ac800_0 .net "alu_uo", 0 0, v0x5577981a9020_0;  1 drivers
v0x5577981ac8a0_0 .net "clk", 0 0, v0x5577981ad9a0_0;  1 drivers
v0x5577981ac940_0 .net "dcd_immediate", 39 0, v0x5577981a94b0_0;  1 drivers
v0x5577981ac9e0_0 .net "dcd_instruction", 63 0, L_0x5577981bf2b0;  1 drivers
v0x5577981aca80_0 .net "dcd_opcode", 8 0, v0x5577981a9690_0;  1 drivers
v0x5577981acb20_0 .net "dcd_reg_dst", 4 0, v0x5577981a9750_0;  1 drivers
v0x5577981acbc0_0 .net "dcd_reg_src0", 4 0, v0x5577981a9830_0;  1 drivers
v0x5577981acc60_0 .net "dcd_reg_src1", 4 0, v0x5577981a9960_0;  1 drivers
v0x5577981acd00_0 .net "pc_clk", 0 0, L_0x5577981ae500;  1 drivers
v0x5577981acda0_0 .net "pc_count", 15 0, v0x5577981a9de0_0;  1 drivers
v0x5577981ace70_0 .var "pc_next", 0 0;
v0x5577981acf40_0 .net "pc_rst", 0 0, L_0x5577981ae6d0;  1 drivers
v0x5577981ad010_0 .net "rf_clk", 0 0, L_0x5577981ae3f0;  1 drivers
v0x5577981ad0e0_0 .net "rf_data_in", 63 0, L_0x5577981bf010;  1 drivers
v0x5577981ad1b0_0 .net "rf_rd_addr0", 4 0, L_0x5577981aebf0;  1 drivers
v0x5577981ad280_0 .net "rf_rd_addr1", 4 0, L_0x5577981aecb0;  1 drivers
v0x5577981ad350_0 .net "rf_reg_rd_addr_data_out0", 63 0, L_0x55779818a740;  1 drivers
v0x5577981ad420_0 .net "rf_reg_rd_addr_data_out1", 63 0, L_0x55779818a980;  1 drivers
v0x5577981ad4f0_0 .net "rf_rst", 0 0, L_0x5577981ae5c0;  1 drivers
v0x5577981ad5c0_0 .var "rf_we", 0 0;
v0x5577981ad690_0 .net "rf_wr_addr", 4 0, L_0x5577981aea90;  1 drivers
v0x5577981ad760_0 .net "rom_addr", 15 0, L_0x5577981bf1f0;  1 drivers
v0x5577981ad830_0 .net "rom_instruction", 63 0, L_0x55779818a9f0;  1 drivers
v0x5577981ad900_0 .net "rst", 0 0, v0x5577981ada70_0;  1 drivers
E_0x55779815a410 .event anyedge, v0x5577981a9690_0;
L_0x5577981bede0 .cmp/eq 9, v0x5577981a9690_0, L_0x7f4e090800f0;
L_0x5577981beed0 .concat [ 40 24 0 0], v0x5577981a94b0_0, L_0x7f4e09080138;
L_0x5577981bf010 .functor MUXZ 64, v0x5577981a8f40_0, L_0x5577981beed0, L_0x5577981bede0, C4<>;
S_0x5577981a87a0 .scope module, "alu" "ALU" 3 160, 3 25 0, S_0x5577981a84f0;
 .timescale 0 0;
    .port_info 0 /INPUT 9 "operation";
    .port_info 1 /INPUT 64 "num0";
    .port_info 2 /INPUT 64 "num1";
    .port_info 3 /OUTPUT 64 "sum";
    .port_info 4 /OUTPUT 1 "ov";
    .port_info 5 /OUTPUT 1 "dz";
    .port_info 6 /OUTPUT 1 "uo";
v0x5577981a8ad0_0 .var "dz", 0 0;
v0x5577981a8bb0_0 .net "num0", 63 0, L_0x5577981ae8d0;  alias, 1 drivers
v0x5577981a8c90_0 .net "num1", 63 0, L_0x5577981ae9d0;  alias, 1 drivers
v0x5577981a8d50_0 .net "operation", 8 0, L_0x5577981ae7c0;  alias, 1 drivers
v0x5577981a8e30_0 .var "ov", 0 0;
v0x5577981a8f40_0 .var "sum", 63 0;
v0x5577981a9020_0 .var "uo", 0 0;
E_0x5577981599f0 .event anyedge, v0x5577981a8d50_0, v0x5577981a8bb0_0, v0x5577981a8c90_0;
S_0x5577981a91c0 .scope module, "dcd" "DCD" 3 166, 3 58 0, S_0x5577981a84f0;
 .timescale 0 0;
    .port_info 0 /INPUT 64 "instruction";
    .port_info 1 /OUTPUT 9 "opcode";
    .port_info 2 /OUTPUT 5 "reg_dst";
    .port_info 3 /OUTPUT 5 "reg_src0";
    .port_info 4 /OUTPUT 5 "reg_src1";
    .port_info 5 /OUTPUT 40 "immediate";
v0x5577981a94b0_0 .var "immediate", 39 0;
v0x5577981a95b0_0 .net "instruction", 63 0, L_0x5577981bf2b0;  alias, 1 drivers
v0x5577981a9690_0 .var "opcode", 8 0;
v0x5577981a9750_0 .var "reg_dst", 4 0;
v0x5577981a9830_0 .var "reg_src0", 4 0;
v0x5577981a9960_0 .var "reg_src1", 4 0;
E_0x557798159530 .event anyedge, v0x5577981a95b0_0;
S_0x5577981a9b00 .scope module, "pc" "PC" 3 176, 3 89 0, S_0x5577981a84f0;
 .timescale 0 0;
    .port_info 0 /INPUT 1 "clk";
    .port_info 1 /INPUT 1 "rst";
    .port_info 2 /INPUT 1 "next";
    .port_info 3 /OUTPUT 16 "count";
v0x5577981a9d00_0 .net "clk", 0 0, L_0x5577981ae500;  alias, 1 drivers
v0x5577981a9de0_0 .var "count", 15 0;
v0x5577981a9ec0_0 .net "next", 0 0, v0x5577981ace70_0;  1 drivers
v0x5577981a9f60_0 .net "rst", 0 0, L_0x5577981ae6d0;  alias, 1 drivers
E_0x55779815a6c0 .event posedge, v0x5577981a9d00_0;
S_0x5577981aa0a0 .scope module, "rf" "RF" 3 155, 3 1 0, S_0x5577981a84f0;
 .timescale 0 0;
    .port_info 0 /INPUT 1 "clk";
    .port_info 1 /INPUT 1 "we";
    .port_info 2 /INPUT 1 "rst";
    .port_info 3 /INPUT 5 "rd_addr0";
    .port_info 4 /INPUT 5 "rd_addr1";
    .port_info 5 /INPUT 5 "wr_addr";
    .port_info 6 /INPUT 64 "data_in";
    .port_info 7 /OUTPUT 64 "reg_rd_addr_data_out0";
    .port_info 8 /OUTPUT 64 "reg_rd_addr_data_out1";
L_0x55779818a740 .functor BUFZ 64, L_0x5577981adb40, C4<0000000000000000000000000000000000000000000000000000000000000000>, C4<0000000000000000000000000000000000000000000000000000000000000000>, C4<0000000000000000000000000000000000000000000000000000000000000000>;
L_0x55779818a980 .functor BUFZ 64, L_0x5577981ade20, C4<0000000000000000000000000000000000000000000000000000000000000000>, C4<0000000000000000000000000000000000000000000000000000000000000000>, C4<0000000000000000000000000000000000000000000000000000000000000000>;
v0x5577981aa610_0 .net *"_ivl_0", 63 0, L_0x5577981adb40;  1 drivers
v0x5577981aa710_0 .net *"_ivl_10", 6 0, L_0x5577981adec0;  1 drivers
L_0x7f4e09080060 .functor BUFT 1, C4<00>, C4<0>, C4<0>, C4<0>;
v0x5577981aa7f0_0 .net *"_ivl_13", 1 0, L_0x7f4e09080060;  1 drivers
v0x5577981aa8b0_0 .net *"_ivl_2", 6 0, L_0x5577981adc40;  1 drivers
L_0x7f4e09080018 .functor BUFT 1, C4<00>, C4<0>, C4<0>, C4<0>;
v0x5577981aa990_0 .net *"_ivl_5", 1 0, L_0x7f4e09080018;  1 drivers
v0x5577981aaac0_0 .net *"_ivl_8", 63 0, L_0x5577981ade20;  1 drivers
v0x5577981aaba0_0 .net "clk", 0 0, L_0x5577981ae3f0;  alias, 1 drivers
v0x5577981aac60_0 .net "data_in", 63 0, L_0x5577981bf010;  alias, 1 drivers
v0x5577981aad40_0 .net "rd_addr0", 4 0, L_0x5577981aebf0;  alias, 1 drivers
v0x5577981aae20_0 .net "rd_addr1", 4 0, L_0x5577981aecb0;  alias, 1 drivers
v0x5577981aaf00_0 .net "reg_rd_addr_data_out0", 63 0, L_0x55779818a740;  alias, 1 drivers
v0x5577981aafe0_0 .net "reg_rd_addr_data_out1", 63 0, L_0x55779818a980;  alias, 1 drivers
v0x5577981ab0c0_0 .net "rst", 0 0, L_0x5577981ae5c0;  alias, 1 drivers
v0x5577981ab180 .array "rx", 31 0, 63 0;
v0x5577981ab240_0 .net "we", 0 0, v0x5577981ad5c0_0;  1 drivers
v0x5577981ab300_0 .net "wr_addr", 4 0, L_0x5577981aea90;  alias, 1 drivers
E_0x55779815a130 .event posedge, v0x5577981aaba0_0;
L_0x5577981adb40 .array/port v0x5577981ab180, L_0x5577981adc40;
L_0x5577981adc40 .concat [ 5 2 0 0], L_0x5577981aebf0, L_0x7f4e09080018;
L_0x5577981ade20 .array/port v0x5577981ab180, L_0x5577981adec0;
L_0x5577981adec0 .concat [ 5 2 0 0], L_0x5577981aecb0, L_0x7f4e09080060;
S_0x5577981aa310 .scope begin, "$ivl_for_loop0" "$ivl_for_loop0" 3 13, 3 13 0, S_0x5577981aa0a0;
 .timescale 0 0;
v0x5577981aa510_0 .var/2s "i", 31 0;
S_0x5577981ab500 .scope module, "rom" "ROM" 3 172, 3 73 0, S_0x5577981a84f0;
 .timescale 0 0;
    .port_info 0 /INPUT 16 "addr";
    .port_info 1 /OUTPUT 64 "instruction";
L_0x55779818a9f0 .functor BUFZ 64, L_0x5577981ae120, C4<0000000000000000000000000000000000000000000000000000000000000000>, C4<0000000000000000000000000000000000000000000000000000000000000000>, C4<0000000000000000000000000000000000000000000000000000000000000000>;
v0x5577981aba50_0 .net *"_ivl_0", 63 0, L_0x5577981ae120;  1 drivers
v0x5577981abb50_0 .net *"_ivl_2", 17 0, L_0x5577981ae1c0;  1 drivers
L_0x7f4e090800a8 .functor BUFT 1, C4<00>, C4<0>, C4<0>, C4<0>;
v0x5577981abc30_0 .net *"_ivl_5", 1 0, L_0x7f4e090800a8;  1 drivers
v0x5577981abcf0_0 .net "addr", 15 0, L_0x5577981bf1f0;  alias, 1 drivers
v0x5577981abdd0_0 .net "instruction", 63 0, L_0x55779818a9f0;  alias, 1 drivers
v0x5577981abf00 .array "rom", 65535 0, 63 0;
L_0x5577981ae120 .array/port v0x5577981abf00, L_0x5577981ae1c0;
L_0x5577981ae1c0 .concat [ 16 2 0 0], L_0x5577981bf1f0, L_0x7f4e090800a8;
S_0x5577981ab750 .scope begin, "$ivl_for_loop1" "$ivl_for_loop1" 3 80, 3 80 0, S_0x5577981ab500;
 .timescale 0 0;
v0x5577981ab950_0 .var/2s "i", 31 0;
    .scope S_0x55779816cc20;
T_0 ;
Ewait_0 .event/or E_0x55779815a0f0, E_0x0;
    %wait Ewait_0;
    %pushi/vec4 0, 0, 1;
    %store/vec4 v0x5577981a8370_0, 0, 1;
    %pushi/vec4 0, 0, 1;
    %store/vec4 v0x5577981a80e0_0, 0, 1;
    %pushi/vec4 0, 0, 1;
    %store/vec4 v0x5577981a8020_0, 0, 1;
    %fork t_1, S_0x5577981608f0;
    %jmp t_0;
    .scope S_0x5577981608f0;
t_1 ;
    %pushi/vec4 0, 0, 32;
    %store/vec4 v0x557798160a80_0, 0, 32;
T_0.0 ; Top of for-loop
    %load/vec4 v0x557798160a80_0;
    %cmpi/s 64, 0, 32;
	  %jmp/0xz T_0.1, 5;
    %pushi/vec4 0, 0, 1;
    %ix/getv/s 4, v0x557798160a80_0;
    %store/vec4a v0x5577981a7f60, 4, 0;
T_0.2 ; for-loop step statement
    ; show_stmt_assign_vector: Get l-value for compressed += operand
    %load/vec4 v0x557798160a80_0;
    %pushi/vec4 1, 0, 32;
    %add;
    %cast2;
    %store/vec4 v0x557798160a80_0, 0, 32;
    %jmp T_0.0;
T_0.1 ; for-loop exit label
    %end;
    .scope S_0x55779816cc20;
t_0 %join;
    %load/vec4 v0x5577981a8180_0;
    %dup/vec4;
    %pushi/vec4 1, 0, 12;
    %cmp/u;
    %jmp/1 T_0.3, 6;
    %dup/vec4;
    %pushi/vec4 2, 0, 12;
    %cmp/u;
    %jmp/1 T_0.4, 6;
    %dup/vec4;
    %pushi/vec4 3, 0, 12;
    %cmp/u;
    %jmp/1 T_0.5, 6;
    %pushi/vec4 1, 0, 1;
    %store/vec4 v0x5577981a8370_0, 0, 1;
    %jmp T_0.7;
T_0.3 ;
    %load/vec4 v0x5577981a8260_0;
    %store/vec4 v0x5577981a80e0_0, 0, 1;
    %jmp T_0.7;
T_0.4 ;
    %load/vec4 v0x5577981a8260_0;
    %store/vec4 v0x5577981a8020_0, 0, 1;
    %jmp T_0.7;
T_0.5 ;
    %load/vec4 v0x5577981a8260_0;
    %load/vec4 v0x5577981a8180_0;
    %parti/s 6, 0, 2;
    %pad/u 8;
    %ix/vec4 4;
    %store/vec4a v0x5577981a7f60, 4, 0;
    %jmp T_0.7;
T_0.7 ;
    %pop/vec4 1;
    %jmp T_0;
    .thread T_0, $push;
    .scope S_0x5577981aa0a0;
T_1 ;
    %wait E_0x55779815a130;
    %load/vec4 v0x5577981ab0c0_0;
    %flag_set/vec4 8;
    %jmp/0xz  T_1.0, 8;
    %fork t_3, S_0x5577981aa310;
    %jmp t_2;
    .scope S_0x5577981aa310;
t_3 ;
    %pushi/vec4 0, 0, 32;
    %store/vec4 v0x5577981aa510_0, 0, 32;
T_1.2 ; Top of for-loop
    %load/vec4 v0x5577981aa510_0;
    %cmpi/s 32, 0, 32;
	  %jmp/0xz T_1.3, 5;
    %pushi/vec4 0, 0, 64;
    %ix/getv/s 3, v0x5577981aa510_0;
    %ix/load 4, 0, 0; Constant delay
    %assign/vec4/a/d v0x5577981ab180, 0, 4;
T_1.4 ; for-loop step statement
    ; show_stmt_assign_vector: Get l-value for compressed += operand
    %load/vec4 v0x5577981aa510_0;
    %pushi/vec4 1, 0, 32;
    %add;
    %cast2;
    %store/vec4 v0x5577981aa510_0, 0, 32;
    %jmp T_1.2;
T_1.3 ; for-loop exit label
    %end;
    .scope S_0x5577981aa0a0;
t_2 %join;
    %jmp T_1.1;
T_1.0 ;
    %load/vec4 v0x5577981ab240_0;
    %flag_set/vec4 8;
    %jmp/0xz  T_1.5, 8;
    %load/vec4 v0x5577981aac60_0;
    %load/vec4 v0x5577981ab300_0;
    %pad/u 7;
    %ix/vec4 3;
    %ix/load 4, 0, 0; Constant delay
    %assign/vec4/a/d v0x5577981ab180, 0, 4;
T_1.5 ;
T_1.1 ;
    %jmp T_1;
    .thread T_1;
    .scope S_0x5577981a87a0;
T_2 ;
Ewait_1 .event/or E_0x5577981599f0, E_0x0;
    %wait Ewait_1;
    %pushi/vec4 0, 0, 64;
    %store/vec4 v0x5577981a8f40_0, 0, 64;
    %pushi/vec4 0, 0, 1;
    %store/vec4 v0x5577981a8e30_0, 0, 1;
    %pushi/vec4 0, 0, 1;
    %store/vec4 v0x5577981a8ad0_0, 0, 1;
    %pushi/vec4 0, 0, 1;
    %store/vec4 v0x5577981a9020_0, 0, 1;
    %load/vec4 v0x5577981a8d50_0;
    %dup/vec4;
    %pushi/vec4 0, 0, 9;
    %cmp/u;
    %jmp/1 T_2.0, 6;
    %dup/vec4;
    %pushi/vec4 1, 0, 9;
    %cmp/u;
    %jmp/1 T_2.1, 6;
    %dup/vec4;
    %pushi/vec4 2, 0, 9;
    %cmp/u;
    %jmp/1 T_2.2, 6;
    %dup/vec4;
    %pushi/vec4 3, 0, 9;
    %cmp/u;
    %jmp/1 T_2.3, 6;
    %dup/vec4;
    %pushi/vec4 4, 0, 9;
    %cmp/u;
    %jmp/1 T_2.4, 6;
    %dup/vec4;
    %pushi/vec4 5, 0, 9;
    %cmp/u;
    %jmp/1 T_2.5, 6;
    %dup/vec4;
    %pushi/vec4 6, 0, 9;
    %cmp/u;
    %jmp/1 T_2.6, 6;
    %dup/vec4;
    %pushi/vec4 7, 0, 9;
    %cmp/u;
    %jmp/1 T_2.7, 6;
    %dup/vec4;
    %pushi/vec4 8, 0, 9;
    %cmp/u;
    %jmp/1 T_2.8, 6;
    %dup/vec4;
    %pushi/vec4 9, 0, 9;
    %cmp/u;
    %jmp/1 T_2.9, 6;
    %dup/vec4;
    %pushi/vec4 10, 0, 9;
    %cmp/u;
    %jmp/1 T_2.10, 6;
    %dup/vec4;
    %pushi/vec4 11, 0, 9;
    %cmp/u;
    %jmp/1 T_2.11, 6;
    %pushi/vec4 0, 0, 64;
    %store/vec4 v0x5577981a8f40_0, 0, 64;
    %pushi/vec4 1, 0, 1;
    %store/vec4 v0x5577981a9020_0, 0, 1;
    %jmp T_2.13;
T_2.0 ;
    %jmp T_2.13;
T_2.1 ;
    %load/vec4 v0x5577981a8bb0_0;
    %pad/u 65;
    %load/vec4 v0x5577981a8c90_0;
    %pad/u 65;
    %add;
    %split/vec4 64;
    %store/vec4 v0x5577981a8f40_0, 0, 64;
    %store/vec4 v0x5577981a8e30_0, 0, 1;
    %jmp T_2.13;
T_2.2 ;
    %load/vec4 v0x5577981a8bb0_0;
    %pad/u 65;
    %load/vec4 v0x5577981a8c90_0;
    %pad/u 65;
    %sub;
    %split/vec4 64;
    %store/vec4 v0x5577981a8f40_0, 0, 64;
    %store/vec4 v0x5577981a8e30_0, 0, 1;
    %jmp T_2.13;
T_2.3 ;
    %load/vec4 v0x5577981a8bb0_0;
    %load/vec4 v0x5577981a8c90_0;
    %mul;
    %store/vec4 v0x5577981a8f40_0, 0, 64;
    %jmp T_2.13;
T_2.4 ;
    %load/vec4 v0x5577981a8c90_0;
    %cmpi/ne 0, 0, 64;
    %jmp/0xz  T_2.14, 4;
    %load/vec4 v0x5577981a8bb0_0;
    %load/vec4 v0x5577981a8c90_0;
    %div;
    %store/vec4 v0x5577981a8f40_0, 0, 64;
    %jmp T_2.15;
T_2.14 ;
    %pushi/vec4 0, 0, 64;
    %store/vec4 v0x5577981a8f40_0, 0, 64;
    %pushi/vec4 1, 0, 1;
    %store/vec4 v0x5577981a8ad0_0, 0, 1;
T_2.15 ;
    %jmp T_2.13;
T_2.5 ;
    %load/vec4 v0x5577981a8bb0_0;
    %pad/u 65;
    %load/vec4 v0x5577981a8c90_0;
    %pad/u 65;
    %and;
    %split/vec4 64;
    %store/vec4 v0x5577981a8f40_0, 0, 64;
    %store/vec4 v0x5577981a8e30_0, 0, 1;
    %jmp T_2.13;
T_2.6 ;
    %load/vec4 v0x5577981a8bb0_0;
    %pad/u 65;
    %load/vec4 v0x5577981a8c90_0;
    %pad/u 65;
    %or;
    %split/vec4 64;
    %store/vec4 v0x5577981a8f40_0, 0, 64;
    %store/vec4 v0x5577981a8e30_0, 0, 1;
    %jmp T_2.13;
T_2.7 ;
    %load/vec4 v0x5577981a8bb0_0;
    %pad/u 65;
    %load/vec4 v0x5577981a8c90_0;
    %pad/u 65;
    %xor;
    %split/vec4 64;
    %store/vec4 v0x5577981a8f40_0, 0, 64;
    %store/vec4 v0x5577981a8e30_0, 0, 1;
    %jmp T_2.13;
T_2.8 ;
    %load/vec4 v0x5577981a8c90_0;
    %pad/u 65;
    %inv;
    %split/vec4 64;
    %store/vec4 v0x5577981a8f40_0, 0, 64;
    %store/vec4 v0x5577981a8e30_0, 0, 1;
    %jmp T_2.13;
T_2.9 ;
    %load/vec4 v0x5577981a8bb0_0;
    %pad/u 65;
    %ix/getv 4, v0x5577981a8c90_0;
    %shiftl 4;
    %split/vec4 64;
    %store/vec4 v0x5577981a8f40_0, 0, 64;
    %store/vec4 v0x5577981a8e30_0, 0, 1;
    %jmp T_2.13;
T_2.10 ;
    %load/vec4 v0x5577981a8bb0_0;
    %pad/u 65;
    %ix/getv 4, v0x5577981a8c90_0;
    %shiftr 4;
    %split/vec4 64;
    %store/vec4 v0x5577981a8f40_0, 0, 64;
    %store/vec4 v0x5577981a8e30_0, 0, 1;
    %jmp T_2.13;
T_2.11 ;
    %load/vec4 v0x5577981a8bb0_0;
    %pad/s 65;
    %ix/getv 4, v0x5577981a8c90_0;
    %shiftr/s 4;
    %split/vec4 64;
    %store/vec4 v0x5577981a8f40_0, 0, 64;
    %store/vec4 v0x5577981a8e30_0, 0, 1;
    %jmp T_2.13;
T_2.13 ;
    %pop/vec4 1;
    %jmp T_2;
    .thread T_2, $push;
    .scope S_0x5577981a91c0;
T_3 ;
Ewait_2 .event/or E_0x557798159530, E_0x0;
    %wait Ewait_2;
    %load/vec4 v0x5577981a95b0_0;
    %parti/s 9, 55, 7;
    %store/vec4 v0x5577981a9690_0, 0, 9;
    %load/vec4 v0x5577981a95b0_0;
    %parti/s 5, 50, 7;
    %store/vec4 v0x5577981a9750_0, 0, 5;
    %load/vec4 v0x5577981a95b0_0;
    %parti/s 5, 45, 7;
    %store/vec4 v0x5577981a9830_0, 0, 5;
    %load/vec4 v0x5577981a95b0_0;
    %parti/s 5, 40, 7;
    %store/vec4 v0x5577981a9960_0, 0, 5;
    %load/vec4 v0x5577981a95b0_0;
    %parti/s 40, 0, 2;
    %store/vec4 v0x5577981a94b0_0, 0, 40;
    %jmp T_3;
    .thread T_3, $push;
    .scope S_0x5577981ab500;
T_4 ;
    %fork t_5, S_0x5577981ab750;
    %jmp t_4;
    .scope S_0x5577981ab750;
t_5 ;
    %pushi/vec4 0, 0, 32;
    %store/vec4 v0x5577981ab950_0, 0, 32;
T_4.0 ; Top of for-loop
    %load/vec4 v0x5577981ab950_0;
    %cmpi/s 65536, 0, 32;
	  %jmp/0xz T_4.1, 5;
    %pushi/vec4 0, 0, 64;
    %ix/getv/s 4, v0x5577981ab950_0;
    %store/vec4a v0x5577981abf00, 4, 0;
T_4.2 ; for-loop step statement
    ; show_stmt_assign_vector: Get l-value for compressed += operand
    %load/vec4 v0x5577981ab950_0;
    %pushi/vec4 1, 0, 32;
    %add;
    %cast2;
    %store/vec4 v0x5577981ab950_0, 0, 32;
    %jmp T_4.0;
T_4.1 ; for-loop exit label
    %end;
    .scope S_0x5577981ab500;
t_4 %join;
    %vpi_call/w 3 83 "$readmemh", "/home/dreamy/VN/ARCH-3/firmware/firmware.hex", v0x5577981abf00 {0 0 0};
    %end;
    .thread T_4;
    .scope S_0x5577981a9b00;
T_5 ;
    %wait E_0x55779815a6c0;
    %load/vec4 v0x5577981a9f60_0;
    %flag_set/vec4 8;
    %jmp/0xz  T_5.0, 8;
    %pushi/vec4 0, 0, 16;
    %assign/vec4 v0x5577981a9de0_0, 0;
    %jmp T_5.1;
T_5.0 ;
    %load/vec4 v0x5577981a9ec0_0;
    %flag_set/vec4 8;
    %jmp/0xz  T_5.2, 8;
    %load/vec4 v0x5577981a9de0_0;
    %addi 1, 0, 16;
    %assign/vec4 v0x5577981a9de0_0, 0;
T_5.2 ;
T_5.1 ;
    %jmp T_5;
    .thread T_5;
    .scope S_0x5577981a84f0;
T_6 ;
Ewait_3 .event/or E_0x55779815a410, E_0x0;
    %wait Ewait_3;
    %pushi/vec4 0, 0, 1;
    %store/vec4 v0x5577981ad5c0_0, 0, 1;
    %pushi/vec4 0, 0, 1;
    %store/vec4 v0x5577981ace70_0, 0, 1;
    %load/vec4 v0x5577981aca80_0;
    %dup/vec4;
    %pushi/vec4 0, 0, 9;
    %cmp/u;
    %jmp/1 T_6.0, 6;
    %dup/vec4;
    %pushi/vec4 1, 0, 9;
    %cmp/u;
    %jmp/1 T_6.1, 6;
    %dup/vec4;
    %pushi/vec4 2, 0, 9;
    %cmp/u;
    %jmp/1 T_6.2, 6;
    %dup/vec4;
    %pushi/vec4 3, 0, 9;
    %cmp/u;
    %jmp/1 T_6.3, 6;
    %dup/vec4;
    %pushi/vec4 4, 0, 9;
    %cmp/u;
    %jmp/1 T_6.4, 6;
    %dup/vec4;
    %pushi/vec4 5, 0, 9;
    %cmp/u;
    %jmp/1 T_6.5, 6;
    %dup/vec4;
    %pushi/vec4 6, 0, 9;
    %cmp/u;
    %jmp/1 T_6.6, 6;
    %dup/vec4;
    %pushi/vec4 7, 0, 9;
    %cmp/u;
    %jmp/1 T_6.7, 6;
    %dup/vec4;
    %pushi/vec4 8, 0, 9;
    %cmp/u;
    %jmp/1 T_6.8, 6;
    %dup/vec4;
    %pushi/vec4 9, 0, 9;
    %cmp/u;
    %jmp/1 T_6.9, 6;
    %dup/vec4;
    %pushi/vec4 10, 0, 9;
    %cmp/u;
    %jmp/1 T_6.10, 6;
    %dup/vec4;
    %pushi/vec4 11, 0, 9;
    %cmp/u;
    %jmp/1 T_6.11, 6;
    %dup/vec4;
    %pushi/vec4 12, 0, 9;
    %cmp/u;
    %jmp/1 T_6.12, 6;
    %pushi/vec4 0, 0, 1;
    %store/vec4 v0x5577981ad5c0_0, 0, 1;
    %pushi/vec4 0, 0, 1;
    %store/vec4 v0x5577981ace70_0, 0, 1;
    %jmp T_6.14;
T_6.0 ;
    %pushi/vec4 0, 0, 1;
    %store/vec4 v0x5577981ad5c0_0, 0, 1;
    %pushi/vec4 0, 0, 1;
    %store/vec4 v0x5577981ace70_0, 0, 1;
    %jmp T_6.14;
T_6.1 ;
    %pushi/vec4 1, 0, 1;
    %store/vec4 v0x5577981ad5c0_0, 0, 1;
    %pushi/vec4 1, 0, 1;
    %store/vec4 v0x5577981ace70_0, 0, 1;
    %jmp T_6.14;
T_6.2 ;
    %pushi/vec4 1, 0, 1;
    %store/vec4 v0x5577981ad5c0_0, 0, 1;
    %pushi/vec4 1, 0, 1;
    %store/vec4 v0x5577981ace70_0, 0, 1;
    %jmp T_6.14;
T_6.3 ;
    %pushi/vec4 1, 0, 1;
    %store/vec4 v0x5577981ad5c0_0, 0, 1;
    %pushi/vec4 1, 0, 1;
    %store/vec4 v0x5577981ace70_0, 0, 1;
    %jmp T_6.14;
T_6.4 ;
    %pushi/vec4 1, 0, 1;
    %store/vec4 v0x5577981ad5c0_0, 0, 1;
    %pushi/vec4 1, 0, 1;
    %store/vec4 v0x5577981ace70_0, 0, 1;
    %jmp T_6.14;
T_6.5 ;
    %pushi/vec4 1, 0, 1;
    %store/vec4 v0x5577981ad5c0_0, 0, 1;
    %pushi/vec4 1, 0, 1;
    %store/vec4 v0x5577981ace70_0, 0, 1;
    %jmp T_6.14;
T_6.6 ;
    %pushi/vec4 1, 0, 1;
    %store/vec4 v0x5577981ad5c0_0, 0, 1;
    %pushi/vec4 1, 0, 1;
    %store/vec4 v0x5577981ace70_0, 0, 1;
    %jmp T_6.14;
T_6.7 ;
    %pushi/vec4 1, 0, 1;
    %store/vec4 v0x5577981ad5c0_0, 0, 1;
    %pushi/vec4 1, 0, 1;
    %store/vec4 v0x5577981ace70_0, 0, 1;
    %jmp T_6.14;
T_6.8 ;
    %pushi/vec4 1, 0, 1;
    %store/vec4 v0x5577981ad5c0_0, 0, 1;
    %pushi/vec4 1, 0, 1;
    %store/vec4 v0x5577981ace70_0, 0, 1;
    %jmp T_6.14;
T_6.9 ;
    %pushi/vec4 1, 0, 1;
    %store/vec4 v0x5577981ad5c0_0, 0, 1;
    %pushi/vec4 1, 0, 1;
    %store/vec4 v0x5577981ace70_0, 0, 1;
    %jmp T_6.14;
T_6.10 ;
    %pushi/vec4 1, 0, 1;
    %store/vec4 v0x5577981ad5c0_0, 0, 1;
    %pushi/vec4 1, 0, 1;
    %store/vec4 v0x5577981ace70_0, 0, 1;
    %jmp T_6.14;
T_6.11 ;
    %pushi/vec4 1, 0, 1;
    %store/vec4 v0x5577981ad5c0_0, 0, 1;
    %pushi/vec4 1, 0, 1;
    %store/vec4 v0x5577981ace70_0, 0, 1;
    %jmp T_6.14;
T_6.12 ;
    %pushi/vec4 1, 0, 1;
    %store/vec4 v0x5577981ad5c0_0, 0, 1;
    %pushi/vec4 1, 0, 1;
    %store/vec4 v0x5577981ace70_0, 0, 1;
    %jmp T_6.14;
T_6.14 ;
    %pop/vec4 1;
    %jmp T_6;
    .thread T_6, $push;
    .scope S_0x557798160760;
T_7 ;
    %pushi/vec4 0, 0, 1;
    %store/vec4 v0x5577981ad9a0_0, 0, 1;
T_7.0 ;
    %delay 5, 0;
    %load/vec4 v0x5577981ad9a0_0;
    %inv;
    %store/vec4 v0x5577981ad9a0_0, 0, 1;
    %jmp T_7.0;
T_7.1 ;
    %end;
    .thread T_7;
    .scope S_0x557798160760;
T_8 ;
    %pushi/vec4 1, 0, 1;
    %store/vec4 v0x5577981ada70_0, 0, 1;
    %delay 10, 0;
    %pushi/vec4 0, 0, 1;
    %store/vec4 v0x5577981ada70_0, 0, 1;
    %delay 1000, 0;
    %vpi_call/w 3 239 "$finish" {0 0 0};
    %end;
    .thread T_8;
    .scope S_0x557798160760;
T_9 ;
    %vpi_call/w 3 243 "$monitor", "t=%0t | PC=%0d | op=%h | dst=%0d | src0=%0d | src1=%0d | imm=%0d | alu=%0d | rf_we=%b | pc_next=%b", $time, v0x5577981acda0_0, v0x5577981aca80_0, v0x5577981acb20_0, v0x5577981acbc0_0, v0x5577981acc60_0, v0x5577981ac940_0, v0x5577981ac760_0, v0x5577981ad5c0_0, v0x5577981ace70_0 {0 0 0};
    %end;
    .thread T_9;
# The file index is used to find the file name in the following table.
:file_names 4;
    "N/A";
    "<interactive>";
    "-";
    "ARCH-3/vn.sv";
