#! /usr/bin/vvp
:ivl_version "13.0 (stable)" "(v13_0-dirty)";
:ivl_delay_selection "TYPICAL";
:vpi_time_precision + 0;
:vpi_module "/usr/lib/ivl/system.vpi";
:vpi_module "/usr/lib/ivl/vhdl_sys.vpi";
:vpi_module "/usr/lib/ivl/vhdl_textio.vpi";
:vpi_module "/usr/lib/ivl/v2005_math.vpi";
:vpi_module "/usr/lib/ivl/va_math.vpi";
:vpi_module "/usr/lib/ivl/v2009.vpi";
S_0x55c30df96ba0 .scope package, "$unit" "$unit" 2 1;
 .timescale 0 0;
S_0x55c30df96f20 .scope module, "GLOBAL_TB" "GLOBAL_TB" 3 115;
 .timescale 0 0;
v0x55c30dfbb660_0 .var "CLK", 0 0;
v0x55c30dfbb700_0 .var "RST", 0 0;
v0x55c30dfbb7f0_0 .var "WE", 0 0;
E_0x55c30df6b350 .event posedge, v0x55c30dfb97c0_0;
S_0x55c30df92da0 .scope module, "cu" "CU" 3 120, 3 8 0, S_0x55c30df96f20;
 .timescale 0 0;
    .port_info 0 /INPUT 1 "RF_CLK";
    .port_info 1 /INPUT 1 "RF_WE";
    .port_info 2 /INPUT 1 "RF_RST";
    .port_info 3 /INPUT 1 "PC_CLK";
    .port_info 4 /INPUT 1 "PC_RST";
L_0x55c30dfbc360 .functor BUFZ 16, v0x55c30dfb6c90_0, C4<0000000000000000>, C4<0000000000000000>, C4<0000000000000000>;
L_0x55c30dfcc8c0 .functor BUFZ 64, L_0x55c30dfbc250, C4<0000000000000000000000000000000000000000000000000000000000000000>, C4<0000000000000000000000000000000000000000000000000000000000000000>, C4<0000000000000000000000000000000000000000000000000000000000000000>;
L_0x55c30dfcc980 .functor BUFZ 64, v0x55c30dfb7490_0, C4<0000000000000000000000000000000000000000000000000000000000000000>, C4<0000000000000000000000000000000000000000000000000000000000000000>, C4<0000000000000000000000000000000000000000000000000000000000000000>;
L_0x55c30dfcca40 .functor BUFZ 64, L_0x55c30df98c20, C4<0000000000000000000000000000000000000000000000000000000000000000>, C4<0000000000000000000000000000000000000000000000000000000000000000>, C4<0000000000000000000000000000000000000000000000000000000000000000>;
L_0x55c30dfccb30 .functor BUFZ 1, v0x55c30dfbb660_0, C4<0>, C4<0>, C4<0>;
L_0x55c30dfccbf0 .functor BUFZ 1, v0x55c30dfbb700_0, C4<0>, C4<0>, C4<0>;
L_0x55c30dfccde0 .functor BUFZ 1, v0x55c30dfbb660_0, C4<0>, C4<0>, C4<0>;
L_0x55c30dfccea0 .functor BUFZ 1, v0x55c30dfbb7f0_0, C4<0>, C4<0>, C4<0>;
L_0x55c30dfccfb0 .functor BUFZ 1, v0x55c30dfbb700_0, C4<0>, C4<0>, C4<0>;
L_0x55c30dfcd100 .functor BUFZ 64, v0x55c30dfb6540_0, C4<0000000000000000000000000000000000000000000000000000000000000000>, C4<0000000000000000000000000000000000000000000000000000000000000000>, C4<0000000000000000000000000000000000000000000000000000000000000000>;
L_0x55c30dfcd220 .functor BUFZ 5, v0x55c30dfb6d50_0, C4<00000>, C4<00000>, C4<00000>;
L_0x55c30dfcd290 .functor BUFZ 5, v0x55c30dfb6e30_0, C4<00000>, C4<00000>, C4<00000>;
L_0x55c30dfcd3c0 .functor BUFZ 5, v0x55c30dfb6f60_0, C4<00000>, C4<00000>, C4<00000>;
v0x55c30dfb97c0_0 .net "PC_CLK", 0 0, v0x55c30dfbb660_0;  1 drivers
v0x55c30dfb9880_0 .net "PC_RST", 0 0, v0x55c30dfbb700_0;  1 drivers
v0x55c30dfb9940_0 .net "RF_CLK", 0 0, v0x55c30dfbb660_0;  alias, 1 drivers
v0x55c30dfb99e0_0 .net "RF_RST", 0 0, v0x55c30dfbb700_0;  alias, 1 drivers
v0x55c30dfb9a80_0 .net "RF_WE", 0 0, v0x55c30dfbb7f0_0;  1 drivers
L_0x7efce67860f0 .functor BUFT 1, C4<0000000000001100>, C4<0>, C4<0>, C4<0>;
v0x55c30dfb9b70_0 .net/2u *"_ivl_2", 15 0, L_0x7efce67860f0;  1 drivers
L_0x7efce6786138 .functor BUFT 1, C4<0000000000000000000000000000000>, C4<0>, C4<0>, C4<0>;
v0x55c30dfb9c10_0 .net/2u *"_ivl_6", 30 0, L_0x7efce6786138;  1 drivers
v0x55c30dfb9cf0_0 .net *"_ivl_8", 63 0, L_0x55c30dfcc5f0;  1 drivers
v0x55c30dfb9dd0_0 .net "alu_div_by_zero_exception", 0 0, v0x55c30df98d70_0;  1 drivers
v0x55c30dfb9e70_0 .net "alu_num0", 63 0, L_0x55c30dfcc730;  1 drivers
v0x55c30dfb9f10_0 .net "alu_num1", 63 0, L_0x55c30dfcc8c0;  1 drivers
v0x55c30dfb9fb0_0 .net "alu_opcode", 15 0, L_0x55c30dfbc360;  1 drivers
v0x55c30dfba050_0 .net "alu_overflow_flag", 0 0, v0x55c30dfb6430_0;  1 drivers
v0x55c30dfba0f0_0 .net "alu_sum", 63 0, v0x55c30dfb6540_0;  1 drivers
v0x55c30dfba190_0 .net "alu_unknown_opcode_exception", 0 0, v0x55c30dfb6620_0;  1 drivers
v0x55c30dfba230_0 .net "dcd_immediate", 32 0, v0x55c30dfb6ab0_0;  1 drivers
v0x55c30dfba2d0_0 .net "dcd_instruction", 63 0, L_0x55c30dfcca40;  1 drivers
v0x55c30dfba370_0 .net "dcd_opcode", 15 0, v0x55c30dfb6c90_0;  1 drivers
v0x55c30dfba410_0 .net "dcd_reg0", 4 0, v0x55c30dfb6d50_0;  1 drivers
v0x55c30dfba4e0_0 .net "dcd_reg1", 4 0, v0x55c30dfb6e30_0;  1 drivers
v0x55c30dfba5b0_0 .net "dcd_reg_destination", 4 0, v0x55c30dfb6f60_0;  1 drivers
v0x55c30dfba680_0 .net "is_immediate", 0 0, L_0x55c30dfcc480;  1 drivers
v0x55c30dfba720_0 .net "pc_clk", 0 0, L_0x55c30dfccb30;  1 drivers
v0x55c30dfba7f0_0 .net "pc_count", 63 0, v0x55c30dfb7490_0;  1 drivers
L_0x7efce6786180 .functor BUFT 1, C4<0000000000000000000000000000000000000000000000000000000000000000>, C4<0>, C4<0>, C4<0>;
v0x55c30dfba8c0_0 .net "pc_next_count", 63 0, L_0x7efce6786180;  1 drivers
L_0x7efce67861c8 .functor BUFT 1, C4<0>, C4<0>, C4<0>, C4<0>;
v0x55c30dfba990_0 .net "pc_next_count_flag", 0 0, L_0x7efce67861c8;  1 drivers
v0x55c30dfbaa60_0 .net "pc_rst", 0 0, L_0x55c30dfccbf0;  1 drivers
v0x55c30dfbab30_0 .net "rf_clk", 0 0, L_0x55c30dfccde0;  1 drivers
v0x55c30dfbac00_0 .net "rf_data_input", 63 0, L_0x55c30dfcd100;  1 drivers
v0x55c30dfbacd0_0 .net "rf_data_out0", 63 0, L_0x55c30dfbbee0;  1 drivers
v0x55c30dfbada0_0 .net "rf_data_out1", 63 0, L_0x55c30dfbc250;  1 drivers
v0x55c30dfbae70_0 .net "rf_rd_addr0", 4 0, L_0x55c30dfcd220;  1 drivers
v0x55c30dfbaf40_0 .net "rf_rd_addr1", 4 0, L_0x55c30dfcd290;  1 drivers
v0x55c30dfbb220_0 .net "rf_rst", 0 0, L_0x55c30dfccfb0;  1 drivers
v0x55c30dfbb2f0_0 .net "rf_we", 0 0, L_0x55c30dfccea0;  1 drivers
v0x55c30dfbb3c0_0 .net "rf_wr_addr", 4 0, L_0x55c30dfcd3c0;  1 drivers
v0x55c30dfbb490_0 .net "rom_addr", 63 0, L_0x55c30dfcc980;  1 drivers
v0x55c30dfbb560_0 .net "rom_instruction", 63 0, L_0x55c30df98c20;  1 drivers
L_0x55c30dfcc480 .cmp/eq 16, v0x55c30dfb6c90_0, L_0x7efce67860f0;
L_0x55c30dfcc5f0 .concat [ 33 31 0 0], v0x55c30dfb6ab0_0, L_0x7efce6786138;
L_0x55c30dfcc730 .functor MUXZ 64, L_0x55c30dfbbee0, L_0x55c30dfcc5f0, L_0x55c30dfcc480, C4<>;
S_0x55c30df818b0 .scope module, "alu" "ALU" 3 50, 4 2 0, S_0x55c30df92da0;
 .timescale 0 0;
    .port_info 0 /INPUT 16 "OPCODE";
    .port_info 1 /INPUT 64 "NUM0";
    .port_info 2 /INPUT 64 "NUM1";
    .port_info 3 /OUTPUT 64 "SUM";
    .port_info 4 /OUTPUT 1 "OVERFLOW_FLAG";
    .port_info 5 /OUTPUT 1 "DIV_BY_ZERO_EXCEPTION";
    .port_info 6 /OUTPUT 1 "UNKNOWN_OPCODE_EXCEPTION";
v0x55c30df98d70_0 .var "DIV_BY_ZERO_EXCEPTION", 0 0;
v0x55c30dfb61b0_0 .net "NUM0", 63 0, L_0x55c30dfcc730;  alias, 1 drivers
v0x55c30dfb6290_0 .net "NUM1", 63 0, L_0x55c30dfcc8c0;  alias, 1 drivers
v0x55c30dfb6350_0 .net "OPCODE", 15 0, L_0x55c30dfbc360;  alias, 1 drivers
v0x55c30dfb6430_0 .var "OVERFLOW_FLAG", 0 0;
v0x55c30dfb6540_0 .var "SUM", 63 0;
v0x55c30dfb6620_0 .var "UNKNOWN_OPCODE_EXCEPTION", 0 0;
E_0x55c30df6b8f0 .event anyedge, v0x55c30dfb6350_0, v0x55c30dfb61b0_0, v0x55c30dfb6290_0;
S_0x55c30dfb67c0 .scope module, "dcd" "DCD" 3 59, 5 2 0, S_0x55c30df92da0;
 .timescale 0 0;
    .port_info 0 /INPUT 64 "INSTRUCTION";
    .port_info 1 /OUTPUT 16 "OPCODE";
    .port_info 2 /OUTPUT 5 "REG_DESTINATION";
    .port_info 3 /OUTPUT 5 "REG0";
    .port_info 4 /OUTPUT 5 "REG1";
    .port_info 5 /OUTPUT 33 "IMMEDIATE";
v0x55c30dfb6ab0_0 .var "IMMEDIATE", 32 0;
v0x55c30dfb6bb0_0 .net "INSTRUCTION", 63 0, L_0x55c30dfcca40;  alias, 1 drivers
v0x55c30dfb6c90_0 .var "OPCODE", 15 0;
v0x55c30dfb6d50_0 .var "REG0", 4 0;
v0x55c30dfb6e30_0 .var "REG1", 4 0;
v0x55c30dfb6f60_0 .var "REG_DESTINATION", 4 0;
E_0x55c30df32100 .event anyedge, v0x55c30dfb6bb0_0;
S_0x55c30dfb7100 .scope module, "pc" "PC" 3 71, 6 2 0, S_0x55c30df92da0;
 .timescale 0 0;
    .port_info 0 /INPUT 1 "CLK";
    .port_info 1 /INPUT 1 "RST";
    .port_info 2 /INPUT 64 "NEXT_COUNT";
    .port_info 3 /INPUT 1 "NEXT_COUNT_FLAG";
    .port_info 4 /OUTPUT 64 "COUNT";
v0x55c30dfb73b0_0 .net "CLK", 0 0, L_0x55c30dfccb30;  alias, 1 drivers
v0x55c30dfb7490_0 .var "COUNT", 63 0;
v0x55c30dfb7570_0 .net "NEXT_COUNT", 63 0, L_0x7efce6786180;  alias, 1 drivers
v0x55c30dfb7630_0 .net "NEXT_COUNT_FLAG", 0 0, L_0x7efce67861c8;  alias, 1 drivers
v0x55c30dfb76f0_0 .net "RST", 0 0, L_0x55c30dfccbf0;  alias, 1 drivers
E_0x55c30df6b030 .event posedge, v0x55c30dfb73b0_0;
S_0x55c30dfb78a0 .scope module, "rf" "RF" 3 78, 7 2 0, S_0x55c30df92da0;
 .timescale 0 0;
    .port_info 0 /INPUT 1 "CLK";
    .port_info 1 /INPUT 1 "WE";
    .port_info 2 /INPUT 1 "RST";
    .port_info 3 /INPUT 5 "RD_ADDR0";
    .port_info 4 /INPUT 5 "RD_ADDR1";
    .port_info 5 /INPUT 5 "WR_ADDR";
    .port_info 6 /INPUT 64 "DATA_INPUT";
    .port_info 7 /OUTPUT 64 "DATA_OUT0";
    .port_info 8 /OUTPUT 64 "DATA_OUT1";
L_0x55c30dfbbee0 .functor BUFZ 64, L_0x55c30dfbbcb0, C4<0000000000000000000000000000000000000000000000000000000000000000>, C4<0000000000000000000000000000000000000000000000000000000000000000>, C4<0000000000000000000000000000000000000000000000000000000000000000>;
L_0x55c30dfbc250 .functor BUFZ 64, L_0x55c30dfbbff0, C4<0000000000000000000000000000000000000000000000000000000000000000>, C4<0000000000000000000000000000000000000000000000000000000000000000>, C4<0000000000000000000000000000000000000000000000000000000000000000>;
v0x55c30dfb7e10_0 .net "CLK", 0 0, L_0x55c30dfccde0;  alias, 1 drivers
v0x55c30dfb7ef0_0 .net "DATA_INPUT", 63 0, L_0x55c30dfcd100;  alias, 1 drivers
v0x55c30dfb7fd0_0 .net "DATA_OUT0", 63 0, L_0x55c30dfbbee0;  alias, 1 drivers
v0x55c30dfb8090_0 .net "DATA_OUT1", 63 0, L_0x55c30dfbc250;  alias, 1 drivers
v0x55c30dfb8170_0 .net "RD_ADDR0", 4 0, L_0x55c30dfcd220;  alias, 1 drivers
v0x55c30dfb82a0_0 .net "RD_ADDR1", 4 0, L_0x55c30dfcd290;  alias, 1 drivers
v0x55c30dfb8380_0 .net "RST", 0 0, L_0x55c30dfccfb0;  alias, 1 drivers
v0x55c30dfb8440_0 .net "WE", 0 0, L_0x55c30dfccea0;  alias, 1 drivers
v0x55c30dfb8500_0 .net "WR_ADDR", 4 0, L_0x55c30dfcd3c0;  alias, 1 drivers
v0x55c30dfb85e0_0 .net *"_ivl_0", 63 0, L_0x55c30dfbbcb0;  1 drivers
v0x55c30dfb86c0_0 .net *"_ivl_10", 6 0, L_0x55c30dfbc090;  1 drivers
L_0x7efce67860a8 .functor BUFT 1, C4<00>, C4<0>, C4<0>, C4<0>;
v0x55c30dfb87a0_0 .net *"_ivl_13", 1 0, L_0x7efce67860a8;  1 drivers
v0x55c30dfb8880_0 .net *"_ivl_2", 6 0, L_0x55c30dfbbd50;  1 drivers
L_0x7efce6786060 .functor BUFT 1, C4<00>, C4<0>, C4<0>, C4<0>;
v0x55c30dfb8960_0 .net *"_ivl_5", 1 0, L_0x7efce6786060;  1 drivers
v0x55c30dfb8a40_0 .net *"_ivl_8", 63 0, L_0x55c30dfbbff0;  1 drivers
v0x55c30dfb8b20 .array "rx", 31 0, 63 0;
E_0x55c30df31c40 .event posedge, v0x55c30dfb7e10_0;
L_0x55c30dfbbcb0 .array/port v0x55c30dfb8b20, L_0x55c30dfbbd50;
L_0x55c30dfbbd50 .concat [ 5 2 0 0], L_0x55c30dfcd220, L_0x7efce6786060;
L_0x55c30dfbbff0 .array/port v0x55c30dfb8b20, L_0x55c30dfbc090;
L_0x55c30dfbc090 .concat [ 5 2 0 0], L_0x55c30dfcd290, L_0x7efce67860a8;
S_0x55c30dfb7b10 .scope begin, "$ivl_for_loop0" "$ivl_for_loop0" 7 19, 7 19 0, S_0x55c30dfb78a0;
 .timescale 0 0;
v0x55c30dfb7d10_0 .var/2s "i", 31 0;
S_0x55c30dfb8d00 .scope module, "rom" "ROM" 3 67, 8 2 0, S_0x55c30df92da0;
 .timescale 0 0;
    .port_info 0 /INPUT 64 "ADDR";
    .port_info 1 /OUTPUT 64 "INSTRUCTION";
P_0x55c30dfb8ee0 .param/l "rom_maxsize" 1 8 6, +C4<00000000000000010000000000000000>;
P_0x55c30dfb8f20 .param/l "rom_maxsize_bits" 1 8 7, +C4<00000000000000000000000000010000>;
L_0x55c30df98c20 .functor BUFZ 64, L_0x55c30dfbb890, C4<0000000000000000000000000000000000000000000000000000000000000000>, C4<0000000000000000000000000000000000000000000000000000000000000000>, C4<0000000000000000000000000000000000000000000000000000000000000000>;
v0x55c30dfb9110_0 .net "ADDR", 63 0, L_0x55c30dfcc980;  alias, 1 drivers
v0x55c30dfb9210_0 .net "INSTRUCTION", 63 0, L_0x55c30df98c20;  alias, 1 drivers
v0x55c30dfb92f0_0 .net *"_ivl_0", 63 0, L_0x55c30dfbb890;  1 drivers
v0x55c30dfb93b0_0 .net *"_ivl_3", 15 0, L_0x55c30dfbb960;  1 drivers
v0x55c30dfb9490_0 .net *"_ivl_4", 17 0, L_0x55c30dfbba80;  1 drivers
L_0x7efce6786018 .functor BUFT 1, C4<00>, C4<0>, C4<0>, C4<0>;
v0x55c30dfb95c0_0 .net *"_ivl_7", 1 0, L_0x7efce6786018;  1 drivers
v0x55c30dfb96a0 .array "rom", 65535 0, 63 0;
L_0x55c30dfbb890 .array/port v0x55c30dfb96a0, L_0x55c30dfbba80;
L_0x55c30dfbb960 .part L_0x55c30dfcc980, 0, 16;
L_0x55c30dfbba80 .concat [ 16 2 0 0], L_0x55c30dfbb960, L_0x7efce6786018;
    .scope S_0x55c30df818b0;
T_0 ;
Ewait_0 .event/or E_0x55c30df6b8f0, E_0x0;
    %wait Ewait_0;
    %pushi/vec4 0, 0, 64;
    %store/vec4 v0x55c30dfb6540_0, 0, 64;
    %pushi/vec4 0, 0, 1;
    %store/vec4 v0x55c30dfb6430_0, 0, 1;
    %pushi/vec4 0, 0, 1;
    %store/vec4 v0x55c30df98d70_0, 0, 1;
    %pushi/vec4 0, 0, 1;
    %store/vec4 v0x55c30dfb6620_0, 0, 1;
    %load/vec4 v0x55c30dfb6350_0;
    %dup/vec4;
    %pushi/vec4 0, 0, 16;
    %cmp/u;
    %jmp/1 T_0.0, 6;
    %dup/vec4;
    %pushi/vec4 1, 0, 16;
    %cmp/u;
    %jmp/1 T_0.1, 6;
    %dup/vec4;
    %pushi/vec4 2, 0, 16;
    %cmp/u;
    %jmp/1 T_0.2, 6;
    %dup/vec4;
    %pushi/vec4 3, 0, 16;
    %cmp/u;
    %jmp/1 T_0.3, 6;
    %dup/vec4;
    %pushi/vec4 4, 0, 16;
    %cmp/u;
    %jmp/1 T_0.4, 6;
    %dup/vec4;
    %pushi/vec4 5, 0, 16;
    %cmp/u;
    %jmp/1 T_0.5, 6;
    %dup/vec4;
    %pushi/vec4 6, 0, 16;
    %cmp/u;
    %jmp/1 T_0.6, 6;
    %dup/vec4;
    %pushi/vec4 7, 0, 16;
    %cmp/u;
    %jmp/1 T_0.7, 6;
    %dup/vec4;
    %pushi/vec4 8, 0, 16;
    %cmp/u;
    %jmp/1 T_0.8, 6;
    %dup/vec4;
    %pushi/vec4 9, 0, 16;
    %cmp/u;
    %jmp/1 T_0.9, 6;
    %dup/vec4;
    %pushi/vec4 10, 0, 16;
    %cmp/u;
    %jmp/1 T_0.10, 6;
    %dup/vec4;
    %pushi/vec4 11, 0, 16;
    %cmp/u;
    %jmp/1 T_0.11, 6;
    %dup/vec4;
    %pushi/vec4 12, 0, 16;
    %cmp/u;
    %jmp/1 T_0.12, 6;
    %pushi/vec4 0, 0, 64;
    %store/vec4 v0x55c30dfb6540_0, 0, 64;
    %pushi/vec4 1, 0, 1;
    %store/vec4 v0x55c30dfb6620_0, 0, 1;
    %jmp T_0.14;
T_0.0 ;
    %jmp T_0.14;
T_0.1 ;
    %load/vec4 v0x55c30dfb61b0_0;
    %pad/u 65;
    %load/vec4 v0x55c30dfb6290_0;
    %pad/u 65;
    %add;
    %split/vec4 64;
    %store/vec4 v0x55c30dfb6540_0, 0, 64;
    %store/vec4 v0x55c30dfb6430_0, 0, 1;
    %jmp T_0.14;
T_0.2 ;
    %load/vec4 v0x55c30dfb61b0_0;
    %pad/u 65;
    %load/vec4 v0x55c30dfb6290_0;
    %pad/u 65;
    %sub;
    %split/vec4 64;
    %store/vec4 v0x55c30dfb6540_0, 0, 64;
    %store/vec4 v0x55c30dfb6430_0, 0, 1;
    %jmp T_0.14;
T_0.3 ;
    %load/vec4 v0x55c30dfb61b0_0;
    %pad/u 65;
    %load/vec4 v0x55c30dfb6290_0;
    %pad/u 65;
    %mul;
    %split/vec4 64;
    %store/vec4 v0x55c30dfb6540_0, 0, 64;
    %store/vec4 v0x55c30dfb6430_0, 0, 1;
    %jmp T_0.14;
T_0.4 ;
    %load/vec4 v0x55c30dfb6290_0;
    %cmpi/ne 0, 0, 64;
    %jmp/0xz  T_0.15, 4;
    %load/vec4 v0x55c30dfb61b0_0;
    %pad/u 65;
    %load/vec4 v0x55c30dfb6290_0;
    %pad/u 65;
    %div;
    %split/vec4 64;
    %store/vec4 v0x55c30dfb6540_0, 0, 64;
    %store/vec4 v0x55c30dfb6430_0, 0, 1;
    %jmp T_0.16;
T_0.15 ;
    %pushi/vec4 0, 0, 64;
    %store/vec4 v0x55c30dfb6540_0, 0, 64;
    %pushi/vec4 1, 0, 1;
    %store/vec4 v0x55c30df98d70_0, 0, 1;
T_0.16 ;
    %jmp T_0.14;
T_0.5 ;
    %load/vec4 v0x55c30dfb61b0_0;
    %pad/u 65;
    %load/vec4 v0x55c30dfb6290_0;
    %pad/u 65;
    %and;
    %split/vec4 64;
    %store/vec4 v0x55c30dfb6540_0, 0, 64;
    %store/vec4 v0x55c30dfb6430_0, 0, 1;
    %jmp T_0.14;
T_0.6 ;
    %load/vec4 v0x55c30dfb61b0_0;
    %pad/u 65;
    %load/vec4 v0x55c30dfb6290_0;
    %pad/u 65;
    %or;
    %split/vec4 64;
    %store/vec4 v0x55c30dfb6540_0, 0, 64;
    %store/vec4 v0x55c30dfb6430_0, 0, 1;
    %jmp T_0.14;
T_0.7 ;
    %load/vec4 v0x55c30dfb61b0_0;
    %pad/u 65;
    %load/vec4 v0x55c30dfb6290_0;
    %pad/u 65;
    %xor;
    %split/vec4 64;
    %store/vec4 v0x55c30dfb6540_0, 0, 64;
    %store/vec4 v0x55c30dfb6430_0, 0, 1;
    %jmp T_0.14;
T_0.8 ;
    %load/vec4 v0x55c30dfb61b0_0;
    %pad/u 65;
    %inv;
    %split/vec4 64;
    %store/vec4 v0x55c30dfb6540_0, 0, 64;
    %store/vec4 v0x55c30dfb6430_0, 0, 1;
    %jmp T_0.14;
T_0.9 ;
    %load/vec4 v0x55c30dfb61b0_0;
    %pad/u 65;
    %ix/getv 4, v0x55c30dfb6290_0;
    %shiftl 4;
    %split/vec4 64;
    %store/vec4 v0x55c30dfb6540_0, 0, 64;
    %store/vec4 v0x55c30dfb6430_0, 0, 1;
    %jmp T_0.14;
T_0.10 ;
    %load/vec4 v0x55c30dfb61b0_0;
    %pad/u 65;
    %ix/getv 4, v0x55c30dfb6290_0;
    %shiftr 4;
    %split/vec4 64;
    %store/vec4 v0x55c30dfb6540_0, 0, 64;
    %store/vec4 v0x55c30dfb6430_0, 0, 1;
    %jmp T_0.14;
T_0.11 ;
    %load/vec4 v0x55c30dfb61b0_0;
    %pad/s 65;
    %ix/getv 4, v0x55c30dfb6290_0;
    %shiftr/s 4;
    %split/vec4 64;
    %store/vec4 v0x55c30dfb6540_0, 0, 64;
    %store/vec4 v0x55c30dfb6430_0, 0, 1;
    %jmp T_0.14;
T_0.12 ;
    %load/vec4 v0x55c30dfb61b0_0;
    %store/vec4 v0x55c30dfb6540_0, 0, 64;
    %jmp T_0.14;
T_0.14 ;
    %pop/vec4 1;
    %jmp T_0;
    .thread T_0, $push;
    .scope S_0x55c30dfb67c0;
T_1 ;
Ewait_1 .event/or E_0x55c30df32100, E_0x0;
    %wait Ewait_1;
    %load/vec4 v0x55c30dfb6bb0_0;
    %parti/s 16, 48, 7;
    %store/vec4 v0x55c30dfb6c90_0, 0, 16;
    %load/vec4 v0x55c30dfb6bb0_0;
    %parti/s 5, 43, 7;
    %store/vec4 v0x55c30dfb6f60_0, 0, 5;
    %load/vec4 v0x55c30dfb6bb0_0;
    %parti/s 5, 38, 7;
    %store/vec4 v0x55c30dfb6d50_0, 0, 5;
    %load/vec4 v0x55c30dfb6bb0_0;
    %parti/s 5, 33, 7;
    %store/vec4 v0x55c30dfb6e30_0, 0, 5;
    %load/vec4 v0x55c30dfb6bb0_0;
    %parti/s 33, 0, 2;
    %store/vec4 v0x55c30dfb6ab0_0, 0, 33;
    %jmp T_1;
    .thread T_1, $push;
    .scope S_0x55c30dfb8d00;
T_2 ;
    %vpi_call/w 8 11 "$readmemh", "rom.hex", v0x55c30dfb96a0 {0 0 0};
    %end;
    .thread T_2;
    .scope S_0x55c30dfb7100;
T_3 ;
    %wait E_0x55c30df6b030;
    %load/vec4 v0x55c30dfb76f0_0;
    %flag_set/vec4 8;
    %jmp/0xz  T_3.0, 8;
    %pushi/vec4 0, 0, 64;
    %assign/vec4 v0x55c30dfb7490_0, 0;
    %jmp T_3.1;
T_3.0 ;
    %load/vec4 v0x55c30dfb7630_0;
    %flag_set/vec4 8;
    %jmp/0xz  T_3.2, 8;
    %load/vec4 v0x55c30dfb7570_0;
    %assign/vec4 v0x55c30dfb7490_0, 0;
    %jmp T_3.3;
T_3.2 ;
    %load/vec4 v0x55c30dfb7490_0;
    %addi 1, 0, 64;
    %assign/vec4 v0x55c30dfb7490_0, 0;
T_3.3 ;
T_3.1 ;
    %jmp T_3;
    .thread T_3;
    .scope S_0x55c30dfb78a0;
T_4 ;
    %wait E_0x55c30df31c40;
    %load/vec4 v0x55c30dfb8380_0;
    %flag_set/vec4 8;
    %jmp/0xz  T_4.0, 8;
    %fork t_1, S_0x55c30dfb7b10;
    %jmp t_0;
    .scope S_0x55c30dfb7b10;
t_1 ;
    %pushi/vec4 0, 0, 32;
    %store/vec4 v0x55c30dfb7d10_0, 0, 32;
T_4.2 ; Top of for-loop
    %load/vec4 v0x55c30dfb7d10_0;
    %cmpi/s 32, 0, 32;
	  %jmp/0xz T_4.3, 5;
    %pushi/vec4 0, 0, 64;
    %ix/getv/s 3, v0x55c30dfb7d10_0;
    %ix/load 4, 0, 0; Constant delay
    %assign/vec4/a/d v0x55c30dfb8b20, 0, 4;
T_4.4 ; for-loop step statement
    ; show_stmt_assign_vector: Get l-value for compressed += operand
    %load/vec4 v0x55c30dfb7d10_0;
    %pushi/vec4 1, 0, 32;
    %add;
    %cast2;
    %store/vec4 v0x55c30dfb7d10_0, 0, 32;
    %jmp T_4.2;
T_4.3 ; for-loop exit label
    %end;
    .scope S_0x55c30dfb78a0;
t_0 %join;
    %jmp T_4.1;
T_4.0 ;
    %load/vec4 v0x55c30dfb8440_0;
    %flag_set/vec4 8;
    %jmp/0xz  T_4.5, 8;
    %load/vec4 v0x55c30dfb7ef0_0;
    %load/vec4 v0x55c30dfb8500_0;
    %pad/u 7;
    %ix/vec4 3;
    %ix/load 4, 0, 0; Constant delay
    %assign/vec4/a/d v0x55c30dfb8b20, 0, 4;
T_4.5 ;
T_4.1 ;
    %jmp T_4;
    .thread T_4;
    .scope S_0x55c30df96f20;
T_5 ;
    %delay 5, 0;
    %load/vec4 v0x55c30dfbb660_0;
    %inv;
    %store/vec4 v0x55c30dfbb660_0, 0, 1;
    %jmp T_5;
    .thread T_5;
    .scope S_0x55c30df96f20;
T_6 ;
    %vpi_call/w 3 131 "$display", "=== VN CPU GLOBAL TESTBENCH ===" {0 0 0};
    %vpi_call/w 3 132 "$display", "\000" {0 0 0};
    %pushi/vec4 0, 0, 1;
    %store/vec4 v0x55c30dfbb660_0, 0, 1;
    %pushi/vec4 1, 0, 1;
    %store/vec4 v0x55c30dfbb700_0, 0, 1;
    %pushi/vec4 1, 0, 1;
    %store/vec4 v0x55c30dfbb7f0_0, 0, 1;
    %delay 10, 0;
    %pushi/vec4 0, 0, 1;
    %store/vec4 v0x55c30dfbb700_0, 0, 1;
    %vpi_call/w 3 140 "$display", "[RST] CPU started!" {0 0 0};
    %vpi_call/w 3 141 "$display", "\000" {0 0 0};
    %pushi/vec4 10, 0, 32;
T_6.0 %dup/vec4;
    %cmpi/s 0, 0, 32;
    %jmp/1xz T_6.1, 5;
    %jmp/1 T_6.1, 4;
    %subi 1, 0, 32;
    %wait E_0x55c30df6b350;
    %jmp T_6.0;
T_6.1 ;
    %pop/vec4 1;
    %vpi_call/w 3 145 "$display", "\000" {0 0 0};
    %vpi_call/w 3 146 "$display", "=== Simulation finished ===" {0 0 0};
    %vpi_call/w 3 147 "$finish" {0 0 0};
    %end;
    .thread T_6;
    .scope S_0x55c30df96f20;
T_7 ;
    %wait E_0x55c30df6b350;
    %vpi_call/w 3 151 "$display", "[PC=%0d] op=0x%04X rs0=r%0d rs1=r%0d rd=r%0d rf_out0=%0d rf_out1=%0d alu=%0d rf_in=%0d", v0x55c30dfba7f0_0, v0x55c30dfba370_0, v0x55c30dfba410_0, v0x55c30dfba4e0_0, v0x55c30dfba5b0_0, v0x55c30dfbacd0_0, v0x55c30dfbada0_0, v0x55c30dfba0f0_0, v0x55c30dfbac00_0 {0 0 0};
    %jmp T_7;
    .thread T_7;
# The file index is used to find the file name in the following table.
:file_names 9;
    "N/A";
    "<interactive>";
    "-";
    "CU.sv";
    "./ALU.sv";
    "./DCD.sv";
    "./PC.sv";
    "./RF.sv";
    "./ROM.sv";
